******************************************************************************
                  TI ARM Linker PC v16.9.6                     
******************************************************************************
>> Linked Thu Oct 19 12:09:09 2023

OUTPUT FILE NAME:   <Lab5_UARTComms.out>
ENTRY POINT SYMBOL: "_c_int00"  address: 000058b5


MEMORY CONFIGURATION

         name            origin    length      used     unused   attr    fill
----------------------  --------  ---------  --------  --------  ----  --------
  MAIN                  00000000   00040000  00005f38  0003a0c8  R  X
  INFO                  00200000   00004000  00000000  00004000  R  X
  SRAM_CODE             01000000   00010000  00003d97  0000c269  RW X
  SRAM_DATA             20000000   00010000  00003d97  0000c269  RW  


SEGMENT ALLOCATION MAP

run origin  load origin   length   init length attrs members
----------  ----------- ---------- ----------- ----- -------
00000000    00000000    00005f38   00005f38    r-x
  00000000    00000000    000000e4   000000e4    r-- .intvecs
  000000e4    000000e4    00005c74   00005c74    r-x .text
  00005d58    00005d58    00000128   00000128    r-- .const
  00005e80    00005e80    000000b8   000000b8    r-- .cinit
20000000    20000000    00003b9c   00000000    rw-
  20000000    20000000    00003553   00000000    rw- .bss
  20003558    20003558    00000400   00000000    rw- .sysmem
  20003958    20003958    00000244   00000000    rw- .data
2000fe00    2000fe00    00000200   00000000    rw-
  2000fe00    2000fe00    00000200   00000000    rw- .stack


SECTION ALLOCATION MAP

 output                                  attributes/
section   page    origin      length       input sections
--------  ----  ----------  ----------   ----------------
.intvecs   0    00000000    000000e4     
                  00000000    000000e4     startup_msp432p401r_ccs.obj (.intvecs:retain)

.binit     0    00000000    00000000     

.text      0    000000e4    00005c74     
                  000000e4    0000113e     rtsv7M4_T_le_v4SPD16_eabi.lib : _printfi.obj (.text)
                  00001222    00000002                                   : mpu_init.obj (.text)
                  00001224    00000f34     Lab5_UARTmain.obj (.text)
                  00002158    000006bc     UART0.obj (.text)
                  00002814    000005ba     EUSCIA0.obj (.text)
                  00002dce    00000002     rtsv7M4_T_le_v4SPD16_eabi.lib : startup.obj (.text)
                  00002dd0    000003d0                                   : memory.obj (.text)
                  000031a0    0000032c     system_msp432p401r.obj (.text)
                  000034cc    00000248     LPF.obj (.text)
                  00003714    00000210     FIFO0.obj (.text)
                  00003924    000001f4     rtsv7M4_T_le_v4SPD16_eabi.lib : ull_div_t2.obj (.text)
                  00003b18    000001e0     Clock.obj (.text)
                  00003cf8    000001e0     Reflectance.obj (.text)
                  00003ed8    000001c4     rtsv7M4_T_le_v4SPD16_eabi.lib : fopen.obj (.text)
                  0000409c    000001b6                                   : fd_add_t2.obj (.text)
                  00004252    00000002     --HOLE-- [fill = 0]
                  00004254    000001b0     Motor.obj (.text)
                  00004404    00000164     ADC14.obj (.text)
                  00004568    00000136     rtsv7M4_T_le_v4SPD16_eabi.lib : fd_div_t2.obj (.text)
                  0000469e    00000002     --HOLE-- [fill = 0]
                  000046a0    00000104     TA3InputCapture.obj (.text)
                  000047a4    000000fc     rtsv7M4_T_le_v4SPD16_eabi.lib : fd_mul_t2.obj (.text)
                  000048a0    000000fc                                   : s_scalbn.obj (.text)
                  0000499c    000000f4     LaunchPad.obj (.text)
                  00004a90    000000f0     BumpInt.obj (.text)
                  00004b80    000000ec     PWM.obj (.text)
                  00004c6c    000000dc     rtsv7M4_T_le_v4SPD16_eabi.lib : setvbuf.obj (.text)
                  00004d48    000000c8                                   : fflush.obj (.text)
                  00004e10    000000bc                                   : open.obj (.text)
                  00004ecc    000000b8                                   : add_device.obj (.text)
                  00004f84    000000a8     TimerA1.obj (.text)
                  0000502c    0000009c     rtsv7M4_T_le_v4SPD16_eabi.lib : memcpy_t2.obj (.text)
                  000050c8    00000098                                   : fclose.obj (.text)
                  00005160    00000094                                   : snprintf.obj (.text)
                  000051f4    00000088     IRDistance.obj (.text)
                  0000527c    00000086     rtsv7M4_T_le_v4SPD16_eabi.lib : fd_cmp_t2.obj (.text:__aeabi_cdcmple)
                  00005302    00000086                                   : fd_cmp_t2.obj (.text:__aeabi_cdrcmple)
                  00005388    0000007a                                   : memset_t2.obj (.text)
                  00005402    00000002     --HOLE-- [fill = 0]
                  00005404    00000070                                   : autoinit.obj (.text)
                  00005474    00000070                                   : getdevice.obj (.text)
                  000054e4    00000068                                   : copy_decompress_lzss.obj (.text:decompress:lzss)
                  0000554c    00000068                                   : hostlseek.obj (.text)
                  000055b4    00000068                                   : hostrename.obj (.text)
                  0000561c    00000068                                   : trgmsg.obj (.text)
                  00005684    00000064                                   : s_frexp.obj (.text)
                  000056e8    00000060                                   : hostopen.obj (.text)
                  00005748    00000060                                   : sprintf.obj (.text)
                  000057a8    0000005c                                   : close.obj (.text)
                  00005804    00000058                                   : hostread.obj (.text)
                  0000585c    00000058                                   : hostwrite.obj (.text)
                  000058b4    00000054                                   : boot.obj (.text)
                  00005908    00000054                                   : exit.obj (.text)
                  0000595c    00000054                                   : ltoa.obj (.text)
                  000059b0    0000004c                                   : atoi.obj (.text)
                  000059fc    0000004c                                   : cpy_tbl.obj (.text)
                  00005a48    00000048                                   : fd_toi_t2.obj (.text)
                  00005a90    00000044                                   : fd_tou_t2.obj (.text)
                  00005ad4    00000044                                   : hostclose.obj (.text)
                  00005b18    00000044                                   : hostunlink.obj (.text)
                  00005b5c    00000036                                   : strncpy.obj (.text)
                  00005b92    0000002e                                   : i_tofd_t2.obj (.text)
                  00005bc0    0000002c                                   : unlink.obj (.text)
                  00005bec    00000028                                   : write.obj (.text)
                  00005c14    00000024     CortexM.obj (.text)
                  00005c38    00000020     rtsv7M4_T_le_v4SPD16_eabi.lib : u_tofd_t2.obj (.text)
                  00005c58    0000001e                                   : strcat.obj (.text)
                  00005c76    0000001c                                   : memccpy.obj (.text)
                  00005c92    00000002     --HOLE-- [fill = 0]
                  00005c94    00000018                                   : args_main.obj (.text)
                  00005cac    00000018                                   : strcmp.obj (.text)
                  00005cc4    00000016                                   : strchr.obj (.text)
                  00005cda    00000002     --HOLE-- [fill = 0]
                  00005cdc    00000014                                   : _lock.obj (.text)
                  00005cf0    00000014                                   : s_copysign.obj (.text)
                  00005d04    00000014                                   : strcpy.obj (.text)
                  00005d18    00000014                                   : strlen.obj (.text)
                  00005d2c    0000000e                                   : copy_decompress_none.obj (.text:decompress:none)
                  00005d3a    0000000e     startup_msp432p401r_ccs.obj (.text)
                  00005d48    0000000c     rtsv7M4_T_le_v4SPD16_eabi.lib : copy_zero_init.obj (.text:decompress:ZI)
                  00005d54    00000004                                   : pre_init.obj (.text)

.const     0    00005d58    00000128     
                  00005d58    00000101     rtsv7M4_T_le_v4SPD16_eabi.lib : ctype.obj (.const:.string:_ctypes_)
                  00005e59    00000003     --HOLE-- [fill = 0]
                  00005e5c    00000020     Reflectance.obj (.const:$P$T0$1)
                  00005e7c    00000004     Lab5_UARTmain.obj (.const)

.cinit     0    00005e80    000000b8     
                  00005e80    0000008d     (.cinit..data.load) [load image, compression = lzss]
                  00005f0d    00000003     --HOLE-- [fill = 0]
                  00005f10    0000000c     (__TI_handler_table)
                  00005f1c    00000004     --HOLE-- [fill = 0]
                  00005f20    00000008     (.cinit..bss.load) [load image, compression = zero_init]
                  00005f28    00000010     (__TI_cinit_table)

.init_array 
*          0    00000000    00000000     UNINITIALIZED

.bss       0    20000000    00003553     UNINITIALIZED
                  20000000    00001000     (.common:x)
                  20001000    00001000     (.common:x2)
                  20002000    00001000     (.common:x3)
                  20003000    00000200     (.common:TxHistogram)
                  20003200    00000120     rtsv7M4_T_le_v4SPD16_eabi.lib : trgmsg.obj (.bss:_CIOBUF_)
                  20003320    000000a0     (.common:__TI_tmpnams)
                  200033c0    00000082     (.common:RxFifo0)
                  20003442    00000082     (.common:TxFifo0)
                  200034c4    00000020     (.common:bumperBuf)
                  200034e4    0000000c     Lab5_UARTmain.obj (.bss:b$1)
                  200034f0    00000008     (.common:Messageb)
                  200034f8    00000008     (.common:Messagec)
                  20003500    00000008     (.common:parmbuf)
                  20003508    00000004     (.common:ADCflag)
                  2000350c    00000004     (.common:I1)
                  20003510    00000004     (.common:I2)
                  20003514    00000004     (.common:I3)
                  20003518    00000004     (.common:LPFSum)
                  2000351c    00000004     (.common:LPFSum2)
                  20003520    00000004     (.common:LPFSum3)
                  20003524    00000004     (.common:Messageindexb)
                  20003528    00000004     (.common:Messageindexc)
                  2000352c    00000004     (.common:Port4Task)
                  20003530    00000004     (.common:Size)
                  20003534    00000004     (.common:Size2)
                  20003538    00000004     (.common:Size3)
                  2000353c    00000004     (.common:TimerA1Task)
                  20003540    00000004     (.common:nc)
                  20003544    00000004     (.common:nl)
                  20003548    00000004     (.common:nr)
                  2000354c    00000002     Lab5_UARTmain.obj (.bss)
                  2000354e    00000002     (.common:Period0)
                  20003550    00000002     (.common:Period2)
                  20003552    00000001     (.common:bump_data)

.sysmem    0    20003558    00000400     UNINITIALIZED
                  20003558    00000008     rtsv7M4_T_le_v4SPD16_eabi.lib : memory.obj (.sysmem)
                  20003560    000003f8     --HOLE--

.data      0    20003958    00000244     UNINITIALIZED
                  20003958    000000f0     rtsv7M4_T_le_v4SPD16_eabi.lib : defs.obj (.data:_ftable)
                  20003a48    00000078                                   : write.obj (.data:_device)
                  20003ac0    00000050                                   : write.obj (.data:_stream)
                  20003b10    0000001c     Lab5_UARTmain.obj (.data)
                  20003b2c    00000018     Clock.obj (.data)
                  20003b44    00000010     rtsv7M4_T_le_v4SPD16_eabi.lib : defs.obj (.data)
                  20003b54    0000000c                                   : exit.obj (.data:$O1$$)
                  20003b60    0000000c                                   : memory.obj (.data:$O1$$)
                  20003b6c    00000008                                   : _lock.obj (.data:$O1$$)
                  20003b74    00000008     TA3InputCapture.obj (.data)
                  20003b7c    00000006     Lab5_UARTmain.obj (.data:bump)
                  20003b82    00000002     --HOLE--
                  20003b84    00000004     rtsv7M4_T_le_v4SPD16_eabi.lib : add_device.obj (.data)
                  20003b88    00000004                                   : errno.obj (.data)
                  20003b8c    00000004                                   : fopen.obj (.data)
                  20003b90    00000004                                   : open.obj (.data)
                  20003b94    00000004                                   : stkdepth_vars.obj (.data)
                  20003b98    00000004     system_msp432p401r.obj (.data)

.stack     0    2000fe00    00000200     UNINITIALIZED
                  2000fe00    00000200     --HOLE--

MODULE SUMMARY

       Module                        code    ro data   rw data
       ------                        ----    -------   -------
    .\
       LPF.obj                       584     0         24648  
       Lab5_UARTmain.obj             3892    4         202    
       FIFO0.obj                     528     0         1544   
       UART0.obj                     1724    0         24     
       EUSCIA0.obj                   1466    0         24     
       system_msp432p401r.obj        812     0         8      
       Clock.obj                     480     0         48     
       Reflectance.obj               480     32        0      
       Motor.obj                     432     0         0      
       ADC14.obj                     356     0         0      
       TA3InputCapture.obj           260     0         16     
       BumpInt.obj                   240     0         8      
       LaunchPad.obj                 244     0         0      
       startup_msp432p401r_ccs.obj   14      228       0      
       PWM.obj                       236     0         0      
       TimerA1.obj                   168     0         8      
       IRDistance.obj                136     0         0      
       CortexM.obj                   36      0         0      
    +--+-----------------------------+-------+---------+---------+
       Total:                        12088   264       26530  
                                                              
    C:\ti\ccsv7\tools\compiler\ti-cgt-arm_16.9.6.LTS\lib\rtsv7M4_T_le_v4SPD16_eabi.lib
       _printfi.obj                  4414    0         0      
       memory.obj                    976     0         24     
       defs.obj                      0       0         832    
       trgmsg.obj                    104     0         576    
       ull_div_t2.obj                500     0         0      
       fopen.obj                     452     0         8      
       write.obj                     40      0         400    
       fd_add_t2.obj                 438     0         0      
       fd_div_t2.obj                 310     0         0      
       fd_cmp_t2.obj                 268     0         0      
       ctype.obj                     0       257       0      
       fd_mul_t2.obj                 252     0         0      
       s_scalbn.obj                  252     0         0      
       setvbuf.obj                   220     0         0      
       fflush.obj                    200     0         0      
       open.obj                      188     0         8      
       add_device.obj                184     0         8      
       memcpy_t2.obj                 156     0         0      
       fclose.obj                    152     0         0      
       snprintf.obj                  148     0         0      
       memset_t2.obj                 122     0         0      
       autoinit.obj                  112     0         0      
       getdevice.obj                 112     0         0      
       hostopen.obj                  96      0         16     
       exit.obj                      84      0         24     
       copy_decompress_lzss.obj      104     0         0      
       hostlseek.obj                 104     0         0      
       hostrename.obj                104     0         0      
       s_frexp.obj                   100     0         0      
       sprintf.obj                   96      0         0      
       close.obj                     92      0         0      
       hostread.obj                  88      0         0      
       hostwrite.obj                 88      0         0      
       boot.obj                      84      0         0      
       ltoa.obj                      84      0         0      
       atoi.obj                      76      0         0      
       cpy_tbl.obj                   76      0         0      
       fd_toi_t2.obj                 72      0         0      
       fd_tou_t2.obj                 68      0         0      
       hostclose.obj                 68      0         0      
       hostunlink.obj                68      0         0      
       strncpy.obj                   54      0         0      
       i_tofd_t2.obj                 46      0         0      
       unlink.obj                    44      0         0      
       _lock.obj                     20      0         16     
       u_tofd_t2.obj                 32      0         0      
       strcat.obj                    30      0         0      
       memccpy.obj                   28      0         0      
       args_main.obj                 24      0         0      
       strcmp.obj                    24      0         0      
       strchr.obj                    22      0         0      
       s_copysign.obj                20      0         0      
       strcpy.obj                    20      0         0      
       strlen.obj                    20      0         0      
       copy_decompress_none.obj      14      0         0      
       copy_zero_init.obj            12      0         0      
       errno.obj                     0       0         8      
       stkdepth_vars.obj             0       0         8      
       pre_init.obj                  4       0         0      
       mpu_init.obj                  2       0         0      
       startup.obj                   2       0         0      
    +--+-----------------------------+-------+---------+---------+
       Total:                        11570   257       1928   
                                                              
       Heap:                         0       0         2048   
       Stack:                        0       0         1024   
       Linker Generated:             0       177       0      
    +--+-----------------------------+-------+---------+---------+
       Grand Total:                  23658   698       31530  


LINKER GENERATED COPY TABLES

__TI_cinit_table @ 00005f28 records: 2, size/record: 8, table size: 16
	.data: load addr=00005e80, load size=0000008d bytes, run addr=20003958, run size=00000244 bytes, compression=lzss
	.bss: load addr=00005f20, load size=00000008 bytes, run addr=20000000, run size=00003553 bytes, compression=zero_init


LINKER GENERATED HANDLER TABLE

__TI_handler_table @ 00005f10 records: 3, size/record: 4, table size: 12
	index: 0, handler: __TI_decompress_lzss
	index: 1, handler: __TI_decompress_none
	index: 2, handler: __TI_zero_init


GLOBAL SYMBOLS: SORTED ALPHABETICALLY BY Name 

address   name                           
-------   ----                           
00004405  ADC0_InitSWTriggerCh12         
00004475  ADC0_InitSWTriggerCh17_12_16   
00005d47  ADC14_IRQHandler               
00004455  ADC_In12                       
000044e5  ADC_In17_12_16                 
20003508  ADCflag                        
00005d47  AES256_IRQHandler              
00001d6d  AppAdvBumpTest                 
00001a87  AppBumperTest                  
000019c9  AppIRTest                      
00001e95  AppLineFollowerTest            
0000191d  AppMotorTest                   
00001b53  AppRefTest                     
00001c3d  AppTachTest                    
00004a91  BumpInt_Init                   
00004b0b  Bump_Read                      
00005d47  BusFault_Handler               
00005909  C$$EXIT                        
0000564b  C$$IO$$                        
00005d47  COMP_E0_IRQHandler             
00005d47  COMP_E1_IRQHandler             
20003b34  CPMwait                        
00005d47  CS_IRQHandler                  
20003b74  CaptureTask0                   
20003b78  CaptureTask2                   
0000521d  CenterConvert                  
20003b2c  ClockFrequency                 
00003c6d  Clock_Delay1ms                 
00003c43  Clock_Delay1us                 
00003c2f  Clock_GetFreq                  
00003b19  Clock_Init48MHz                
20003b40  Crystalstable                  
00005d47  DMA_ERR_IRQHandler             
00005d47  DMA_INT0_IRQHandler            
00005d47  DMA_INT1_IRQHandler            
00005d47  DMA_INT2_IRQHandler            
00005d47  DMA_INT3_IRQHandler            
00005d47  DebugMon_Handler               
00005d47  Default_Handler                
00005c15  DisableInterrupts              
20003b18  Done0                          
20003b20  Done2                          
000028a7  EUSCIA0_IRQHandler             
000028a7  EUSCIA0_IRQHandler             
0000287b  EUSCIA0_InChar                 
00002d45  EUSCIA0_InString               
000028fb  EUSCIA0_InUDec                 
00002bf9  EUSCIA0_InUHex                 
00002815  EUSCIA0_Init                   
0000288d  EUSCIA0_OutChar                
000028dd  EUSCIA0_OutString              
0000297f  EUSCIA0_OutUDec                
00002b11  EUSCIA0_OutUDec4               
00002b49  EUSCIA0_OutUDec5               
00002b85  EUSCIA0_OutUFix1               
00002bad  EUSCIA0_OutUFix2               
00002cc1  EUSCIA0_OutUHex                
00002d27  EUSCIA0_OutUHex2               
00002d05  EUSCIA0outnibble               
00005d47  EUSCIA1_IRQHandler             
00005d47  EUSCIA2_IRQHandler             
00005d47  EUSCIA3_IRQHandler             
00005d47  EUSCIB0_IRQHandler             
00005d47  EUSCIB1_IRQHandler             
00005d47  EUSCIB2_IRQHandler             
00005d47  EUSCIB3_IRQHandler             
00005c1b  EnableInterrupts               
00005c2b  EndCritical                    
00005d47  FLCTL_IRQHandler               
00005d47  FPU_IRQHandler                 
20003b14  First0                         
20003b1c  First2                         
00005ad5  HOSTclose                      
0000554d  HOSTlseek                      
000056e9  HOSTopen                       
00005805  HOSTread                       
000055b5  HOSTrename                     
00005b19  HOSTunlink                     
0000585d  HOSTwrite                      
00005d47  HardFault_Handler              
2000350c  I1                             
20003510  I2                             
20003514  I3                             
20003b3c  IFlags                         
20003518  LPFSum                         
2000351c  LPFSum2                        
20003520  LPFSum3                        
0000352b  LPF_Calc                       
000035dd  LPF_Calc2                      
0000368f  LPF_Calc3                      
000034cd  LPF_Init                       
0000357f  LPF_Init2                      
00003631  LPF_Init3                      
0000499d  LaunchPad_Init                 
00004a0d  LaunchPad_Input                
00004a27  LaunchPad_LED                  
00004a45  LaunchPad_Output               
000051f5  LeftConvert                    
20003b24  LeftRPM                        
00005d47  MemManage_Handler              
200034f0  Messageb                       
200034f8  Messagec                       
20003524  Messageindexb                  
20003528  Messageindexc                  
000043a5  Motor_Backward                 
00004301  Motor_Forward                  
00004255  Motor_Init                     
0000436b  Motor_Left                     
00004331  Motor_Right                    
000042dd  Motor_Stop                     
00005d47  NMI_Handler                    
00005d47  PCM_IRQHandler                 
00005d47  PORT1_IRQHandler               
00005d47  PORT2_IRQHandler               
00005d47  PORT3_IRQHandler               
00004b43  PORT4_IRQHandler               
00004b43  PORT4_IRQHandler               
00005d47  PORT5_IRQHandler               
00005d47  PORT6_IRQHandler               
00005d47  PSS_IRQHandler                 
00004c05  PWM_Duty3                      
00004c25  PWM_Duty4                      
00004b81  PWM_Init34                     
00005d47  PendSV_Handler                 
2000354e  Period0                        
20003550  Period2                        
00001369  PeriodMeasure0                 
00001397  PeriodMeasure2                 
2000352c  Port4Task                      
00003d09  Port5_Init                     
00003d63  Port7_Init                     
00003d85  Port7_InitToInput              
00003d77  Port7_Output_ChargeCap         
00003d33  Port9_Init                     
20003b38  Postwait                       
20003b30  Prewait                        
000012d5  RSLK_Reset                     
00005d47  RTC_C_IRQHandler               
00003ddb  Reflectance_Center             
00003e73  Reflectance_End                
00003cf9  Reflectance_Init               
00003dfb  Reflectance_Position           
00003d8d  Reflectance_Read               
00003e4d  Reflectance_Start              
00005d3b  Reset_Handler                  
00005245  RightConvert                   
20003b28  RightRPM                       
200033c0  RxFifo0                        
0000388f  RxFifo0_Get                    
00003835  RxFifo0_Init                   
00003841  RxFifo0_Put                    
000038cd  RxFifo0_Size                   
UNDEFED   SHT$$INIT_ARRAY$$Base          
UNDEFED   SHT$$INIT_ARRAY$$Limit         
00005d47  SVC_Handler                    
20003530  Size                           
20003534  Size2                          
20003538  Size3                          
00005c21  StartCritical                  
00005d47  SysTick_Handler                
20003b98  SystemCoreClock                
000031a1  SystemCoreClockUpdate          
00003415  SystemInit                     
00005d47  T32_INT1_IRQHandler            
00005d47  T32_INT2_IRQHandler            
00005d47  T32_INTC_IRQHandler            
00005d47  TA0_0_IRQHandler               
00005d47  TA0_N_IRQHandler               
00004ff7  TA1_0_IRQHandler               
00004ff7  TA1_0_IRQHandler               
00005d47  TA1_N_IRQHandler               
00005d47  TA2_0_IRQHandler               
00005d47  TA2_N_IRQHandler               
00004733  TA3_0_IRQHandler               
00004733  TA3_0_IRQHandler               
0000474d  TA3_N_IRQHandler               
0000474d  TA3_N_IRQHandler               
000012e5  TimedPause                     
2000353c  TimerA1Task                    
00004f85  TimerA1_Init                   
00004fe3  TimerA1_Stop                   
000046ad  TimerA3Capture_Init            
20003442  TxFifo0                        
000037a1  TxFifo0_Get                    
00003715  TxFifo0_Init                   
00003747  TxFifo0_Put                    
000037df  TxFifo0_Size                   
20003000  TxHistogram                    
0000219f  UART0_InChar                   
00002629  UART0_InString                 
000021e9  UART0_InUDec                   
000024dd  UART0_InUHex                   
00002159  UART0_Init                     
00002789  UART0_Initprintf               
000021af  UART0_OutChar                  
000021cb  UART0_OutString                
0000226d  UART0_OutUDec                  
000023d9  UART0_OutUDec4                 
0000242d  UART0_OutUDec5                 
00002469  UART0_OutUFix1                 
00002491  UART0_OutUFix2                 
000025a1  UART0_OutUHex                  
0000260d  UART0_OutUHex2                 
00005d47  UsageFault_Handler             
4000480c  WDTCTL_SYM                     
00005d47  WDT_A_IRQHandler               
00005c33  WaitForInterrupt               
20003200  __CIOBUF_                      
20010000  __STACK_END                    
00000200  __STACK_SIZE                   
00000400  __SYSMEM_SIZE                  
00005f28  __TI_CINIT_Base                
00005f38  __TI_CINIT_Limit               
00005f10  __TI_Handler_Table_Base        
00005f1c  __TI_Handler_Table_Limit       
00005405  __TI_auto_init                 
00003fa1  __TI_cleanup                   
20003b54  __TI_cleanup_ptr               
000050c9  __TI_closefile                 
000054e5  __TI_decompress_lzss           
00005d2d  __TI_decompress_none           
00004d49  __TI_doflush                   
20003b58  __TI_dtors_ptr                 
20003b5c  __TI_enable_exit_profile_output
20003b44  __TI_ft_end                    
ffffffff  __TI_pprof_out_hndl            
00000929  __TI_printfi                   
ffffffff  __TI_prof_data_size            
ffffffff  __TI_prof_data_start           
0000564f  __TI_readmsg                   
00000000  __TI_static_base__             
20003320  __TI_tmpnams                   
0000561d  __TI_writemsg                  
00005d49  __TI_zero_init                 
0000527d  __aeabi_cdcmpeq                
0000527d  __aeabi_cdcmple                
00005303  __aeabi_cdrcmple               
00005a49  __aeabi_d2iz                   
00005a91  __aeabi_d2uiz                  
000040a7  __aeabi_dadd                   
00004569  __aeabi_ddiv                   
000047a5  __aeabi_dmul                   
0000409d  __aeabi_dsub                   
00005b93  __aeabi_i2d                    
00005389  __aeabi_memclr                 
00005389  __aeabi_memclr4                
00005389  __aeabi_memclr8                
0000502d  __aeabi_memcpy                 
0000502d  __aeabi_memcpy4                
0000502d  __aeabi_memcpy8                
0000538b  __aeabi_memset                 
0000538b  __aeabi_memset4                
0000538b  __aeabi_memset8                
20003b50  __aeabi_stderr                 
20003b48  __aeabi_stdin                  
20003b4c  __aeabi_stdout                 
00005c39  __aeabi_ui2d                   
00003925  __aeabi_uldivmod               
ffffffff  __binit__                      
ffffffff  __c_args__                     
00001223  __mpu_init                     
2000fe00  __stack                        
00005c95  _args_main                     
000058b5  _c_int00                       
00005d58  _ctypes_                       
20003a48  _device                        
20003958  _ftable                        
20003b6c  _lock                          
00005ceb  _nop                           
00005ce3  _register_lock                 
00005cdd  _register_unlock               
20003ac0  _stream                        
20003558  _sys_memory                    
00002dcf  _system_post_cinit             
00005d55  _system_pre_init               
20003b70  _unlock                        
0000590d  abort                          
00004ecd  add_device                     
000059b1  atoi                           
ffffffff  binit                          
20003b7c  bump                           
20003552  bump_data                      
200034c4  bumperBuf                      
00003171  calloc                         
000057a9  close                          
00001225  conv_int2byte                  
000059fd  copy_in                        
00005cf1  copysign                       
00005cf1  copysignl                      
00003c35  delay                          
20003b88  errno                          
00005915  exit                           
0000512f  fclose                         
000026c3  ferror                         
00004d95  fflush                         
000026a3  fgetc                          
00005475  finddevice                     
00003ff7  fopen                          
00002ebb  free                           
00003fcd  freopen                        
00005685  frexp                          
00005685  frexpl                         
0000549f  getdevice                      
00001319  handlerAdcRead                 
000012f5  handlerGpio4Bump               
00000000  interruptVectors               
000048a1  ldexp                          
000048a1  ldexpl                         
0000595d  ltoa                           
00001411  main                           
20003b94  main_func_sp                   
00002e51  malloc                         
00003085  memalign                       
00005c77  memccpy                        
0000502d  memcpy                         
00005391  memset                         
00002dd1  minit                          
20003540  nc                             
20003544  nl                             
20003548  nr                             
00004e11  open                           
000025e5  outnibble                      
20003500  parmbuf                        
00002f7b  realloc                        
00005bc1  remove                         
000048a1  scalbn                         
000048a1  scalbnl                        
00004c6d  setvbuf                        
00005161  snprintf                       
00005749  sprintf                        
00005c59  strcat                         
00005cc5  strchr                         
00005cad  strcmp                         
00005d05  strcpy                         
00005d19  strlen                         
00005b5d  strncpy                        
000046a1  ta3dummy                       
000026e1  uart_close                     
0000275f  uart_lseek                     
000026d1  uart_open                      
000026f3  uart_read                      
0000277b  uart_rename                    
0000276f  uart_unlink                    
0000271d  uart_write                     
00005bc1  unlink                         
00005bed  write                          
20000000  x                              
20001000  x2                             
20002000  x3                             


GLOBAL SYMBOLS: SORTED BY Symbol Address 

address   name                           
-------   ----                           
00000000  __TI_static_base__             
00000000  interruptVectors               
00000200  __STACK_SIZE                   
00000400  __SYSMEM_SIZE                  
00000929  __TI_printfi                   
00001223  __mpu_init                     
00001225  conv_int2byte                  
000012d5  RSLK_Reset                     
000012e5  TimedPause                     
000012f5  handlerGpio4Bump               
00001319  handlerAdcRead                 
00001369  PeriodMeasure0                 
00001397  PeriodMeasure2                 
00001411  main                           
0000191d  AppMotorTest                   
000019c9  AppIRTest                      
00001a87  AppBumperTest                  
00001b53  AppRefTest                     
00001c3d  AppTachTest                    
00001d6d  AppAdvBumpTest                 
00001e95  AppLineFollowerTest            
00002159  UART0_Init                     
0000219f  UART0_InChar                   
000021af  UART0_OutChar                  
000021cb  UART0_OutString                
000021e9  UART0_InUDec                   
0000226d  UART0_OutUDec                  
000023d9  UART0_OutUDec4                 
0000242d  UART0_OutUDec5                 
00002469  UART0_OutUFix1                 
00002491  UART0_OutUFix2                 
000024dd  UART0_InUHex                   
000025a1  UART0_OutUHex                  
000025e5  outnibble                      
0000260d  UART0_OutUHex2                 
00002629  UART0_InString                 
000026a3  fgetc                          
000026c3  ferror                         
000026d1  uart_open                      
000026e1  uart_close                     
000026f3  uart_read                      
0000271d  uart_write                     
0000275f  uart_lseek                     
0000276f  uart_unlink                    
0000277b  uart_rename                    
00002789  UART0_Initprintf               
00002815  EUSCIA0_Init                   
0000287b  EUSCIA0_InChar                 
0000288d  EUSCIA0_OutChar                
000028a7  EUSCIA0_IRQHandler             
000028a7  EUSCIA0_IRQHandler             
000028dd  EUSCIA0_OutString              
000028fb  EUSCIA0_InUDec                 
0000297f  EUSCIA0_OutUDec                
00002b11  EUSCIA0_OutUDec4               
00002b49  EUSCIA0_OutUDec5               
00002b85  EUSCIA0_OutUFix1               
00002bad  EUSCIA0_OutUFix2               
00002bf9  EUSCIA0_InUHex                 
00002cc1  EUSCIA0_OutUHex                
00002d05  EUSCIA0outnibble               
00002d27  EUSCIA0_OutUHex2               
00002d45  EUSCIA0_InString               
00002dcf  _system_post_cinit             
00002dd1  minit                          
00002e51  malloc                         
00002ebb  free                           
00002f7b  realloc                        
00003085  memalign                       
00003171  calloc                         
000031a1  SystemCoreClockUpdate          
00003415  SystemInit                     
000034cd  LPF_Init                       
0000352b  LPF_Calc                       
0000357f  LPF_Init2                      
000035dd  LPF_Calc2                      
00003631  LPF_Init3                      
0000368f  LPF_Calc3                      
00003715  TxFifo0_Init                   
00003747  TxFifo0_Put                    
000037a1  TxFifo0_Get                    
000037df  TxFifo0_Size                   
00003835  RxFifo0_Init                   
00003841  RxFifo0_Put                    
0000388f  RxFifo0_Get                    
000038cd  RxFifo0_Size                   
00003925  __aeabi_uldivmod               
00003b19  Clock_Init48MHz                
00003c2f  Clock_GetFreq                  
00003c35  delay                          
00003c43  Clock_Delay1us                 
00003c6d  Clock_Delay1ms                 
00003cf9  Reflectance_Init               
00003d09  Port5_Init                     
00003d33  Port9_Init                     
00003d63  Port7_Init                     
00003d77  Port7_Output_ChargeCap         
00003d85  Port7_InitToInput              
00003d8d  Reflectance_Read               
00003ddb  Reflectance_Center             
00003dfb  Reflectance_Position           
00003e4d  Reflectance_Start              
00003e73  Reflectance_End                
00003fa1  __TI_cleanup                   
00003fcd  freopen                        
00003ff7  fopen                          
0000409d  __aeabi_dsub                   
000040a7  __aeabi_dadd                   
00004255  Motor_Init                     
000042dd  Motor_Stop                     
00004301  Motor_Forward                  
00004331  Motor_Right                    
0000436b  Motor_Left                     
000043a5  Motor_Backward                 
00004405  ADC0_InitSWTriggerCh12         
00004455  ADC_In12                       
00004475  ADC0_InitSWTriggerCh17_12_16   
000044e5  ADC_In17_12_16                 
00004569  __aeabi_ddiv                   
000046a1  ta3dummy                       
000046ad  TimerA3Capture_Init            
00004733  TA3_0_IRQHandler               
00004733  TA3_0_IRQHandler               
0000474d  TA3_N_IRQHandler               
0000474d  TA3_N_IRQHandler               
000047a5  __aeabi_dmul                   
000048a1  ldexp                          
000048a1  ldexpl                         
000048a1  scalbn                         
000048a1  scalbnl                        
0000499d  LaunchPad_Init                 
00004a0d  LaunchPad_Input                
00004a27  LaunchPad_LED                  
00004a45  LaunchPad_Output               
00004a91  BumpInt_Init                   
00004b0b  Bump_Read                      
00004b43  PORT4_IRQHandler               
00004b43  PORT4_IRQHandler               
00004b81  PWM_Init34                     
00004c05  PWM_Duty3                      
00004c25  PWM_Duty4                      
00004c6d  setvbuf                        
00004d49  __TI_doflush                   
00004d95  fflush                         
00004e11  open                           
00004ecd  add_device                     
00004f85  TimerA1_Init                   
00004fe3  TimerA1_Stop                   
00004ff7  TA1_0_IRQHandler               
00004ff7  TA1_0_IRQHandler               
0000502d  __aeabi_memcpy                 
0000502d  __aeabi_memcpy4                
0000502d  __aeabi_memcpy8                
0000502d  memcpy                         
000050c9  __TI_closefile                 
0000512f  fclose                         
00005161  snprintf                       
000051f5  LeftConvert                    
0000521d  CenterConvert                  
00005245  RightConvert                   
0000527d  __aeabi_cdcmpeq                
0000527d  __aeabi_cdcmple                
00005303  __aeabi_cdrcmple               
00005389  __aeabi_memclr                 
00005389  __aeabi_memclr4                
00005389  __aeabi_memclr8                
0000538b  __aeabi_memset                 
0000538b  __aeabi_memset4                
0000538b  __aeabi_memset8                
00005391  memset                         
00005405  __TI_auto_init                 
00005475  finddevice                     
0000549f  getdevice                      
000054e5  __TI_decompress_lzss           
0000554d  HOSTlseek                      
000055b5  HOSTrename                     
0000561d  __TI_writemsg                  
0000564b  C$$IO$$                        
0000564f  __TI_readmsg                   
00005685  frexp                          
00005685  frexpl                         
000056e9  HOSTopen                       
00005749  sprintf                        
000057a9  close                          
00005805  HOSTread                       
0000585d  HOSTwrite                      
000058b5  _c_int00                       
00005909  C$$EXIT                        
0000590d  abort                          
00005915  exit                           
0000595d  ltoa                           
000059b1  atoi                           
000059fd  copy_in                        
00005a49  __aeabi_d2iz                   
00005a91  __aeabi_d2uiz                  
00005ad5  HOSTclose                      
00005b19  HOSTunlink                     
00005b5d  strncpy                        
00005b93  __aeabi_i2d                    
00005bc1  remove                         
00005bc1  unlink                         
00005bed  write                          
00005c15  DisableInterrupts              
00005c1b  EnableInterrupts               
00005c21  StartCritical                  
00005c2b  EndCritical                    
00005c33  WaitForInterrupt               
00005c39  __aeabi_ui2d                   
00005c59  strcat                         
00005c77  memccpy                        
00005c95  _args_main                     
00005cad  strcmp                         
00005cc5  strchr                         
00005cdd  _register_unlock               
00005ce3  _register_lock                 
00005ceb  _nop                           
00005cf1  copysign                       
00005cf1  copysignl                      
00005d05  strcpy                         
00005d19  strlen                         
00005d2d  __TI_decompress_none           
00005d3b  Reset_Handler                  
00005d47  ADC14_IRQHandler               
00005d47  AES256_IRQHandler              
00005d47  BusFault_Handler               
00005d47  COMP_E0_IRQHandler             
00005d47  COMP_E1_IRQHandler             
00005d47  CS_IRQHandler                  
00005d47  DMA_ERR_IRQHandler             
00005d47  DMA_INT0_IRQHandler            
00005d47  DMA_INT1_IRQHandler            
00005d47  DMA_INT2_IRQHandler            
00005d47  DMA_INT3_IRQHandler            
00005d47  DebugMon_Handler               
00005d47  Default_Handler                
00005d47  EUSCIA1_IRQHandler             
00005d47  EUSCIA2_IRQHandler             
00005d47  EUSCIA3_IRQHandler             
00005d47  EUSCIB0_IRQHandler             
00005d47  EUSCIB1_IRQHandler             
00005d47  EUSCIB2_IRQHandler             
00005d47  EUSCIB3_IRQHandler             
00005d47  FLCTL_IRQHandler               
00005d47  FPU_IRQHandler                 
00005d47  HardFault_Handler              
00005d47  MemManage_Handler              
00005d47  NMI_Handler                    
00005d47  PCM_IRQHandler                 
00005d47  PORT1_IRQHandler               
00005d47  PORT2_IRQHandler               
00005d47  PORT3_IRQHandler               
00005d47  PORT5_IRQHandler               
00005d47  PORT6_IRQHandler               
00005d47  PSS_IRQHandler                 
00005d47  PendSV_Handler                 
00005d47  RTC_C_IRQHandler               
00005d47  SVC_Handler                    
00005d47  SysTick_Handler                
00005d47  T32_INT1_IRQHandler            
00005d47  T32_INT2_IRQHandler            
00005d47  T32_INTC_IRQHandler            
00005d47  TA0_0_IRQHandler               
00005d47  TA0_N_IRQHandler               
00005d47  TA1_N_IRQHandler               
00005d47  TA2_0_IRQHandler               
00005d47  TA2_N_IRQHandler               
00005d47  UsageFault_Handler             
00005d47  WDT_A_IRQHandler               
00005d49  __TI_zero_init                 
00005d55  _system_pre_init               
00005d58  _ctypes_                       
00005f10  __TI_Handler_Table_Base        
00005f1c  __TI_Handler_Table_Limit       
00005f28  __TI_CINIT_Base                
00005f38  __TI_CINIT_Limit               
20000000  x                              
20001000  x2                             
20002000  x3                             
20003000  TxHistogram                    
20003200  __CIOBUF_                      
20003320  __TI_tmpnams                   
200033c0  RxFifo0                        
20003442  TxFifo0                        
200034c4  bumperBuf                      
200034f0  Messageb                       
200034f8  Messagec                       
20003500  parmbuf                        
20003508  ADCflag                        
2000350c  I1                             
20003510  I2                             
20003514  I3                             
20003518  LPFSum                         
2000351c  LPFSum2                        
20003520  LPFSum3                        
20003524  Messageindexb                  
20003528  Messageindexc                  
2000352c  Port4Task                      
20003530  Size                           
20003534  Size2                          
20003538  Size3                          
2000353c  TimerA1Task                    
20003540  nc                             
20003544  nl                             
20003548  nr                             
2000354e  Period0                        
20003550  Period2                        
20003552  bump_data                      
20003558  _sys_memory                    
20003958  _ftable                        
20003a48  _device                        
20003ac0  _stream                        
20003b14  First0                         
20003b18  Done0                          
20003b1c  First2                         
20003b20  Done2                          
20003b24  LeftRPM                        
20003b28  RightRPM                       
20003b2c  ClockFrequency                 
20003b30  Prewait                        
20003b34  CPMwait                        
20003b38  Postwait                       
20003b3c  IFlags                         
20003b40  Crystalstable                  
20003b44  __TI_ft_end                    
20003b48  __aeabi_stdin                  
20003b4c  __aeabi_stdout                 
20003b50  __aeabi_stderr                 
20003b54  __TI_cleanup_ptr               
20003b58  __TI_dtors_ptr                 
20003b5c  __TI_enable_exit_profile_output
20003b6c  _lock                          
20003b70  _unlock                        
20003b74  CaptureTask0                   
20003b78  CaptureTask2                   
20003b7c  bump                           
20003b88  errno                          
20003b94  main_func_sp                   
20003b98  SystemCoreClock                
2000fe00  __stack                        
20010000  __STACK_END                    
4000480c  WDTCTL_SYM                     
ffffffff  __TI_pprof_out_hndl            
ffffffff  __TI_prof_data_size            
ffffffff  __TI_prof_data_start           
ffffffff  __binit__                      
ffffffff  __c_args__                     
ffffffff  binit                          
UNDEFED   SHT$$INIT_ARRAY$$Base          
UNDEFED   SHT$$INIT_ARRAY$$Limit         

[349 symbols]
