******************************************************************************
                  TI ARM Linker PC v16.9.6                     
******************************************************************************
>> Linked Thu Sep 14 09:54:38 2023

OUTPUT FILE NAME:   <Lab2_ReflectanceGPIO.out>
ENTRY POINT SYMBOL: "_c_int00"  address: 00000fb1


MEMORY CONFIGURATION

         name            origin    length      used     unused   attr    fill
----------------------  --------  ---------  --------  --------  ----  --------
  MAIN                  00000000   00040000  00001186  0003ee7a  R  X
  INFO                  00200000   00004000  00000000  00004000  R  X
  SRAM_CODE             01000000   00010000  00000246  0000fdba  RW X
  SRAM_DATA             20000000   00010000  00000246  0000fdba  RW  


SEGMENT ALLOCATION MAP

run origin  load origin   length   init length attrs members
----------  ----------- ---------- ----------- ----- -------
00000000    00000000    00001188   00001188    r-x
  00000000    00000000    000000e4   000000e4    r-- .intvecs
  000000e4    000000e4    00001042   00001042    r-x .text
  00001128    00001128    00000020   00000020    r-- .const
  00001148    00001148    00000040   00000040    r-- .cinit
20000000    20000000    00000046   00000000    rw-
  20000000    20000000    00000040   00000000    rw- .data
  20000040    20000040    00000006   00000000    rw- .bss
2000fe00    2000fe00    00000200   00000000    rw-
  2000fe00    2000fe00    00000200   00000000    rw- .stack


SECTION ALLOCATION MAP

 output                                  attributes/
section   page    origin      length       input sections
--------  ----  ----------  ----------   ----------------
.intvecs   0    00000000    000000e4     
                  00000000    000000e4     startup_msp432p401r_ccs.obj (.intvecs:retain)

.binit     0    00000000    00000000     

.text      0    000000e4    00001042     
                  000000e4    00000630     TExaS.obj (.text)
                  00000714    0000032c     system_msp432p401r.obj (.text)
                  00000a40    000001e0     Clock.obj (.text)
                  00000c20    000001a0     Reflectance.obj (.text)
                  00000dc0    0000009c     rtsv7M4_T_le_v4SPD16_eabi.lib : memcpy_t2.obj (.text)
                  00000e5c    0000007a                                   : memset_t2.obj (.text)
                  00000ed6    00000002                                   : mpu_init.obj (.text)
                  00000ed8    00000070                                   : autoinit.obj (.text)
                  00000f48    00000068                                   : copy_decompress_lzss.obj (.text:decompress:lzss)
                  00000fb0    00000054                                   : boot.obj (.text)
                  00001004    00000054                                   : exit.obj (.text)
                  00001058    0000004c                                   : cpy_tbl.obj (.text)
                  000010a4    00000028     Lab2_GPIOmain.obj (.text)
                  000010cc    00000018     rtsv7M4_T_le_v4SPD16_eabi.lib : args_main.obj (.text)
                  000010e4    00000014                                   : _lock.obj (.text)
                  000010f8    0000000e                                   : copy_decompress_none.obj (.text:decompress:none)
                  00001106    0000000e     startup_msp432p401r_ccs.obj (.text)
                  00001114    0000000c     rtsv7M4_T_le_v4SPD16_eabi.lib : copy_zero_init.obj (.text:decompress:ZI)
                  00001120    00000004                                   : pre_init.obj (.text)
                  00001124    00000002                                   : startup.obj (.text)

.const     0    00001128    00000020     
                  00001128    00000020     Reflectance.obj (.const:$P$T0$1)

.cinit     0    00001148    00000040     
                  00001148    00000017     (.cinit..data.load) [load image, compression = lzss]
                  0000115f    00000001     --HOLE-- [fill = 0]
                  00001160    0000000c     (__TI_handler_table)
                  0000116c    00000004     --HOLE-- [fill = 0]
                  00001170    00000008     (.cinit..bss.load) [load image, compression = zero_init]
                  00001178    00000010     (__TI_cinit_table)

.init_array 
*          0    00000000    00000000     UNINITIALIZED

.data      0    20000000    00000040     UNINITIALIZED
                  20000000    00000018     Clock.obj (.data)
                  20000018    0000000c     rtsv7M4_T_le_v4SPD16_eabi.lib : exit.obj (.data:$O1$$)
                  20000024    0000000c     TExaS.obj (.data)
                  20000030    00000008     rtsv7M4_T_le_v4SPD16_eabi.lib : _lock.obj (.data:$O1$$)
                  20000038    00000004                                   : stkdepth_vars.obj (.data)
                  2000003c    00000004     system_msp432p401r.obj (.data)

.bss       0    20000040    00000006     UNINITIALIZED
                  20000040    00000004     (.common:PeriodicTask2)
                  20000044    00000001     (.common:Data)
                  20000045    00000001     (.common:LogicData)

.stack     0    2000fe00    00000200     UNINITIALIZED
                  2000fe00    00000200     --HOLE--

MODULE SUMMARY

       Module                        code   ro data   rw data
       ------                        ----   -------   -------
    .\
       TExaS.obj                     1584   0         34     
       system_msp432p401r.obj        812    0         8      
       Clock.obj                     480    0         48     
       Reflectance.obj               416    32        0      
       startup_msp432p401r_ccs.obj   14     228       0      
       Lab2_GPIOmain.obj             40     0         2      
    +--+-----------------------------+------+---------+---------+
       Total:                        3346   260       92     
                                                             
    C:\ti\ccsv7\tools\compiler\ti-cgt-arm_16.9.6.LTS\lib\rtsv7M4_T_le_v4SPD16_eabi.lib
       memcpy_t2.obj                 156    0         0      
       memset_t2.obj                 122    0         0      
       autoinit.obj                  112    0         0      
       exit.obj                      84     0         24     
       copy_decompress_lzss.obj      104    0         0      
       boot.obj                      84     0         0      
       cpy_tbl.obj                   76     0         0      
       _lock.obj                     20     0         16     
       args_main.obj                 24     0         0      
       copy_decompress_none.obj      14     0         0      
       copy_zero_init.obj            12     0         0      
       stkdepth_vars.obj             0      0         8      
       pre_init.obj                  4      0         0      
       mpu_init.obj                  2      0         0      
       startup.obj                   2      0         0      
    +--+-----------------------------+------+---------+---------+
       Total:                        816    0         48     
                                                             
       Stack:                        0      0         1024   
       Linker Generated:             0      59        0      
    +--+-----------------------------+------+---------+---------+
       Grand Total:                  4162   319       1164   


LINKER GENERATED COPY TABLES

__TI_cinit_table @ 00001178 records: 2, size/record: 8, table size: 16
	.data: load addr=00001148, load size=00000017 bytes, run addr=20000000, run size=00000040 bytes, compression=lzss
	.bss: load addr=00001170, load size=00000008 bytes, run addr=20000040, run size=00000006 bytes, compression=zero_init


LINKER GENERATED HANDLER TABLE

__TI_handler_table @ 00001160 records: 3, size/record: 4, table size: 12
	index: 0, handler: __TI_decompress_lzss
	index: 1, handler: __TI_decompress_none
	index: 2, handler: __TI_zero_init


GLOBAL SYMBOLS: SORTED ALPHABETICALLY BY Name 

address   name                           
-------   ----                           
00001113  ADC14_IRQHandler               
00000475  ADC_Init                       
00001113  AES256_IRQHandler              
00001113  BusFault_Handler               
00001005  C$$EXIT                        
00001113  COMP_E0_IRQHandler             
00001113  COMP_E1_IRQHandler             
20000008  CPMwait                        
00001113  CS_IRQHandler                  
20000000  ClockFrequency                 
00000b95  Clock_Delay1ms                 
00000b6b  Clock_Delay1us                 
00000b57  Clock_GetFreq                  
00000a41  Clock_Init48MHz                
20000014  Crystalstable                  
00001113  DMA_ERR_IRQHandler             
00001113  DMA_INT0_IRQHandler            
00001113  DMA_INT1_IRQHandler            
00001113  DMA_INT2_IRQHandler            
00001113  DMA_INT3_IRQHandler            
20000044  Data                           
00001113  DebugMon_Handler               
00001113  Default_Handler                
00001113  EUSCIA0_IRQHandler             
00001113  EUSCIA1_IRQHandler             
00001113  EUSCIA2_IRQHandler             
00001113  EUSCIA3_IRQHandler             
00001113  EUSCIB0_IRQHandler             
00001113  EUSCIB1_IRQHandler             
00001113  EUSCIB2_IRQHandler             
00001113  EUSCIB3_IRQHandler             
00001113  FLCTL_IRQHandler               
00001113  FPU_IRQHandler                 
00001113  HardFault_Handler              
20000010  IFlags                         
000000e5  LogicAnalyzer                  
000000ef  LogicAnalyzer_P1               
000001c5  LogicAnalyzer_P10              
000000fd  LogicAnalyzer_P2               
0000010b  LogicAnalyzer_P2_7654          
0000011b  LogicAnalyzer_P3               
00000129  LogicAnalyzer_P4               
00000147  LogicAnalyzer_P4_765320        
00000137  LogicAnalyzer_P4_765432        
0000017f  LogicAnalyzer_P5               
0000018d  LogicAnalyzer_P6               
0000019b  LogicAnalyzer_P7               
000001a9  LogicAnalyzer_P8               
000001b7  LogicAnalyzer_P9               
20000045  LogicData                      
00001113  MemManage_Handler              
00001113  NMI_Handler                    
00001113  PCM_IRQHandler                 
00001113  PORT1_IRQHandler               
00001113  PORT2_IRQHandler               
00001113  PORT3_IRQHandler               
00001113  PORT4_IRQHandler               
00001113  PORT5_IRQHandler               
00001113  PORT6_IRQHandler               
00001113  PSS_IRQHandler                 
00001113  PendSV_Handler                 
20000040  PeriodicTask2                  
00000257  PeriodicTask2_Init             
000002d1  PeriodicTask2_Stop             
00000c31  Port5_Init                     
00000c8b  Port7_Init                     
00000cad  Port7_InitToInput              
00000c9f  Port7_Output_ChargeCap         
00000c5b  Port9_Init                     
2000000c  Postwait                       
20000004  Prewait                        
00001113  RTC_C_IRQHandler               
00000d03  Reflectance_Center             
00000d77  Reflectance_End                
00000c21  Reflectance_Init               
00000d23  Reflectance_Position           
00000cb5  Reflectance_Read               
00000d75  Reflectance_Start              
00001107  Reset_Handler                  
UNDEFED   SHT$$INIT_ARRAY$$Base          
UNDEFED   SHT$$INIT_ARRAY$$Limit         
00001113  SVC_Handler                    
000001d3  Scope                          
00001113  SysTick_Handler                
2000003c  SystemCoreClock                
00000715  SystemCoreClockUpdate          
00000989  SystemInit                     
000002c1  T32_INT1_IRQHandler            
000002c1  T32_INT1_IRQHandler            
00001113  T32_INT2_IRQHandler            
00001113  T32_INTC_IRQHandler            
00001113  TA0_0_IRQHandler               
00001113  TA0_N_IRQHandler               
00001113  TA1_0_IRQHandler               
00001113  TA1_N_IRQHandler               
00001113  TA2_0_IRQHandler               
00001113  TA2_N_IRQHandler               
00001113  TA3_0_IRQHandler               
00001113  TA3_N_IRQHandler               
00000413  TExaS_Clear0                   
0000041f  TExaS_Clear1                   
0000042b  TExaS_Clear2                   
00000437  TExaS_Clear3                   
00000443  TExaS_Clear4                   
00000445  TExaS_Clear5                   
00000451  TExaS_Clear6                   
00000551  TExaS_Init                     
20000028  TExaS_ScopeErrConflict         
20000024  TExaS_ScopeErrLostData         
2000002c  TExaS_ScopeWrnReconfig         
000003b1  TExaS_Set                      
000003c9  TExaS_Set0                     
000003d5  TExaS_Set1                     
000003e1  TExaS_Set2                     
000003ed  TExaS_Set3                     
000003f9  TExaS_Set4                     
000003fb  TExaS_Set5                     
00000407  TExaS_Set6                     
000006b1  TExaS_Stop                     
00000367  TExaS_Task0                    
00000373  TExaS_Task1                    
0000037f  TExaS_Task2                    
0000038b  TExaS_Task3                    
00000397  TExaS_Task4                    
00000399  TExaS_Task5                    
000003a5  TExaS_Task6                    
0000033b  UART_InChar                    
000002e1  UART_Init                      
0000034b  UART_OutChar                   
00001113  UsageFault_Handler             
4000480c  WDTCTL_SYM                     
00001113  WDT_A_IRQHandler               
20010000  __STACK_END                    
00000200  __STACK_SIZE                   
00001178  __TI_CINIT_Base                
00001188  __TI_CINIT_Limit               
00001160  __TI_Handler_Table_Base        
0000116c  __TI_Handler_Table_Limit       
00000ed9  __TI_auto_init                 
20000018  __TI_cleanup_ptr               
00000f49  __TI_decompress_lzss           
000010f9  __TI_decompress_none           
2000001c  __TI_dtors_ptr                 
20000020  __TI_enable_exit_profile_output
ffffffff  __TI_pprof_out_hndl            
ffffffff  __TI_prof_data_size            
ffffffff  __TI_prof_data_start           
00000000  __TI_static_base__             
00001115  __TI_zero_init                 
00000e5d  __aeabi_memclr                 
00000e5d  __aeabi_memclr4                
00000e5d  __aeabi_memclr8                
00000dc1  __aeabi_memcpy                 
00000dc1  __aeabi_memcpy4                
00000dc1  __aeabi_memcpy8                
00000e5f  __aeabi_memset                 
00000e5f  __aeabi_memset4                
00000e5f  __aeabi_memset8                
ffffffff  __binit__                      
ffffffff  __c_args__                     
00000ed7  __mpu_init                     
2000fe00  __stack                        
000010cd  _args_main                     
00000fb1  _c_int00                       
20000030  _lock                          
000010f3  _nop                           
000010eb  _register_lock                 
000010e5  _register_unlock               
00001125  _system_post_cinit             
00001121  _system_pre_init               
20000034  _unlock                        
00001009  abort                          
ffffffff  binit                          
00001059  copy_in                        
00000b5d  delay                          
00001011  exit                           
00000000  interruptVectors               
000010a5  main                           
20000038  main_func_sp                   
00000dc1  memcpy                         
00000e65  memset                         


GLOBAL SYMBOLS: SORTED BY Symbol Address 

address   name                           
-------   ----                           
00000000  __TI_static_base__             
00000000  interruptVectors               
000000e5  LogicAnalyzer                  
000000ef  LogicAnalyzer_P1               
000000fd  LogicAnalyzer_P2               
0000010b  LogicAnalyzer_P2_7654          
0000011b  LogicAnalyzer_P3               
00000129  LogicAnalyzer_P4               
00000137  LogicAnalyzer_P4_765432        
00000147  LogicAnalyzer_P4_765320        
0000017f  LogicAnalyzer_P5               
0000018d  LogicAnalyzer_P6               
0000019b  LogicAnalyzer_P7               
000001a9  LogicAnalyzer_P8               
000001b7  LogicAnalyzer_P9               
000001c5  LogicAnalyzer_P10              
000001d3  Scope                          
00000200  __STACK_SIZE                   
00000257  PeriodicTask2_Init             
000002c1  T32_INT1_IRQHandler            
000002c1  T32_INT1_IRQHandler            
000002d1  PeriodicTask2_Stop             
000002e1  UART_Init                      
0000033b  UART_InChar                    
0000034b  UART_OutChar                   
00000367  TExaS_Task0                    
00000373  TExaS_Task1                    
0000037f  TExaS_Task2                    
0000038b  TExaS_Task3                    
00000397  TExaS_Task4                    
00000399  TExaS_Task5                    
000003a5  TExaS_Task6                    
000003b1  TExaS_Set                      
000003c9  TExaS_Set0                     
000003d5  TExaS_Set1                     
000003e1  TExaS_Set2                     
000003ed  TExaS_Set3                     
000003f9  TExaS_Set4                     
000003fb  TExaS_Set5                     
00000407  TExaS_Set6                     
00000413  TExaS_Clear0                   
0000041f  TExaS_Clear1                   
0000042b  TExaS_Clear2                   
00000437  TExaS_Clear3                   
00000443  TExaS_Clear4                   
00000445  TExaS_Clear5                   
00000451  TExaS_Clear6                   
00000475  ADC_Init                       
00000551  TExaS_Init                     
000006b1  TExaS_Stop                     
00000715  SystemCoreClockUpdate          
00000989  SystemInit                     
00000a41  Clock_Init48MHz                
00000b57  Clock_GetFreq                  
00000b5d  delay                          
00000b6b  Clock_Delay1us                 
00000b95  Clock_Delay1ms                 
00000c21  Reflectance_Init               
00000c31  Port5_Init                     
00000c5b  Port9_Init                     
00000c8b  Port7_Init                     
00000c9f  Port7_Output_ChargeCap         
00000cad  Port7_InitToInput              
00000cb5  Reflectance_Read               
00000d03  Reflectance_Center             
00000d23  Reflectance_Position           
00000d75  Reflectance_Start              
00000d77  Reflectance_End                
00000dc1  __aeabi_memcpy                 
00000dc1  __aeabi_memcpy4                
00000dc1  __aeabi_memcpy8                
00000dc1  memcpy                         
00000e5d  __aeabi_memclr                 
00000e5d  __aeabi_memclr4                
00000e5d  __aeabi_memclr8                
00000e5f  __aeabi_memset                 
00000e5f  __aeabi_memset4                
00000e5f  __aeabi_memset8                
00000e65  memset                         
00000ed7  __mpu_init                     
00000ed9  __TI_auto_init                 
00000f49  __TI_decompress_lzss           
00000fb1  _c_int00                       
00001005  C$$EXIT                        
00001009  abort                          
00001011  exit                           
00001059  copy_in                        
000010a5  main                           
000010cd  _args_main                     
000010e5  _register_unlock               
000010eb  _register_lock                 
000010f3  _nop                           
000010f9  __TI_decompress_none           
00001107  Reset_Handler                  
00001113  ADC14_IRQHandler               
00001113  AES256_IRQHandler              
00001113  BusFault_Handler               
00001113  COMP_E0_IRQHandler             
00001113  COMP_E1_IRQHandler             
00001113  CS_IRQHandler                  
00001113  DMA_ERR_IRQHandler             
00001113  DMA_INT0_IRQHandler            
00001113  DMA_INT1_IRQHandler            
00001113  DMA_INT2_IRQHandler            
00001113  DMA_INT3_IRQHandler            
00001113  DebugMon_Handler               
00001113  Default_Handler                
00001113  EUSCIA0_IRQHandler             
00001113  EUSCIA1_IRQHandler             
00001113  EUSCIA2_IRQHandler             
00001113  EUSCIA3_IRQHandler             
00001113  EUSCIB0_IRQHandler             
00001113  EUSCIB1_IRQHandler             
00001113  EUSCIB2_IRQHandler             
00001113  EUSCIB3_IRQHandler             
00001113  FLCTL_IRQHandler               
00001113  FPU_IRQHandler                 
00001113  HardFault_Handler              
00001113  MemManage_Handler              
00001113  NMI_Handler                    
00001113  PCM_IRQHandler                 
00001113  PORT1_IRQHandler               
00001113  PORT2_IRQHandler               
00001113  PORT3_IRQHandler               
00001113  PORT4_IRQHandler               
00001113  PORT5_IRQHandler               
00001113  PORT6_IRQHandler               
00001113  PSS_IRQHandler                 
00001113  PendSV_Handler                 
00001113  RTC_C_IRQHandler               
00001113  SVC_Handler                    
00001113  SysTick_Handler                
00001113  T32_INT2_IRQHandler            
00001113  T32_INTC_IRQHandler            
00001113  TA0_0_IRQHandler               
00001113  TA0_N_IRQHandler               
00001113  TA1_0_IRQHandler               
00001113  TA1_N_IRQHandler               
00001113  TA2_0_IRQHandler               
00001113  TA2_N_IRQHandler               
00001113  TA3_0_IRQHandler               
00001113  TA3_N_IRQHandler               
00001113  UsageFault_Handler             
00001113  WDT_A_IRQHandler               
00001115  __TI_zero_init                 
00001121  _system_pre_init               
00001125  _system_post_cinit             
00001160  __TI_Handler_Table_Base        
0000116c  __TI_Handler_Table_Limit       
00001178  __TI_CINIT_Base                
00001188  __TI_CINIT_Limit               
20000000  ClockFrequency                 
20000004  Prewait                        
20000008  CPMwait                        
2000000c  Postwait                       
20000010  IFlags                         
20000014  Crystalstable                  
20000018  __TI_cleanup_ptr               
2000001c  __TI_dtors_ptr                 
20000020  __TI_enable_exit_profile_output
20000024  TExaS_ScopeErrLostData         
20000028  TExaS_ScopeErrConflict         
2000002c  TExaS_ScopeWrnReconfig         
20000030  _lock                          
20000034  _unlock                        
20000038  main_func_sp                   
2000003c  SystemCoreClock                
20000040  PeriodicTask2                  
20000044  Data                           
20000045  LogicData                      
2000fe00  __stack                        
20010000  __STACK_END                    
4000480c  WDTCTL_SYM                     
ffffffff  __TI_pprof_out_hndl            
ffffffff  __TI_prof_data_size            
ffffffff  __TI_prof_data_start           
ffffffff  __binit__                      
ffffffff  __c_args__                     
ffffffff  binit                          
UNDEFED   SHT$$INIT_ARRAY$$Base          
UNDEFED   SHT$$INIT_ARRAY$$Limit         

[181 symbols]
