******************************************************************************
                  TI ARM Linker PC v16.9.6                     
******************************************************************************
>> Linked Thu Sep 28 09:37:59 2023

OUTPUT FILE NAME:   <Lab3_Bump_Reflectance_Systick.out>
ENTRY POINT SYMBOL: "_c_int00"  address: 0000126d


MEMORY CONFIGURATION

         name            origin    length      used     unused   attr    fill
----------------------  --------  ---------  --------  --------  ----  --------
  MAIN                  00000000   00040000  0000147e  0003eb82  R  X
  INFO                  00200000   00004000  00000000  00004000  R  X
  SRAM_CODE             01000000   00010000  0000024f  0000fdb1  RW X
  SRAM_DATA             20000000   00010000  0000024f  0000fdb1  RW  


SEGMENT ALLOCATION MAP

run origin  load origin   length   init length attrs members
----------  ----------- ---------- ----------- ----- -------
00000000    00000000    00001480   00001480    r-x
  00000000    00000000    000000e4   000000e4    r-- .intvecs
  000000e4    000000e4    0000133a   0000133a    r-x .text
  00001420    00001420    00000020   00000020    r-- .const
  00001440    00001440    00000040   00000040    r-- .cinit
20000000    20000000    0000004f   00000000    rw-
  20000000    20000000    00000048   00000000    rw- .data
  20000048    20000048    00000007   00000000    rw- .bss
2000fe00    2000fe00    00000200   00000000    rw-
  2000fe00    2000fe00    00000200   00000000    rw- .stack


SECTION ALLOCATION MAP

 output                                  attributes/
section   page    origin      length       input sections
--------  ----  ----------  ----------   ----------------
.intvecs   0    00000000    000000e4     
                  00000000    000000e4     startup_msp432p401r_ccs.obj (.intvecs:retain)

.binit     0    00000000    00000000     

.text      0    000000e4    0000133a     
                  000000e4    00000630     TExaS.obj (.text)
                  00000714    0000032c     system_msp432p401r.obj (.text)
                  00000a40    000001e0     Clock.obj (.text)
                  00000c20    000001e0     Reflectance.obj (.text)
                  00000e00    000000f4     LaunchPad.obj (.text)
                  00000ef4    000000cc     Bump.obj (.text)
                  00000fc0    000000bc     Lab3_Sensorsmain.obj (.text)
                  0000107c    0000009c     rtsv7M4_T_le_v4SPD16_eabi.lib : memcpy_t2.obj (.text)
                  00001118    0000007a                                   : memset_t2.obj (.text)
                  00001192    00000002                                   : mpu_init.obj (.text)
                  00001194    00000070                                   : autoinit.obj (.text)
                  00001204    00000068                                   : copy_decompress_lzss.obj (.text:decompress:lzss)
                  0000126c    00000054                                   : boot.obj (.text)
                  000012c0    00000054                                   : exit.obj (.text)
                  00001314    0000004c                                   : cpy_tbl.obj (.text)
                  00001360    00000040     SysTickInts.obj (.text)
                  000013a0    00000024     CortexM.obj (.text)
                  000013c4    00000018     rtsv7M4_T_le_v4SPD16_eabi.lib : args_main.obj (.text)
                  000013dc    00000014                                   : _lock.obj (.text)
                  000013f0    0000000e                                   : copy_decompress_none.obj (.text:decompress:none)
                  000013fe    0000000e     startup_msp432p401r_ccs.obj (.text)
                  0000140c    0000000c     rtsv7M4_T_le_v4SPD16_eabi.lib : copy_zero_init.obj (.text:decompress:ZI)
                  00001418    00000004                                   : pre_init.obj (.text)
                  0000141c    00000002                                   : startup.obj (.text)

.const     0    00001420    00000020     
                  00001420    00000020     Reflectance.obj (.const:$P$T0$1)

.cinit     0    00001440    00000040     
                  00001440    00000017     (.cinit..data.load) [load image, compression = lzss]
                  00001457    00000001     --HOLE-- [fill = 0]
                  00001458    0000000c     (__TI_handler_table)
                  00001464    00000004     --HOLE-- [fill = 0]
                  00001468    00000008     (.cinit..bss.load) [load image, compression = zero_init]
                  00001470    00000010     (__TI_cinit_table)

.init_array 
*          0    00000000    00000000     UNINITIALIZED

.data      0    20000000    00000048     UNINITIALIZED
                  20000000    00000018     Clock.obj (.data)
                  20000018    0000000c     rtsv7M4_T_le_v4SPD16_eabi.lib : exit.obj (.data:$O1$$)
                  20000024    0000000c     TExaS.obj (.data)
                  20000030    00000008     rtsv7M4_T_le_v4SPD16_eabi.lib : _lock.obj (.data:$O1$$)
                  20000038    00000005     Lab3_Sensorsmain.obj (.data)
                  2000003d    00000003     --HOLE--
                  20000040    00000004     rtsv7M4_T_le_v4SPD16_eabi.lib : stkdepth_vars.obj (.data)
                  20000044    00000004     system_msp432p401r.obj (.data)

.bss       0    20000048    00000007     UNINITIALIZED
                  20000048    00000004     (.common:PeriodicTask2)
                  2000004c    00000001     (.common:LogicData)
                  2000004d    00000001     (.common:bump_data)
                  2000004e    00000001     (.common:reflectance_data)

.stack     0    2000fe00    00000200     UNINITIALIZED
                  2000fe00    00000200     --HOLE--

MODULE SUMMARY

       Module                        code   ro data   rw data
       ------                        ----   -------   -------
    .\
       TExaS.obj                     1584   0         34     
       system_msp432p401r.obj        812    0         8      
       Clock.obj                     480    0         48     
       Reflectance.obj               480    32        0      
       LaunchPad.obj                 244    0         0      
       startup_msp432p401r_ccs.obj   14     228       0      
       Bump.obj                      204    0         0      
       Lab3_Sensorsmain.obj          188    0         14     
       SysTickInts.obj               64     0         0      
       CortexM.obj                   36     0         0      
    +--+-----------------------------+------+---------+---------+
       Total:                        4106   260       104    
                                                             
    C:\ti\ccsv7\tools\compiler\ti-cgt-arm_16.9.6.LTS\lib\rtsv7M4_T_le_v4SPD16_eabi.lib
       memcpy_t2.obj                 156    0         0      
       memset_t2.obj                 122    0         0      
       autoinit.obj                  112    0         0      
       exit.obj                      84     0         24     
       copy_decompress_lzss.obj      104    0         0      
       boot.obj                      84     0         0      
       cpy_tbl.obj                   76     0         0      
       _lock.obj                     20     0         16     
       args_main.obj                 24     0         0      
       copy_decompress_none.obj      14     0         0      
       copy_zero_init.obj            12     0         0      
       stkdepth_vars.obj             0      0         8      
       pre_init.obj                  4      0         0      
       mpu_init.obj                  2      0         0      
       startup.obj                   2      0         0      
    +--+-----------------------------+------+---------+---------+
       Total:                        816    0         48     
                                                             
       Stack:                        0      0         1024   
       Linker Generated:             0      59        0      
    +--+-----------------------------+------+---------+---------+
       Grand Total:                  4922   319       1176   


LINKER GENERATED COPY TABLES

__TI_cinit_table @ 00001470 records: 2, size/record: 8, table size: 16
	.data: load addr=00001440, load size=00000017 bytes, run addr=20000000, run size=00000048 bytes, compression=lzss
	.bss: load addr=00001468, load size=00000008 bytes, run addr=20000048, run size=00000007 bytes, compression=zero_init


LINKER GENERATED HANDLER TABLE

__TI_handler_table @ 00001458 records: 3, size/record: 4, table size: 12
	index: 0, handler: __TI_decompress_lzss
	index: 1, handler: __TI_decompress_none
	index: 2, handler: __TI_zero_init


GLOBAL SYMBOLS: SORTED ALPHABETICALLY BY Name 

address   name                           
-------   ----                           
0000140b  ADC14_IRQHandler               
00000475  ADC_Init                       
0000140b  AES256_IRQHandler              
00000ef5  Bump_Init                      
00000f5d  Bump_Read                      
0000140b  BusFault_Handler               
000012c1  C$$EXIT                        
0000140b  COMP_E0_IRQHandler             
0000140b  COMP_E1_IRQHandler             
20000008  CPMwait                        
0000140b  CS_IRQHandler                  
20000000  ClockFrequency                 
00000b95  Clock_Delay1ms                 
00000b6b  Clock_Delay1us                 
00000b57  Clock_GetFreq                  
00000a41  Clock_Init48MHz                
20000014  Crystalstable                  
0000140b  DMA_ERR_IRQHandler             
0000140b  DMA_INT0_IRQHandler            
0000140b  DMA_INT1_IRQHandler            
0000140b  DMA_INT2_IRQHandler            
0000140b  DMA_INT3_IRQHandler            
0000140b  DebugMon_Handler               
0000140b  Default_Handler                
000013a1  DisableInterrupts              
0000140b  EUSCIA0_IRQHandler             
0000140b  EUSCIA1_IRQHandler             
0000140b  EUSCIA2_IRQHandler             
0000140b  EUSCIA3_IRQHandler             
0000140b  EUSCIB0_IRQHandler             
0000140b  EUSCIB1_IRQHandler             
0000140b  EUSCIB2_IRQHandler             
0000140b  EUSCIB3_IRQHandler             
000013a7  EnableInterrupts               
000013b7  EndCritical                    
0000140b  FLCTL_IRQHandler               
0000140b  FPU_IRQHandler                 
0000140b  HardFault_Handler              
20000010  IFlags                         
00000e01  LaunchPad_Init                 
00000e71  LaunchPad_Input                
00000e8b  LaunchPad_LED                  
00000ea9  LaunchPad_Output               
000000e5  LogicAnalyzer                  
000000ef  LogicAnalyzer_P1               
000001c5  LogicAnalyzer_P10              
000000fd  LogicAnalyzer_P2               
0000010b  LogicAnalyzer_P2_7654          
0000011b  LogicAnalyzer_P3               
00000129  LogicAnalyzer_P4               
00000147  LogicAnalyzer_P4_765320        
00000137  LogicAnalyzer_P4_765432        
0000017f  LogicAnalyzer_P5               
0000018d  LogicAnalyzer_P6               
0000019b  LogicAnalyzer_P7               
000001a9  LogicAnalyzer_P8               
000001b7  LogicAnalyzer_P9               
2000004c  LogicData                      
20000038  MainCount                      
0000140b  MemManage_Handler              
0000140b  NMI_Handler                    
0000140b  PCM_IRQHandler                 
0000140b  PORT1_IRQHandler               
0000140b  PORT2_IRQHandler               
0000140b  PORT3_IRQHandler               
00000fc1  PORT4_IRQHandler               
00000fc1  PORT4_IRQHandler               
0000140b  PORT5_IRQHandler               
0000140b  PORT6_IRQHandler               
0000140b  PSS_IRQHandler                 
0000140b  PendSV_Handler                 
20000048  PeriodicTask2                  
00000257  PeriodicTask2_Init             
000002d1  PeriodicTask2_Stop             
00000c31  Port5_Init                     
00000c8b  Port7_Init                     
00000cad  Port7_InitToInput              
00000c9f  Port7_Output_ChargeCap         
00000c5b  Port9_Init                     
2000000c  Postwait                       
20000004  Prewait                        
0000140b  RTC_C_IRQHandler               
00000d03  Reflectance_Center             
00000d9b  Reflectance_End                
00000c21  Reflectance_Init               
00000d23  Reflectance_Position           
00000cb5  Reflectance_Read               
00000d75  Reflectance_Start              
000013ff  Reset_Handler                  
UNDEFED   SHT$$INIT_ARRAY$$Base          
UNDEFED   SHT$$INIT_ARRAY$$Limit         
0000140b  SVC_Handler                    
000001d3  Scope                          
000013ad  StartCritical                  
00000fd7  SysTick_Handler                
00000fd7  SysTick_Handler                
00001361  SysTick_Init                   
20000044  SystemCoreClock                
00000715  SystemCoreClockUpdate          
00000989  SystemInit                     
000002c1  T32_INT1_IRQHandler            
000002c1  T32_INT1_IRQHandler            
0000140b  T32_INT2_IRQHandler            
0000140b  T32_INTC_IRQHandler            
0000140b  TA0_0_IRQHandler               
0000140b  TA0_N_IRQHandler               
0000140b  TA1_0_IRQHandler               
0000140b  TA1_N_IRQHandler               
0000140b  TA2_0_IRQHandler               
0000140b  TA2_N_IRQHandler               
0000140b  TA3_0_IRQHandler               
0000140b  TA3_N_IRQHandler               
00000413  TExaS_Clear0                   
0000041f  TExaS_Clear1                   
0000042b  TExaS_Clear2                   
00000437  TExaS_Clear3                   
00000443  TExaS_Clear4                   
00000445  TExaS_Clear5                   
00000451  TExaS_Clear6                   
00000551  TExaS_Init                     
20000028  TExaS_ScopeErrConflict         
20000024  TExaS_ScopeErrLostData         
2000002c  TExaS_ScopeWrnReconfig         
000003b1  TExaS_Set                      
000003c9  TExaS_Set0                     
000003d5  TExaS_Set1                     
000003e1  TExaS_Set2                     
000003ed  TExaS_Set3                     
000003f9  TExaS_Set4                     
000003fb  TExaS_Set5                     
00000407  TExaS_Set6                     
000006b1  TExaS_Stop                     
00000367  TExaS_Task0                    
00000373  TExaS_Task1                    
0000037f  TExaS_Task2                    
0000038b  TExaS_Task3                    
00000397  TExaS_Task4                    
00000399  TExaS_Task5                    
000003a5  TExaS_Task6                    
0000033b  UART_InChar                    
000002e1  UART_Init                      
0000034b  UART_OutChar                   
0000140b  UsageFault_Handler             
4000480c  WDTCTL_SYM                     
0000140b  WDT_A_IRQHandler               
000013bf  WaitForInterrupt               
20010000  __STACK_END                    
00000200  __STACK_SIZE                   
00001470  __TI_CINIT_Base                
00001480  __TI_CINIT_Limit               
00001458  __TI_Handler_Table_Base        
00001464  __TI_Handler_Table_Limit       
00001195  __TI_auto_init                 
20000018  __TI_cleanup_ptr               
00001205  __TI_decompress_lzss           
000013f1  __TI_decompress_none           
2000001c  __TI_dtors_ptr                 
20000020  __TI_enable_exit_profile_output
ffffffff  __TI_pprof_out_hndl            
ffffffff  __TI_prof_data_size            
ffffffff  __TI_prof_data_start           
00000000  __TI_static_base__             
0000140d  __TI_zero_init                 
00001119  __aeabi_memclr                 
00001119  __aeabi_memclr4                
00001119  __aeabi_memclr8                
0000107d  __aeabi_memcpy                 
0000107d  __aeabi_memcpy4                
0000107d  __aeabi_memcpy8                
0000111b  __aeabi_memset                 
0000111b  __aeabi_memset4                
0000111b  __aeabi_memset8                
ffffffff  __binit__                      
ffffffff  __c_args__                     
00001193  __mpu_init                     
2000fe00  __stack                        
000013c5  _args_main                     
0000126d  _c_int00                       
20000030  _lock                          
000013eb  _nop                           
000013e3  _register_lock                 
000013dd  _register_unlock               
0000141d  _system_post_cinit             
00001419  _system_pre_init               
20000034  _unlock                        
000012c5  abort                          
ffffffff  binit                          
2000004d  bump_data                      
00001315  copy_in                        
00000b5d  delay                          
000012cd  exit                           
00000000  interruptVectors               
00001015  main                           
20000040  main_func_sp                   
0000107d  memcpy                         
00001121  memset                         
2000004e  reflectance_data               


GLOBAL SYMBOLS: SORTED BY Symbol Address 

address   name                           
-------   ----                           
00000000  __TI_static_base__             
00000000  interruptVectors               
000000e5  LogicAnalyzer                  
000000ef  LogicAnalyzer_P1               
000000fd  LogicAnalyzer_P2               
0000010b  LogicAnalyzer_P2_7654          
0000011b  LogicAnalyzer_P3               
00000129  LogicAnalyzer_P4               
00000137  LogicAnalyzer_P4_765432        
00000147  LogicAnalyzer_P4_765320        
0000017f  LogicAnalyzer_P5               
0000018d  LogicAnalyzer_P6               
0000019b  LogicAnalyzer_P7               
000001a9  LogicAnalyzer_P8               
000001b7  LogicAnalyzer_P9               
000001c5  LogicAnalyzer_P10              
000001d3  Scope                          
00000200  __STACK_SIZE                   
00000257  PeriodicTask2_Init             
000002c1  T32_INT1_IRQHandler            
000002c1  T32_INT1_IRQHandler            
000002d1  PeriodicTask2_Stop             
000002e1  UART_Init                      
0000033b  UART_InChar                    
0000034b  UART_OutChar                   
00000367  TExaS_Task0                    
00000373  TExaS_Task1                    
0000037f  TExaS_Task2                    
0000038b  TExaS_Task3                    
00000397  TExaS_Task4                    
00000399  TExaS_Task5                    
000003a5  TExaS_Task6                    
000003b1  TExaS_Set                      
000003c9  TExaS_Set0                     
000003d5  TExaS_Set1                     
000003e1  TExaS_Set2                     
000003ed  TExaS_Set3                     
000003f9  TExaS_Set4                     
000003fb  TExaS_Set5                     
00000407  TExaS_Set6                     
00000413  TExaS_Clear0                   
0000041f  TExaS_Clear1                   
0000042b  TExaS_Clear2                   
00000437  TExaS_Clear3                   
00000443  TExaS_Clear4                   
00000445  TExaS_Clear5                   
00000451  TExaS_Clear6                   
00000475  ADC_Init                       
00000551  TExaS_Init                     
000006b1  TExaS_Stop                     
00000715  SystemCoreClockUpdate          
00000989  SystemInit                     
00000a41  Clock_Init48MHz                
00000b57  Clock_GetFreq                  
00000b5d  delay                          
00000b6b  Clock_Delay1us                 
00000b95  Clock_Delay1ms                 
00000c21  Reflectance_Init               
00000c31  Port5_Init                     
00000c5b  Port9_Init                     
00000c8b  Port7_Init                     
00000c9f  Port7_Output_ChargeCap         
00000cad  Port7_InitToInput              
00000cb5  Reflectance_Read               
00000d03  Reflectance_Center             
00000d23  Reflectance_Position           
00000d75  Reflectance_Start              
00000d9b  Reflectance_End                
00000e01  LaunchPad_Init                 
00000e71  LaunchPad_Input                
00000e8b  LaunchPad_LED                  
00000ea9  LaunchPad_Output               
00000ef5  Bump_Init                      
00000f5d  Bump_Read                      
00000fc1  PORT4_IRQHandler               
00000fc1  PORT4_IRQHandler               
00000fd7  SysTick_Handler                
00000fd7  SysTick_Handler                
00001015  main                           
0000107d  __aeabi_memcpy                 
0000107d  __aeabi_memcpy4                
0000107d  __aeabi_memcpy8                
0000107d  memcpy                         
00001119  __aeabi_memclr                 
00001119  __aeabi_memclr4                
00001119  __aeabi_memclr8                
0000111b  __aeabi_memset                 
0000111b  __aeabi_memset4                
0000111b  __aeabi_memset8                
00001121  memset                         
00001193  __mpu_init                     
00001195  __TI_auto_init                 
00001205  __TI_decompress_lzss           
0000126d  _c_int00                       
000012c1  C$$EXIT                        
000012c5  abort                          
000012cd  exit                           
00001315  copy_in                        
00001361  SysTick_Init                   
000013a1  DisableInterrupts              
000013a7  EnableInterrupts               
000013ad  StartCritical                  
000013b7  EndCritical                    
000013bf  WaitForInterrupt               
000013c5  _args_main                     
000013dd  _register_unlock               
000013e3  _register_lock                 
000013eb  _nop                           
000013f1  __TI_decompress_none           
000013ff  Reset_Handler                  
0000140b  ADC14_IRQHandler               
0000140b  AES256_IRQHandler              
0000140b  BusFault_Handler               
0000140b  COMP_E0_IRQHandler             
0000140b  COMP_E1_IRQHandler             
0000140b  CS_IRQHandler                  
0000140b  DMA_ERR_IRQHandler             
0000140b  DMA_INT0_IRQHandler            
0000140b  DMA_INT1_IRQHandler            
0000140b  DMA_INT2_IRQHandler            
0000140b  DMA_INT3_IRQHandler            
0000140b  DebugMon_Handler               
0000140b  Default_Handler                
0000140b  EUSCIA0_IRQHandler             
0000140b  EUSCIA1_IRQHandler             
0000140b  EUSCIA2_IRQHandler             
0000140b  EUSCIA3_IRQHandler             
0000140b  EUSCIB0_IRQHandler             
0000140b  EUSCIB1_IRQHandler             
0000140b  EUSCIB2_IRQHandler             
0000140b  EUSCIB3_IRQHandler             
0000140b  FLCTL_IRQHandler               
0000140b  FPU_IRQHandler                 
0000140b  HardFault_Handler              
0000140b  MemManage_Handler              
0000140b  NMI_Handler                    
0000140b  PCM_IRQHandler                 
0000140b  PORT1_IRQHandler               
0000140b  PORT2_IRQHandler               
0000140b  PORT3_IRQHandler               
0000140b  PORT5_IRQHandler               
0000140b  PORT6_IRQHandler               
0000140b  PSS_IRQHandler                 
0000140b  PendSV_Handler                 
0000140b  RTC_C_IRQHandler               
0000140b  SVC_Handler                    
0000140b  T32_INT2_IRQHandler            
0000140b  T32_INTC_IRQHandler            
0000140b  TA0_0_IRQHandler               
0000140b  TA0_N_IRQHandler               
0000140b  TA1_0_IRQHandler               
0000140b  TA1_N_IRQHandler               
0000140b  TA2_0_IRQHandler               
0000140b  TA2_N_IRQHandler               
0000140b  TA3_0_IRQHandler               
0000140b  TA3_N_IRQHandler               
0000140b  UsageFault_Handler             
0000140b  WDT_A_IRQHandler               
0000140d  __TI_zero_init                 
00001419  _system_pre_init               
0000141d  _system_post_cinit             
00001458  __TI_Handler_Table_Base        
00001464  __TI_Handler_Table_Limit       
00001470  __TI_CINIT_Base                
00001480  __TI_CINIT_Limit               
20000000  ClockFrequency                 
20000004  Prewait                        
20000008  CPMwait                        
2000000c  Postwait                       
20000010  IFlags                         
20000014  Crystalstable                  
20000018  __TI_cleanup_ptr               
2000001c  __TI_dtors_ptr                 
20000020  __TI_enable_exit_profile_output
20000024  TExaS_ScopeErrLostData         
20000028  TExaS_ScopeErrConflict         
2000002c  TExaS_ScopeWrnReconfig         
20000030  _lock                          
20000034  _unlock                        
20000038  MainCount                      
20000040  main_func_sp                   
20000044  SystemCoreClock                
20000048  PeriodicTask2                  
2000004c  LogicData                      
2000004d  bump_data                      
2000004e  reflectance_data               
2000fe00  __stack                        
20010000  __STACK_END                    
4000480c  WDTCTL_SYM                     
ffffffff  __TI_pprof_out_hndl            
ffffffff  __TI_prof_data_size            
ffffffff  __TI_prof_data_start           
ffffffff  __binit__                      
ffffffff  __c_args__                     
ffffffff  binit                          
UNDEFED   SHT$$INIT_ARRAY$$Base          
UNDEFED   SHT$$INIT_ARRAY$$Limit         

[197 symbols]
