<?xml version="1.0"?>
<link_info>
   <banner>TI ARM Linker PC v16.9.6.LTS</banner>
   <copyright>Copyright (c) 1996-2017 Texas Instruments Incorporated</copyright>
   <link_time>0x6514d8f7</link_time>
   <link_errors>0x0</link_errors>
   <output_file>Lab3_Bump_Reflectance_Systick.out</output_file>
   <entry_point>
      <name>_c_int00</name>
      <address>0x126d</address>
   </entry_point>
   <input_file_list>
      <input_file id="fl-2">
         <path>.\</path>
         <kind>object</kind>
         <file>Bump.obj</file>
         <name>Bump.obj</name>
      </input_file>
      <input_file id="fl-3">
         <path>.\</path>
         <kind>object</kind>
         <file>Clock.obj</file>
         <name>Clock.obj</name>
      </input_file>
      <input_file id="fl-4">
         <path>.\</path>
         <kind>object</kind>
         <file>CortexM.obj</file>
         <name>CortexM.obj</name>
      </input_file>
      <input_file id="fl-5">
         <path>.\</path>
         <kind>object</kind>
         <file>Lab3_Sensorsmain.obj</file>
         <name>Lab3_Sensorsmain.obj</name>
      </input_file>
      <input_file id="fl-6">
         <path>.\</path>
         <kind>object</kind>
         <file>LaunchPad.obj</file>
         <name>LaunchPad.obj</name>
      </input_file>
      <input_file id="fl-7">
         <path>.\</path>
         <kind>object</kind>
         <file>Reflectance.obj</file>
         <name>Reflectance.obj</name>
      </input_file>
      <input_file id="fl-8">
         <path>.\</path>
         <kind>object</kind>
         <file>SysTickInts.obj</file>
         <name>SysTickInts.obj</name>
      </input_file>
      <input_file id="fl-9">
         <path>.\</path>
         <kind>object</kind>
         <file>TExaS.obj</file>
         <name>TExaS.obj</name>
      </input_file>
      <input_file id="fl-a">
         <path>.\</path>
         <kind>object</kind>
         <file>startup_msp432p401r_ccs.obj</file>
         <name>startup_msp432p401r_ccs.obj</name>
      </input_file>
      <input_file id="fl-b">
         <path>.\</path>
         <kind>object</kind>
         <file>system_msp432p401r.obj</file>
         <name>system_msp432p401r.obj</name>
      </input_file>
      <input_file id="fl-f">
         <kind>object</kind>
         <file>&lt;internal&gt;</file>
         <name>&lt;internal&gt;</name>
      </input_file>
      <input_file id="fl-c5">
         <path>C:\ti\ccsv7\tools\compiler\ti-cgt-arm_16.9.6.LTS\lib\</path>
         <kind>archive</kind>
         <file>rtsv7M4_T_le_v4SPD16_eabi.lib</file>
         <name>boot.obj</name>
      </input_file>
      <input_file id="fl-c6">
         <path>C:\ti\ccsv7\tools\compiler\ti-cgt-arm_16.9.6.LTS\lib\</path>
         <kind>archive</kind>
         <file>rtsv7M4_T_le_v4SPD16_eabi.lib</file>
         <name>copy_decompress_lzss.obj</name>
      </input_file>
      <input_file id="fl-c7">
         <path>C:\ti\ccsv7\tools\compiler\ti-cgt-arm_16.9.6.LTS\lib\</path>
         <kind>archive</kind>
         <file>rtsv7M4_T_le_v4SPD16_eabi.lib</file>
         <name>copy_decompress_none.obj</name>
      </input_file>
      <input_file id="fl-c8">
         <path>C:\ti\ccsv7\tools\compiler\ti-cgt-arm_16.9.6.LTS\lib\</path>
         <kind>archive</kind>
         <file>rtsv7M4_T_le_v4SPD16_eabi.lib</file>
         <name>copy_zero_init.obj</name>
      </input_file>
      <input_file id="fl-c9">
         <path>C:\ti\ccsv7\tools\compiler\ti-cgt-arm_16.9.6.LTS\lib\</path>
         <kind>archive</kind>
         <file>rtsv7M4_T_le_v4SPD16_eabi.lib</file>
         <name>exit.obj</name>
      </input_file>
      <input_file id="fl-ca">
         <path>C:\ti\ccsv7\tools\compiler\ti-cgt-arm_16.9.6.LTS\lib\</path>
         <kind>archive</kind>
         <file>rtsv7M4_T_le_v4SPD16_eabi.lib</file>
         <name>memcpy_t2.obj</name>
      </input_file>
      <input_file id="fl-cb">
         <path>C:\ti\ccsv7\tools\compiler\ti-cgt-arm_16.9.6.LTS\lib\</path>
         <kind>archive</kind>
         <file>rtsv7M4_T_le_v4SPD16_eabi.lib</file>
         <name>memset_t2.obj</name>
      </input_file>
      <input_file id="fl-cc">
         <path>C:\ti\ccsv7\tools\compiler\ti-cgt-arm_16.9.6.LTS\lib\</path>
         <kind>archive</kind>
         <file>rtsv7M4_T_le_v4SPD16_eabi.lib</file>
         <name>mpu_init.obj</name>
      </input_file>
      <input_file id="fl-cd">
         <path>C:\ti\ccsv7\tools\compiler\ti-cgt-arm_16.9.6.LTS\lib\</path>
         <kind>archive</kind>
         <file>rtsv7M4_T_le_v4SPD16_eabi.lib</file>
         <name>pre_init.obj</name>
      </input_file>
      <input_file id="fl-ce">
         <path>C:\ti\ccsv7\tools\compiler\ti-cgt-arm_16.9.6.LTS\lib\</path>
         <kind>archive</kind>
         <file>rtsv7M4_T_le_v4SPD16_eabi.lib</file>
         <name>stkdepth_vars.obj</name>
      </input_file>
      <input_file id="fl-cf">
         <path>C:\ti\ccsv7\tools\compiler\ti-cgt-arm_16.9.6.LTS\lib\</path>
         <kind>archive</kind>
         <file>rtsv7M4_T_le_v4SPD16_eabi.lib</file>
         <name>_lock.obj</name>
      </input_file>
      <input_file id="fl-d0">
         <path>C:\ti\ccsv7\tools\compiler\ti-cgt-arm_16.9.6.LTS\lib\</path>
         <kind>archive</kind>
         <file>rtsv7M4_T_le_v4SPD16_eabi.lib</file>
         <name>args_main.obj</name>
      </input_file>
      <input_file id="fl-d1">
         <path>C:\ti\ccsv7\tools\compiler\ti-cgt-arm_16.9.6.LTS\lib\</path>
         <kind>archive</kind>
         <file>rtsv7M4_T_le_v4SPD16_eabi.lib</file>
         <name>autoinit.obj</name>
      </input_file>
      <input_file id="fl-d2">
         <path>C:\ti\ccsv7\tools\compiler\ti-cgt-arm_16.9.6.LTS\lib\</path>
         <kind>archive</kind>
         <file>rtsv7M4_T_le_v4SPD16_eabi.lib</file>
         <name>cpy_tbl.obj</name>
      </input_file>
      <input_file id="fl-d3">
         <path>C:\ti\ccsv7\tools\compiler\ti-cgt-arm_16.9.6.LTS\lib\</path>
         <kind>archive</kind>
         <file>rtsv7M4_T_le_v4SPD16_eabi.lib</file>
         <name>startup.obj</name>
      </input_file>
   </input_file_list>
   <object_component_list>
      <object_component id="oc-2c">
         <name>.intvecs:retain</name>
         <load_address>0x0</load_address>
         <run_address>0x0</run_address>
         <size>0xe4</size>
         <input_file_ref idref="fl-a"/>
      </object_component>
      <object_component id="oc-81">
         <name>.text</name>
         <load_address>0xe4</load_address>
         <run_address>0xe4</run_address>
         <size>0x630</size>
         <input_file_ref idref="fl-9"/>
      </object_component>
      <object_component id="oc-bd">
         <name>.text</name>
         <load_address>0x714</load_address>
         <run_address>0x714</run_address>
         <size>0x32c</size>
         <input_file_ref idref="fl-b"/>
      </object_component>
      <object_component id="oc-d0">
         <name>.text</name>
         <load_address>0xa40</load_address>
         <run_address>0xa40</run_address>
         <size>0x1e0</size>
         <input_file_ref idref="fl-3"/>
      </object_component>
      <object_component id="oc-ca">
         <name>.text</name>
         <load_address>0xc20</load_address>
         <run_address>0xc20</run_address>
         <size>0x1e0</size>
         <input_file_ref idref="fl-7"/>
      </object_component>
      <object_component id="oc-d6">
         <name>.text</name>
         <load_address>0xe00</load_address>
         <run_address>0xe00</run_address>
         <size>0xf4</size>
         <input_file_ref idref="fl-6"/>
      </object_component>
      <object_component id="oc-c4">
         <name>.text</name>
         <load_address>0xef4</load_address>
         <run_address>0xef4</run_address>
         <size>0xcc</size>
         <input_file_ref idref="fl-2"/>
      </object_component>
      <object_component id="oc-7b">
         <name>.text</name>
         <load_address>0xfc0</load_address>
         <run_address>0xfc0</run_address>
         <size>0xbc</size>
         <input_file_ref idref="fl-5"/>
      </object_component>
      <object_component id="oc-3b">
         <name>.text</name>
         <load_address>0x107c</load_address>
         <run_address>0x107c</run_address>
         <size>0x9c</size>
         <input_file_ref idref="fl-ca"/>
      </object_component>
      <object_component id="oc-47">
         <name>.text</name>
         <load_address>0x1118</load_address>
         <run_address>0x1118</run_address>
         <size>0x7a</size>
         <input_file_ref idref="fl-cb"/>
      </object_component>
      <object_component id="oc-53">
         <name>.text</name>
         <load_address>0x1192</load_address>
         <run_address>0x1192</run_address>
         <size>0x2</size>
         <input_file_ref idref="fl-cc"/>
      </object_component>
      <object_component id="oc-5f">
         <name>.text</name>
         <load_address>0x1194</load_address>
         <run_address>0x1194</run_address>
         <size>0x70</size>
         <input_file_ref idref="fl-d1"/>
      </object_component>
      <object_component id="oc-14">
         <name>.text:decompress:lzss</name>
         <load_address>0x1204</load_address>
         <run_address>0x1204</run_address>
         <size>0x68</size>
         <input_file_ref idref="fl-c6"/>
      </object_component>
      <object_component id="oc-26">
         <name>.text</name>
         <load_address>0x126c</load_address>
         <run_address>0x126c</run_address>
         <size>0x54</size>
         <input_file_ref idref="fl-c5"/>
      </object_component>
      <object_component id="oc-6b">
         <name>.text</name>
         <load_address>0x12c0</load_address>
         <run_address>0x12c0</run_address>
         <size>0x54</size>
         <input_file_ref idref="fl-c9"/>
      </object_component>
      <object_component id="oc-a2">
         <name>.text</name>
         <load_address>0x1314</load_address>
         <run_address>0x1314</run_address>
         <size>0x4c</size>
         <input_file_ref idref="fl-d2"/>
      </object_component>
      <object_component id="oc-dc">
         <name>.text</name>
         <load_address>0x1360</load_address>
         <run_address>0x1360</run_address>
         <size>0x40</size>
         <input_file_ref idref="fl-8"/>
      </object_component>
      <object_component id="oc-e2">
         <name>.text</name>
         <load_address>0x13a0</load_address>
         <run_address>0x13a0</run_address>
         <size>0x24</size>
         <input_file_ref idref="fl-4"/>
      </object_component>
      <object_component id="oc-65">
         <name>.text</name>
         <load_address>0x13c4</load_address>
         <run_address>0x13c4</run_address>
         <size>0x18</size>
         <input_file_ref idref="fl-d0"/>
      </object_component>
      <object_component id="oc-11e">
         <name>.text</name>
         <load_address>0x13dc</load_address>
         <run_address>0x13dc</run_address>
         <size>0x14</size>
         <input_file_ref idref="fl-cf"/>
      </object_component>
      <object_component id="oc-1a">
         <name>.text:decompress:none</name>
         <load_address>0x13f0</load_address>
         <run_address>0x13f0</run_address>
         <size>0xe</size>
         <input_file_ref idref="fl-c7"/>
      </object_component>
      <object_component id="oc-75">
         <name>.text</name>
         <load_address>0x13fe</load_address>
         <run_address>0x13fe</run_address>
         <size>0xe</size>
         <input_file_ref idref="fl-a"/>
      </object_component>
      <object_component id="oc-20">
         <name>.text:decompress:ZI</name>
         <load_address>0x140c</load_address>
         <run_address>0x140c</run_address>
         <size>0xc</size>
         <input_file_ref idref="fl-c8"/>
      </object_component>
      <object_component id="oc-59">
         <name>.text</name>
         <load_address>0x1418</load_address>
         <run_address>0x1418</run_address>
         <size>0x4</size>
         <input_file_ref idref="fl-cd"/>
      </object_component>
      <object_component id="oc-a8">
         <name>.text</name>
         <load_address>0x141c</load_address>
         <run_address>0x141c</run_address>
         <size>0x2</size>
         <input_file_ref idref="fl-d3"/>
      </object_component>
      <object_component id="oc-12f">
         <name>.const:$P$T0$1</name>
         <load_address>0x1420</load_address>
         <run_address>0x1420</run_address>
         <size>0x20</size>
         <input_file_ref idref="fl-7"/>
      </object_component>
      <object_component id="oc-193">
         <name>.cinit..data.load</name>
         <load_address>0x1440</load_address>
         <run_address>0x1440</run_address>
         <size>0x17</size>
      </object_component>
      <object_component id="oc-191">
         <name>__TI_handler_table</name>
         <load_address>0x1458</load_address>
         <run_address>0x1458</run_address>
         <size>0xc</size>
      </object_component>
      <object_component id="oc-194">
         <name>.cinit..bss.load</name>
         <load_address>0x1468</load_address>
         <run_address>0x1468</run_address>
         <size>0x8</size>
      </object_component>
      <object_component id="oc-192">
         <name>__TI_cinit_table</name>
         <load_address>0x1470</load_address>
         <run_address>0x1470</run_address>
         <size>0x10</size>
      </object_component>
      <object_component id="oc-16e">
         <name>.binit</name>
         <load_address>0x0</load_address>
         <run_address>0x0</run_address>
         <size>0x0</size>
      </object_component>
      <object_component id="oc-134">
         <name>.data</name>
         <load_address>0x20000000</load_address>
         <run_address>0x20000000</run_address>
         <size>0x18</size>
         <input_file_ref idref="fl-3"/>
      </object_component>
      <object_component id="oc-eb">
         <name>.data</name>
         <load_address>0x20000038</load_address>
         <run_address>0x20000038</run_address>
         <size>0x5</size>
         <input_file_ref idref="fl-5"/>
      </object_component>
      <object_component id="oc-f3">
         <name>.data</name>
         <load_address>0x20000024</load_address>
         <run_address>0x20000024</run_address>
         <size>0xc</size>
         <input_file_ref idref="fl-9"/>
      </object_component>
      <object_component id="oc-12a">
         <name>.data</name>
         <load_address>0x20000044</load_address>
         <run_address>0x20000044</run_address>
         <size>0x4</size>
         <input_file_ref idref="fl-b"/>
      </object_component>
      <object_component id="oc-b2">
         <name>.data:$O1$$</name>
         <load_address>0x20000018</load_address>
         <run_address>0x20000018</run_address>
         <size>0xc</size>
         <input_file_ref idref="fl-c9"/>
      </object_component>
      <object_component id="oc-71">
         <name>.data</name>
         <load_address>0x20000040</load_address>
         <run_address>0x20000040</run_address>
         <size>0x4</size>
         <input_file_ref idref="fl-ce"/>
      </object_component>
      <object_component id="oc-b5">
         <name>.data:$O1$$</name>
         <load_address>0x20000030</load_address>
         <run_address>0x20000030</run_address>
         <size>0x8</size>
         <input_file_ref idref="fl-cf"/>
      </object_component>
      <object_component id="oc-ee">
         <name>.common:reflectance_data</name>
         <uninitialized>true</uninitialized>
         <run_address>0x2000004e</run_address>
         <size>0x1</size>
      </object_component>
      <object_component id="oc-e8">
         <name>.common:bump_data</name>
         <uninitialized>true</uninitialized>
         <run_address>0x2000004d</run_address>
         <size>0x1</size>
      </object_component>
      <object_component id="oc-f0">
         <name>.common:LogicData</name>
         <uninitialized>true</uninitialized>
         <run_address>0x2000004c</run_address>
         <size>0x1</size>
      </object_component>
      <object_component id="oc-f6">
         <name>.common:PeriodicTask2</name>
         <uninitialized>true</uninitialized>
         <run_address>0x20000048</run_address>
         <size>0x4</size>
      </object_component>
      <object_component id="oc-2f">
         <name>.stack</name>
         <uninitialized>true</uninitialized>
         <run_address>0x2000fe00</run_address>
         <size>0x0</size>
         <input_file_ref idref="fl-c5"/>
      </object_component>
      <object_component id="oc-195">
         <name>.stack</name>
         <uninitialized>true</uninitialized>
         <run_address>0x2000fe00</run_address>
         <size>0x0</size>
      </object_component>
      <object_component id="oc-169">
         <name>.debug_info</name>
         <load_address>0x0</load_address>
         <run_address>0x0</run_address>
         <size>0x534</size>
         <input_file_ref idref="fl-2"/>
      </object_component>
      <object_component id="oc-c5">
         <name>.debug_info</name>
         <load_address>0x534</load_address>
         <run_address>0x534</run_address>
         <size>0x1da</size>
         <input_file_ref idref="fl-2"/>
      </object_component>
      <object_component id="oc-13d">
         <name>.debug_info</name>
         <load_address>0x70e</load_address>
         <run_address>0x70e</run_address>
         <size>0x37e2</size>
         <input_file_ref idref="fl-2"/>
      </object_component>
      <object_component id="oc-142">
         <name>.debug_info</name>
         <load_address>0x3ef0</load_address>
         <run_address>0x3ef0</run_address>
         <size>0x1055</size>
         <input_file_ref idref="fl-2"/>
      </object_component>
      <object_component id="oc-36">
         <name>.debug_info</name>
         <load_address>0x4f45</load_address>
         <run_address>0x4f45</run_address>
         <size>0x84</size>
         <input_file_ref idref="fl-2"/>
      </object_component>
      <object_component id="oc-f8">
         <name>.debug_info</name>
         <load_address>0x4fc9</load_address>
         <run_address>0x4fc9</run_address>
         <size>0x18b</size>
         <input_file_ref idref="fl-2"/>
      </object_component>
      <object_component id="oc-135">
         <name>.debug_info</name>
         <load_address>0x5154</load_address>
         <run_address>0x5154</run_address>
         <size>0x1a3</size>
         <input_file_ref idref="fl-3"/>
      </object_component>
      <object_component id="oc-d3">
         <name>.debug_info</name>
         <load_address>0x52f7</load_address>
         <run_address>0x52f7</run_address>
         <size>0x3b7</size>
         <input_file_ref idref="fl-3"/>
      </object_component>
      <object_component id="oc-e5">
         <name>.debug_info</name>
         <load_address>0x56ae</load_address>
         <run_address>0x56ae</run_address>
         <size>0x378</size>
         <input_file_ref idref="fl-4"/>
      </object_component>
      <object_component id="oc-e9">
         <name>.debug_info</name>
         <load_address>0x5a26</load_address>
         <run_address>0x5a26</run_address>
         <size>0x71f</size>
         <input_file_ref idref="fl-5"/>
      </object_component>
      <object_component id="oc-ec">
         <name>.debug_info</name>
         <load_address>0x6145</load_address>
         <run_address>0x6145</run_address>
         <size>0xe5</size>
         <input_file_ref idref="fl-5"/>
      </object_component>
      <object_component id="oc-7c">
         <name>.debug_info</name>
         <load_address>0x622a</load_address>
         <run_address>0x622a</run_address>
         <size>0x2fa</size>
         <input_file_ref idref="fl-5"/>
      </object_component>
      <object_component id="oc-fd">
         <name>.debug_info</name>
         <load_address>0x6524</load_address>
         <run_address>0x6524</run_address>
         <size>0xb4</size>
         <input_file_ref idref="fl-5"/>
      </object_component>
      <object_component id="oc-d7">
         <name>.debug_info</name>
         <load_address>0x65d8</load_address>
         <run_address>0x65d8</run_address>
         <size>0x34d</size>
         <input_file_ref idref="fl-6"/>
      </object_component>
      <object_component id="oc-133">
         <name>.debug_info</name>
         <load_address>0x6925</load_address>
         <run_address>0x6925</run_address>
         <size>0x58a</size>
         <input_file_ref idref="fl-7"/>
      </object_component>
      <object_component id="oc-130">
         <name>.debug_info</name>
         <load_address>0x6eaf</load_address>
         <run_address>0x6eaf</run_address>
         <size>0xf3</size>
         <input_file_ref idref="fl-7"/>
      </object_component>
      <object_component id="oc-cb">
         <name>.debug_info</name>
         <load_address>0x6fa2</load_address>
         <run_address>0x6fa2</run_address>
         <size>0x900</size>
         <input_file_ref idref="fl-7"/>
      </object_component>
      <object_component id="oc-162">
         <name>.debug_info</name>
         <load_address>0x78a2</load_address>
         <run_address>0x78a2</run_address>
         <size>0x37e2</size>
         <input_file_ref idref="fl-7"/>
      </object_component>
      <object_component id="oc-df">
         <name>.debug_info</name>
         <load_address>0xb084</load_address>
         <run_address>0xb084</run_address>
         <size>0x1c4</size>
         <input_file_ref idref="fl-8"/>
      </object_component>
      <object_component id="oc-f1">
         <name>.debug_info</name>
         <load_address>0xb248</load_address>
         <run_address>0xb248</run_address>
         <size>0x590</size>
         <input_file_ref idref="fl-9"/>
      </object_component>
      <object_component id="oc-f4">
         <name>.debug_info</name>
         <load_address>0xb7d8</load_address>
         <run_address>0xb7d8</run_address>
         <size>0x186</size>
         <input_file_ref idref="fl-9"/>
      </object_component>
      <object_component id="oc-82">
         <name>.debug_info</name>
         <load_address>0xb95e</load_address>
         <run_address>0xb95e</run_address>
         <size>0x1aab</size>
         <input_file_ref idref="fl-9"/>
      </object_component>
      <object_component id="oc-89">
         <name>.debug_info</name>
         <load_address>0xd409</load_address>
         <run_address>0xd409</run_address>
         <size>0x2bc</size>
         <input_file_ref idref="fl-a"/>
      </object_component>
      <object_component id="oc-2d">
         <name>.debug_info</name>
         <load_address>0xd6c5</load_address>
         <run_address>0xd6c5</run_address>
         <size>0xfa</size>
         <input_file_ref idref="fl-a"/>
      </object_component>
      <object_component id="oc-78">
         <name>.debug_info</name>
         <load_address>0xd7bf</load_address>
         <run_address>0xd7bf</run_address>
         <size>0x1c1</size>
         <input_file_ref idref="fl-a"/>
      </object_component>
      <object_component id="oc-12b">
         <name>.debug_info</name>
         <load_address>0xd980</load_address>
         <run_address>0xd980</run_address>
         <size>0xf3</size>
         <input_file_ref idref="fl-b"/>
      </object_component>
      <object_component id="oc-be">
         <name>.debug_info</name>
         <load_address>0xda73</load_address>
         <run_address>0xda73</run_address>
         <size>0x265</size>
         <input_file_ref idref="fl-b"/>
      </object_component>
      <object_component id="oc-28">
         <name>.debug_info</name>
         <load_address>0xdcd8</load_address>
         <run_address>0xdcd8</run_address>
         <size>0x160</size>
         <input_file_ref idref="fl-c5"/>
      </object_component>
      <object_component id="oc-8f">
         <name>.debug_info</name>
         <load_address>0xde38</load_address>
         <run_address>0xde38</run_address>
         <size>0x293</size>
         <input_file_ref idref="fl-c6"/>
      </object_component>
      <object_component id="oc-16">
         <name>.debug_info</name>
         <load_address>0xe0cb</load_address>
         <run_address>0xe0cb</run_address>
         <size>0x245</size>
         <input_file_ref idref="fl-c6"/>
      </object_component>
      <object_component id="oc-31">
         <name>.debug_info</name>
         <load_address>0xe310</load_address>
         <run_address>0xe310</run_address>
         <size>0x60</size>
         <input_file_ref idref="fl-c6"/>
      </object_component>
      <object_component id="oc-8a">
         <name>.debug_info</name>
         <load_address>0xe370</load_address>
         <run_address>0xe370</run_address>
         <size>0x46</size>
         <input_file_ref idref="fl-c6"/>
      </object_component>
      <object_component id="oc-46">
         <name>.debug_info</name>
         <load_address>0xe3b6</load_address>
         <run_address>0xe3b6</run_address>
         <size>0x2da</size>
         <input_file_ref idref="fl-c7"/>
      </object_component>
      <object_component id="oc-1e">
         <name>.debug_info</name>
         <load_address>0xe690</load_address>
         <run_address>0xe690</run_address>
         <size>0x1df</size>
         <input_file_ref idref="fl-c7"/>
      </object_component>
      <object_component id="oc-41">
         <name>.debug_info</name>
         <load_address>0xe86f</load_address>
         <run_address>0xe86f</run_address>
         <size>0x46</size>
         <input_file_ref idref="fl-c7"/>
      </object_component>
      <object_component id="oc-91">
         <name>.debug_info</name>
         <load_address>0xe8b5</load_address>
         <run_address>0xe8b5</run_address>
         <size>0x2c</size>
         <input_file_ref idref="fl-c7"/>
      </object_component>
      <object_component id="oc-52">
         <name>.debug_info</name>
         <load_address>0xe8e1</load_address>
         <run_address>0xe8e1</run_address>
         <size>0x2c9</size>
         <input_file_ref idref="fl-c8"/>
      </object_component>
      <object_component id="oc-23">
         <name>.debug_info</name>
         <load_address>0xebaa</load_address>
         <run_address>0xebaa</run_address>
         <size>0x1aa</size>
         <input_file_ref idref="fl-c8"/>
      </object_component>
      <object_component id="oc-4d">
         <name>.debug_info</name>
         <load_address>0xed54</load_address>
         <run_address>0xed54</run_address>
         <size>0x46</size>
         <input_file_ref idref="fl-c8"/>
      </object_component>
      <object_component id="oc-99">
         <name>.debug_info</name>
         <load_address>0xed9a</load_address>
         <run_address>0xed9a</run_address>
         <size>0x2c</size>
         <input_file_ref idref="fl-c8"/>
      </object_component>
      <object_component id="oc-b9">
         <name>.debug_info</name>
         <load_address>0xedc6</load_address>
         <run_address>0xedc6</run_address>
         <size>0x3ce</size>
         <input_file_ref idref="fl-c9"/>
      </object_component>
      <object_component id="oc-b3">
         <name>.debug_info</name>
         <load_address>0xf194</load_address>
         <run_address>0xf194</run_address>
         <size>0x185</size>
         <input_file_ref idref="fl-c9"/>
      </object_component>
      <object_component id="oc-6d">
         <name>.debug_info</name>
         <load_address>0xf319</load_address>
         <run_address>0xf319</run_address>
         <size>0x214</size>
         <input_file_ref idref="fl-c9"/>
      </object_component>
      <object_component id="oc-3c">
         <name>.debug_info</name>
         <load_address>0xf52d</load_address>
         <run_address>0xf52d</run_address>
         <size>0x111</size>
         <input_file_ref idref="fl-ca"/>
      </object_component>
      <object_component id="oc-4a">
         <name>.debug_info</name>
         <load_address>0xf63e</load_address>
         <run_address>0xf63e</run_address>
         <size>0x13f</size>
         <input_file_ref idref="fl-cb"/>
      </object_component>
      <object_component id="oc-56">
         <name>.debug_info</name>
         <load_address>0xf77d</load_address>
         <run_address>0xf77d</run_address>
         <size>0x138</size>
         <input_file_ref idref="fl-cc"/>
      </object_component>
      <object_component id="oc-5c">
         <name>.debug_info</name>
         <load_address>0xf8b5</load_address>
         <run_address>0xf8b5</run_address>
         <size>0x148</size>
         <input_file_ref idref="fl-cd"/>
      </object_component>
      <object_component id="oc-72">
         <name>.debug_info</name>
         <load_address>0xf9fd</load_address>
         <run_address>0xf9fd</run_address>
         <size>0x109</size>
         <input_file_ref idref="fl-ce"/>
      </object_component>
      <object_component id="oc-126">
         <name>.debug_info</name>
         <load_address>0xfb06</load_address>
         <run_address>0xfb06</run_address>
         <size>0x2be</size>
         <input_file_ref idref="fl-cf"/>
      </object_component>
      <object_component id="oc-b6">
         <name>.debug_info</name>
         <load_address>0xfdc4</load_address>
         <run_address>0xfdc4</run_address>
         <size>0x113</size>
         <input_file_ref idref="fl-cf"/>
      </object_component>
      <object_component id="oc-121">
         <name>.debug_info</name>
         <load_address>0xfed7</load_address>
         <run_address>0xfed7</run_address>
         <size>0x21f</size>
         <input_file_ref idref="fl-cf"/>
      </object_component>
      <object_component id="oc-b1">
         <name>.debug_info</name>
         <load_address>0x100f6</load_address>
         <run_address>0x100f6</run_address>
         <size>0x300</size>
         <input_file_ref idref="fl-d0"/>
      </object_component>
      <object_component id="oc-66">
         <name>.debug_info</name>
         <load_address>0x103f6</load_address>
         <run_address>0x103f6</run_address>
         <size>0x167</size>
         <input_file_ref idref="fl-d0"/>
      </object_component>
      <object_component id="oc-117">
         <name>.debug_info</name>
         <load_address>0x1055d</load_address>
         <run_address>0x1055d</run_address>
         <size>0x5e</size>
         <input_file_ref idref="fl-d0"/>
      </object_component>
      <object_component id="oc-af">
         <name>.debug_info</name>
         <load_address>0x105bb</load_address>
         <run_address>0x105bb</run_address>
         <size>0x483</size>
         <input_file_ref idref="fl-d1"/>
      </object_component>
      <object_component id="oc-63">
         <name>.debug_info</name>
         <load_address>0x10a3e</load_address>
         <run_address>0x10a3e</run_address>
         <size>0x190</size>
         <input_file_ref idref="fl-d1"/>
      </object_component>
      <object_component id="oc-10b">
         <name>.debug_info</name>
         <load_address>0x10bce</load_address>
         <run_address>0x10bce</run_address>
         <size>0x39</size>
         <input_file_ref idref="fl-d1"/>
      </object_component>
      <object_component id="oc-154">
         <name>.debug_info</name>
         <load_address>0x10c07</load_address>
         <run_address>0x10c07</run_address>
         <size>0x39</size>
         <input_file_ref idref="fl-d1"/>
      </object_component>
      <object_component id="oc-110">
         <name>.debug_info</name>
         <load_address>0x10c40</load_address>
         <run_address>0x10c40</run_address>
         <size>0xcd</size>
         <input_file_ref idref="fl-d1"/>
      </object_component>
      <object_component id="oc-107">
         <name>.debug_info</name>
         <load_address>0x10d0d</load_address>
         <run_address>0x10d0d</run_address>
         <size>0x37a</size>
         <input_file_ref idref="fl-d2"/>
      </object_component>
      <object_component id="oc-a3">
         <name>.debug_info</name>
         <load_address>0x11087</load_address>
         <run_address>0x11087</run_address>
         <size>0x183</size>
         <input_file_ref idref="fl-d2"/>
      </object_component>
      <object_component id="oc-14f">
         <name>.debug_info</name>
         <load_address>0x1120a</load_address>
         <run_address>0x1120a</run_address>
         <size>0x2c</size>
         <input_file_ref idref="fl-d2"/>
      </object_component>
      <object_component id="oc-aa">
         <name>.debug_info</name>
         <load_address>0x11236</load_address>
         <run_address>0x11236</run_address>
         <size>0x145</size>
         <input_file_ref idref="fl-d3"/>
      </object_component>
      <object_component id="oc-196">
         <name>.debug_info</name>
         <load_address>0x1137b</load_address>
         <run_address>0x1137b</run_address>
         <size>0xa9</size>
      </object_component>
      <object_component id="oc-16b">
         <name>.debug_line</name>
         <load_address>0x0</load_address>
         <run_address>0x0</run_address>
         <size>0x20</size>
         <input_file_ref idref="fl-2"/>
      </object_component>
      <object_component id="oc-c8">
         <name>.debug_line</name>
         <load_address>0x20</load_address>
         <run_address>0x20</run_address>
         <size>0x82</size>
         <input_file_ref idref="fl-2"/>
      </object_component>
      <object_component id="oc-140">
         <name>.debug_line</name>
         <load_address>0xa2</load_address>
         <run_address>0xa2</run_address>
         <size>0x52</size>
         <input_file_ref idref="fl-2"/>
      </object_component>
      <object_component id="oc-145">
         <name>.debug_line</name>
         <load_address>0xf4</load_address>
         <run_address>0xf4</run_address>
         <size>0x55</size>
         <input_file_ref idref="fl-2"/>
      </object_component>
      <object_component id="oc-39">
         <name>.debug_line</name>
         <load_address>0x149</load_address>
         <run_address>0x149</run_address>
         <size>0x20</size>
         <input_file_ref idref="fl-2"/>
      </object_component>
      <object_component id="oc-fb">
         <name>.debug_line</name>
         <load_address>0x169</load_address>
         <run_address>0x169</run_address>
         <size>0x65</size>
         <input_file_ref idref="fl-2"/>
      </object_component>
      <object_component id="oc-168">
         <name>.debug_line</name>
         <load_address>0x1ce</load_address>
         <run_address>0x1ce</run_address>
         <size>0x46</size>
         <input_file_ref idref="fl-3"/>
      </object_component>
      <object_component id="oc-d2">
         <name>.debug_line</name>
         <load_address>0x214</load_address>
         <run_address>0x214</run_address>
         <size>0x113</size>
         <input_file_ref idref="fl-3"/>
      </object_component>
      <object_component id="oc-e4">
         <name>.debug_line</name>
         <load_address>0x327</load_address>
         <run_address>0x327</run_address>
         <size>0xca</size>
         <input_file_ref idref="fl-4"/>
      </object_component>
      <object_component id="oc-13c">
         <name>.debug_line</name>
         <load_address>0x3f1</load_address>
         <run_address>0x3f1</run_address>
         <size>0xdd</size>
         <input_file_ref idref="fl-5"/>
      </object_component>
      <object_component id="oc-148">
         <name>.debug_line</name>
         <load_address>0x4ce</load_address>
         <run_address>0x4ce</run_address>
         <size>0x39</size>
         <input_file_ref idref="fl-5"/>
      </object_component>
      <object_component id="oc-7f">
         <name>.debug_line</name>
         <load_address>0x507</load_address>
         <run_address>0x507</run_address>
         <size>0xaf</size>
         <input_file_ref idref="fl-5"/>
      </object_component>
      <object_component id="oc-100">
         <name>.debug_line</name>
         <load_address>0x5b6</load_address>
         <run_address>0x5b6</run_address>
         <size>0x35</size>
         <input_file_ref idref="fl-5"/>
      </object_component>
      <object_component id="oc-da">
         <name>.debug_line</name>
         <load_address>0x5eb</load_address>
         <run_address>0x5eb</run_address>
         <size>0xbc</size>
         <input_file_ref idref="fl-6"/>
      </object_component>
      <object_component id="oc-161">
         <name>.debug_line</name>
         <load_address>0x6a7</load_address>
         <run_address>0x6a7</run_address>
         <size>0x4d</size>
         <input_file_ref idref="fl-7"/>
      </object_component>
      <object_component id="oc-15f">
         <name>.debug_line</name>
         <load_address>0x6f4</load_address>
         <run_address>0x6f4</run_address>
         <size>0x4c</size>
         <input_file_ref idref="fl-7"/>
      </object_component>
      <object_component id="oc-cf">
         <name>.debug_line</name>
         <load_address>0x740</load_address>
         <run_address>0x740</run_address>
         <size>0x1a5</size>
         <input_file_ref idref="fl-7"/>
      </object_component>
      <object_component id="oc-165">
         <name>.debug_line</name>
         <load_address>0x8e5</load_address>
         <run_address>0x8e5</run_address>
         <size>0x52</size>
         <input_file_ref idref="fl-7"/>
      </object_component>
      <object_component id="oc-de">
         <name>.debug_line</name>
         <load_address>0x937</load_address>
         <run_address>0x937</run_address>
         <size>0x67</size>
         <input_file_ref idref="fl-8"/>
      </object_component>
      <object_component id="oc-14a">
         <name>.debug_line</name>
         <load_address>0x99e</load_address>
         <run_address>0x99e</run_address>
         <size>0x46</size>
         <input_file_ref idref="fl-9"/>
      </object_component>
      <object_component id="oc-14c">
         <name>.debug_line</name>
         <load_address>0x9e4</load_address>
         <run_address>0x9e4</run_address>
         <size>0x46</size>
         <input_file_ref idref="fl-9"/>
      </object_component>
      <object_component id="oc-85">
         <name>.debug_line</name>
         <load_address>0xa2a</load_address>
         <run_address>0xa2a</run_address>
         <size>0x5ee</size>
         <input_file_ref idref="fl-9"/>
      </object_component>
      <object_component id="oc-103">
         <name>.debug_line</name>
         <load_address>0x1018</load_address>
         <run_address>0x1018</run_address>
         <size>0x40</size>
         <input_file_ref idref="fl-a"/>
      </object_component>
      <object_component id="oc-88">
         <name>.debug_line</name>
         <load_address>0x1058</load_address>
         <run_address>0x1058</run_address>
         <size>0x40</size>
         <input_file_ref idref="fl-a"/>
      </object_component>
      <object_component id="oc-77">
         <name>.debug_line</name>
         <load_address>0x1098</load_address>
         <run_address>0x1098</run_address>
         <size>0x71</size>
         <input_file_ref idref="fl-a"/>
      </object_component>
      <object_component id="oc-15d">
         <name>.debug_line</name>
         <load_address>0x1109</load_address>
         <run_address>0x1109</run_address>
         <size>0x3b</size>
         <input_file_ref idref="fl-b"/>
      </object_component>
      <object_component id="oc-c1">
         <name>.debug_line</name>
         <load_address>0x1144</load_address>
         <run_address>0x1144</run_address>
         <size>0x146</size>
         <input_file_ref idref="fl-b"/>
      </object_component>
      <object_component id="oc-27">
         <name>.debug_line</name>
         <load_address>0x128a</load_address>
         <run_address>0x128a</run_address>
         <size>0x53</size>
         <input_file_ref idref="fl-c5"/>
      </object_component>
      <object_component id="oc-105">
         <name>.debug_line</name>
         <load_address>0x12dd</load_address>
         <run_address>0x12dd</run_address>
         <size>0x20</size>
         <input_file_ref idref="fl-c6"/>
      </object_component>
      <object_component id="oc-19">
         <name>.debug_line</name>
         <load_address>0x12fd</load_address>
         <run_address>0x12fd</run_address>
         <size>0xa9</size>
         <input_file_ref idref="fl-c6"/>
      </object_component>
      <object_component id="oc-34">
         <name>.debug_line</name>
         <load_address>0x13a6</load_address>
         <run_address>0x13a6</run_address>
         <size>0x3a</size>
         <input_file_ref idref="fl-c6"/>
      </object_component>
      <object_component id="oc-8d">
         <name>.debug_line</name>
         <load_address>0x13e0</load_address>
         <run_address>0x13e0</run_address>
         <size>0x8a</size>
         <input_file_ref idref="fl-c6"/>
      </object_component>
      <object_component id="oc-97">
         <name>.debug_line</name>
         <load_address>0x146a</load_address>
         <run_address>0x146a</run_address>
         <size>0x8a</size>
         <input_file_ref idref="fl-c7"/>
      </object_component>
      <object_component id="oc-1b">
         <name>.debug_line</name>
         <load_address>0x14f4</load_address>
         <run_address>0x14f4</run_address>
         <size>0x55</size>
         <input_file_ref idref="fl-c7"/>
      </object_component>
      <object_component id="oc-44">
         <name>.debug_line</name>
         <load_address>0x1549</load_address>
         <run_address>0x1549</run_address>
         <size>0x3a</size>
         <input_file_ref idref="fl-c7"/>
      </object_component>
      <object_component id="oc-94">
         <name>.debug_line</name>
         <load_address>0x1583</load_address>
         <run_address>0x1583</run_address>
         <size>0x8a</size>
         <input_file_ref idref="fl-c7"/>
      </object_component>
      <object_component id="oc-9f">
         <name>.debug_line</name>
         <load_address>0x160d</load_address>
         <run_address>0x160d</run_address>
         <size>0x8a</size>
         <input_file_ref idref="fl-c8"/>
      </object_component>
      <object_component id="oc-21">
         <name>.debug_line</name>
         <load_address>0x1697</load_address>
         <run_address>0x1697</run_address>
         <size>0x4f</size>
         <input_file_ref idref="fl-c8"/>
      </object_component>
      <object_component id="oc-50">
         <name>.debug_line</name>
         <load_address>0x16e6</load_address>
         <run_address>0x16e6</run_address>
         <size>0x34</size>
         <input_file_ref idref="fl-c8"/>
      </object_component>
      <object_component id="oc-9c">
         <name>.debug_line</name>
         <load_address>0x171a</load_address>
         <run_address>0x171a</run_address>
         <size>0x8a</size>
         <input_file_ref idref="fl-c8"/>
      </object_component>
      <object_component id="oc-129">
         <name>.debug_line</name>
         <load_address>0x17a4</load_address>
         <run_address>0x17a4</run_address>
         <size>0xf2</size>
         <input_file_ref idref="fl-c9"/>
      </object_component>
      <object_component id="oc-11d">
         <name>.debug_line</name>
         <load_address>0x1896</load_address>
         <run_address>0x1896</run_address>
         <size>0x2a</size>
         <input_file_ref idref="fl-c9"/>
      </object_component>
      <object_component id="oc-70">
         <name>.debug_line</name>
         <load_address>0x18c0</load_address>
         <run_address>0x18c0</run_address>
         <size>0x86</size>
         <input_file_ref idref="fl-c9"/>
      </object_component>
      <object_component id="oc-3f">
         <name>.debug_line</name>
         <load_address>0x1946</load_address>
         <run_address>0x1946</run_address>
         <size>0x88</size>
         <input_file_ref idref="fl-ca"/>
      </object_component>
      <object_component id="oc-48">
         <name>.debug_line</name>
         <load_address>0x19ce</load_address>
         <run_address>0x19ce</run_address>
         <size>0x79</size>
         <input_file_ref idref="fl-cb"/>
      </object_component>
      <object_component id="oc-58">
         <name>.debug_line</name>
         <load_address>0x1a47</load_address>
         <run_address>0x1a47</run_address>
         <size>0x3d</size>
         <input_file_ref idref="fl-cc"/>
      </object_component>
      <object_component id="oc-5e">
         <name>.debug_line</name>
         <load_address>0x1a84</load_address>
         <run_address>0x1a84</run_address>
         <size>0x40</size>
         <input_file_ref idref="fl-cd"/>
      </object_component>
      <object_component id="oc-bc">
         <name>.debug_line</name>
         <load_address>0x1ac4</load_address>
         <run_address>0x1ac4</run_address>
         <size>0x33</size>
         <input_file_ref idref="fl-ce"/>
      </object_component>
      <object_component id="oc-15b">
         <name>.debug_line</name>
         <load_address>0x1af7</load_address>
         <run_address>0x1af7</run_address>
         <size>0x20</size>
         <input_file_ref idref="fl-cf"/>
      </object_component>
      <object_component id="oc-125">
         <name>.debug_line</name>
         <load_address>0x1b17</load_address>
         <run_address>0x1b17</run_address>
         <size>0x2b</size>
         <input_file_ref idref="fl-cf"/>
      </object_component>
      <object_component id="oc-120">
         <name>.debug_line</name>
         <load_address>0x1b42</load_address>
         <run_address>0x1b42</run_address>
         <size>0x68</size>
         <input_file_ref idref="fl-cf"/>
      </object_component>
      <object_component id="oc-116">
         <name>.debug_line</name>
         <load_address>0x1baa</load_address>
         <run_address>0x1baa</run_address>
         <size>0x2b</size>
         <input_file_ref idref="fl-d0"/>
      </object_component>
      <object_component id="oc-6a">
         <name>.debug_line</name>
         <load_address>0x1bd5</load_address>
         <run_address>0x1bd5</run_address>
         <size>0x4a</size>
         <input_file_ref idref="fl-d0"/>
      </object_component>
      <object_component id="oc-11a">
         <name>.debug_line</name>
         <load_address>0x1c1f</load_address>
         <run_address>0x1c1f</run_address>
         <size>0x2b</size>
         <input_file_ref idref="fl-d0"/>
      </object_component>
      <object_component id="oc-10a">
         <name>.debug_line</name>
         <load_address>0x1c4a</load_address>
         <run_address>0x1c4a</run_address>
         <size>0xa9</size>
         <input_file_ref idref="fl-d1"/>
      </object_component>
      <object_component id="oc-61">
         <name>.debug_line</name>
         <load_address>0x1cf3</load_address>
         <run_address>0x1cf3</run_address>
         <size>0x8b</size>
         <input_file_ref idref="fl-d1"/>
      </object_component>
      <object_component id="oc-10e">
         <name>.debug_line</name>
         <load_address>0x1d7e</load_address>
         <run_address>0x1d7e</run_address>
         <size>0x2e</size>
         <input_file_ref idref="fl-d1"/>
      </object_component>
      <object_component id="oc-157">
         <name>.debug_line</name>
         <load_address>0x1dac</load_address>
         <run_address>0x1dac</run_address>
         <size>0x8a</size>
         <input_file_ref idref="fl-d1"/>
      </object_component>
      <object_component id="oc-113">
         <name>.debug_line</name>
         <load_address>0x1e36</load_address>
         <run_address>0x1e36</run_address>
         <size>0x8b</size>
         <input_file_ref idref="fl-d1"/>
      </object_component>
      <object_component id="oc-14e">
         <name>.debug_line</name>
         <load_address>0x1ec1</load_address>
         <run_address>0x1ec1</run_address>
         <size>0x98</size>
         <input_file_ref idref="fl-d2"/>
      </object_component>
      <object_component id="oc-a6">
         <name>.debug_line</name>
         <load_address>0x1f59</load_address>
         <run_address>0x1f59</run_address>
         <size>0x68</size>
         <input_file_ref idref="fl-d2"/>
      </object_component>
      <object_component id="oc-152">
         <name>.debug_line</name>
         <load_address>0x1fc1</load_address>
         <run_address>0x1fc1</run_address>
         <size>0x2e</size>
         <input_file_ref idref="fl-d2"/>
      </object_component>
      <object_component id="oc-ad">
         <name>.debug_line</name>
         <load_address>0x1fef</load_address>
         <run_address>0x1fef</run_address>
         <size>0x3c</size>
         <input_file_ref idref="fl-d3"/>
      </object_component>
      <object_component id="oc-c9">
         <name>.debug_frame</name>
         <load_address>0x0</load_address>
         <run_address>0x0</run_address>
         <size>0x6c</size>
         <input_file_ref idref="fl-2"/>
      </object_component>
      <object_component id="oc-d1">
         <name>.debug_frame</name>
         <load_address>0x6c</load_address>
         <run_address>0x6c</run_address>
         <size>0xb0</size>
         <input_file_ref idref="fl-3"/>
      </object_component>
      <object_component id="oc-e3">
         <name>.debug_frame</name>
         <load_address>0x11c</load_address>
         <run_address>0x11c</run_address>
         <size>0xa4</size>
         <input_file_ref idref="fl-4"/>
      </object_component>
      <object_component id="oc-80">
         <name>.debug_frame</name>
         <load_address>0x1c0</load_address>
         <run_address>0x1c0</run_address>
         <size>0x88</size>
         <input_file_ref idref="fl-5"/>
      </object_component>
      <object_component id="oc-db">
         <name>.debug_frame</name>
         <load_address>0x248</load_address>
         <run_address>0x248</run_address>
         <size>0x98</size>
         <input_file_ref idref="fl-6"/>
      </object_component>
      <object_component id="oc-ce">
         <name>.debug_frame</name>
         <load_address>0x2e0</load_address>
         <run_address>0x2e0</run_address>
         <size>0x144</size>
         <input_file_ref idref="fl-7"/>
      </object_component>
      <object_component id="oc-e1">
         <name>.debug_frame</name>
         <load_address>0x424</load_address>
         <run_address>0x424</run_address>
         <size>0x58</size>
         <input_file_ref idref="fl-8"/>
      </object_component>
      <object_component id="oc-86">
         <name>.debug_frame</name>
         <load_address>0x47c</load_address>
         <run_address>0x47c</run_address>
         <size>0x3f8</size>
         <input_file_ref idref="fl-9"/>
      </object_component>
      <object_component id="oc-7a">
         <name>.debug_frame</name>
         <load_address>0x874</load_address>
         <run_address>0x874</run_address>
         <size>0x6c</size>
         <input_file_ref idref="fl-a"/>
      </object_component>
      <object_component id="oc-c2">
         <name>.debug_frame</name>
         <load_address>0x8e0</load_address>
         <run_address>0x8e0</run_address>
         <size>0x70</size>
         <input_file_ref idref="fl-b"/>
      </object_component>
      <object_component id="oc-15">
         <name>.debug_frame</name>
         <load_address>0x950</load_address>
         <run_address>0x950</run_address>
         <size>0x60</size>
         <input_file_ref idref="fl-c6"/>
      </object_component>
      <object_component id="oc-1c">
         <name>.debug_frame</name>
         <load_address>0x9b0</load_address>
         <run_address>0x9b0</run_address>
         <size>0x54</size>
         <input_file_ref idref="fl-c7"/>
      </object_component>
      <object_component id="oc-25">
         <name>.debug_frame</name>
         <load_address>0xa04</load_address>
         <run_address>0xa04</run_address>
         <size>0x54</size>
         <input_file_ref idref="fl-c8"/>
      </object_component>
      <object_component id="oc-6c">
         <name>.debug_frame</name>
         <load_address>0xa58</load_address>
         <run_address>0xa58</run_address>
         <size>0x88</size>
         <input_file_ref idref="fl-c9"/>
      </object_component>
      <object_component id="oc-54">
         <name>.debug_frame</name>
         <load_address>0xae0</load_address>
         <run_address>0xae0</run_address>
         <size>0x54</size>
         <input_file_ref idref="fl-cc"/>
      </object_component>
      <object_component id="oc-5b">
         <name>.debug_frame</name>
         <load_address>0xb34</load_address>
         <run_address>0xb34</run_address>
         <size>0x54</size>
         <input_file_ref idref="fl-cd"/>
      </object_component>
      <object_component id="oc-11f">
         <name>.debug_frame</name>
         <load_address>0xb88</load_address>
         <run_address>0xb88</run_address>
         <size>0x7c</size>
         <input_file_ref idref="fl-cf"/>
      </object_component>
      <object_component id="oc-69">
         <name>.debug_frame</name>
         <load_address>0xc04</load_address>
         <run_address>0xc04</run_address>
         <size>0x54</size>
         <input_file_ref idref="fl-d0"/>
      </object_component>
      <object_component id="oc-62">
         <name>.debug_frame</name>
         <load_address>0xc58</load_address>
         <run_address>0xc58</run_address>
         <size>0x5c</size>
         <input_file_ref idref="fl-d1"/>
      </object_component>
      <object_component id="oc-a7">
         <name>.debug_frame</name>
         <load_address>0xcb4</load_address>
         <run_address>0xcb4</run_address>
         <size>0x60</size>
         <input_file_ref idref="fl-d2"/>
      </object_component>
      <object_component id="oc-a9">
         <name>.debug_frame</name>
         <load_address>0xd14</load_address>
         <run_address>0xd14</run_address>
         <size>0x54</size>
         <input_file_ref idref="fl-d3"/>
      </object_component>
      <object_component id="oc-16a">
         <name>.debug_abbrev</name>
         <load_address>0x0</load_address>
         <run_address>0x0</run_address>
         <size>0x68</size>
         <input_file_ref idref="fl-2"/>
      </object_component>
      <object_component id="oc-12e">
         <name>.debug_abbrev</name>
         <load_address>0x68</load_address>
         <run_address>0x68</run_address>
         <size>0x8d</size>
         <input_file_ref idref="fl-2"/>
      </object_component>
      <object_component id="oc-13f">
         <name>.debug_abbrev</name>
         <load_address>0xf5</load_address>
         <run_address>0xf5</run_address>
         <size>0xbd</size>
         <input_file_ref idref="fl-2"/>
      </object_component>
      <object_component id="oc-144">
         <name>.debug_abbrev</name>
         <load_address>0x1b2</load_address>
         <run_address>0x1b2</run_address>
         <size>0x97</size>
         <input_file_ref idref="fl-2"/>
      </object_component>
      <object_component id="oc-38">
         <name>.debug_abbrev</name>
         <load_address>0x249</load_address>
         <run_address>0x249</run_address>
         <size>0x1f</size>
         <input_file_ref idref="fl-2"/>
      </object_component>
      <object_component id="oc-fa">
         <name>.debug_abbrev</name>
         <load_address>0x268</load_address>
         <run_address>0x268</run_address>
         <size>0x35</size>
         <input_file_ref idref="fl-2"/>
      </object_component>
      <object_component id="oc-167">
         <name>.debug_abbrev</name>
         <load_address>0x29d</load_address>
         <run_address>0x29d</run_address>
         <size>0x29</size>
         <input_file_ref idref="fl-3"/>
      </object_component>
      <object_component id="oc-137">
         <name>.debug_abbrev</name>
         <load_address>0x2c6</load_address>
         <run_address>0x2c6</run_address>
         <size>0xa9</size>
         <input_file_ref idref="fl-3"/>
      </object_component>
      <object_component id="oc-13a">
         <name>.debug_abbrev</name>
         <load_address>0x36f</load_address>
         <run_address>0x36f</run_address>
         <size>0x50</size>
         <input_file_ref idref="fl-4"/>
      </object_component>
      <object_component id="oc-13b">
         <name>.debug_abbrev</name>
         <load_address>0x3bf</load_address>
         <run_address>0x3bf</run_address>
         <size>0xc5</size>
         <input_file_ref idref="fl-5"/>
      </object_component>
      <object_component id="oc-147">
         <name>.debug_abbrev</name>
         <load_address>0x484</load_address>
         <run_address>0x484</run_address>
         <size>0x29</size>
         <input_file_ref idref="fl-5"/>
      </object_component>
      <object_component id="oc-ef">
         <name>.debug_abbrev</name>
         <load_address>0x4ad</load_address>
         <run_address>0x4ad</run_address>
         <size>0x9b</size>
         <input_file_ref idref="fl-5"/>
      </object_component>
      <object_component id="oc-ff">
         <name>.debug_abbrev</name>
         <load_address>0x548</load_address>
         <run_address>0x548</run_address>
         <size>0x33</size>
         <input_file_ref idref="fl-5"/>
      </object_component>
      <object_component id="oc-138">
         <name>.debug_abbrev</name>
         <load_address>0x57b</load_address>
         <run_address>0x57b</run_address>
         <size>0x9b</size>
         <input_file_ref idref="fl-6"/>
      </object_component>
      <object_component id="oc-160">
         <name>.debug_abbrev</name>
         <load_address>0x616</load_address>
         <run_address>0x616</run_address>
         <size>0x85</size>
         <input_file_ref idref="fl-7"/>
      </object_component>
      <object_component id="oc-15e">
         <name>.debug_abbrev</name>
         <load_address>0x69b</load_address>
         <run_address>0x69b</run_address>
         <size>0x27</size>
         <input_file_ref idref="fl-7"/>
      </object_component>
      <object_component id="oc-132">
         <name>.debug_abbrev</name>
         <load_address>0x6c2</load_address>
         <run_address>0x6c2</run_address>
         <size>0x110</size>
         <input_file_ref idref="fl-7"/>
      </object_component>
      <object_component id="oc-164">
         <name>.debug_abbrev</name>
         <load_address>0x7d2</load_address>
         <run_address>0x7d2</run_address>
         <size>0xbd</size>
         <input_file_ref idref="fl-7"/>
      </object_component>
      <object_component id="oc-139">
         <name>.debug_abbrev</name>
         <load_address>0x88f</load_address>
         <run_address>0x88f</run_address>
         <size>0x6c</size>
         <input_file_ref idref="fl-8"/>
      </object_component>
      <object_component id="oc-149">
         <name>.debug_abbrev</name>
         <load_address>0x8fb</load_address>
         <run_address>0x8fb</run_address>
         <size>0x8e</size>
         <input_file_ref idref="fl-9"/>
      </object_component>
      <object_component id="oc-14b">
         <name>.debug_abbrev</name>
         <load_address>0x989</load_address>
         <run_address>0x989</run_address>
         <size>0x29</size>
         <input_file_ref idref="fl-9"/>
      </object_component>
      <object_component id="oc-f7">
         <name>.debug_abbrev</name>
         <load_address>0x9b2</load_address>
         <run_address>0x9b2</run_address>
         <size>0x112</size>
         <input_file_ref idref="fl-9"/>
      </object_component>
      <object_component id="oc-102">
         <name>.debug_abbrev</name>
         <load_address>0xac4</load_address>
         <run_address>0xac4</run_address>
         <size>0x73</size>
         <input_file_ref idref="fl-a"/>
      </object_component>
      <object_component id="oc-87">
         <name>.debug_abbrev</name>
         <load_address>0xb37</load_address>
         <run_address>0xb37</run_address>
         <size>0x29</size>
         <input_file_ref idref="fl-a"/>
      </object_component>
      <object_component id="oc-c3">
         <name>.debug_abbrev</name>
         <load_address>0xb60</load_address>
         <run_address>0xb60</run_address>
         <size>0x89</size>
         <input_file_ref idref="fl-a"/>
      </object_component>
      <object_component id="oc-15c">
         <name>.debug_abbrev</name>
         <load_address>0xbe9</load_address>
         <run_address>0xbe9</run_address>
         <size>0x29</size>
         <input_file_ref idref="fl-b"/>
      </object_component>
      <object_component id="oc-12d">
         <name>.debug_abbrev</name>
         <load_address>0xc12</load_address>
         <run_address>0xc12</run_address>
         <size>0x8b</size>
         <input_file_ref idref="fl-b"/>
      </object_component>
      <object_component id="oc-74">
         <name>.debug_abbrev</name>
         <load_address>0xc9d</load_address>
         <run_address>0xc9d</run_address>
         <size>0x3e</size>
         <input_file_ref idref="fl-c5"/>
      </object_component>
      <object_component id="oc-104">
         <name>.debug_abbrev</name>
         <load_address>0xcdb</load_address>
         <run_address>0xcdb</run_address>
         <size>0x37</size>
         <input_file_ref idref="fl-c6"/>
      </object_component>
      <object_component id="oc-30">
         <name>.debug_abbrev</name>
         <load_address>0xd12</load_address>
         <run_address>0xd12</run_address>
         <size>0x6f</size>
         <input_file_ref idref="fl-c6"/>
      </object_component>
      <object_component id="oc-33">
         <name>.debug_abbrev</name>
         <load_address>0xd81</load_address>
         <run_address>0xd81</run_address>
         <size>0x24</size>
         <input_file_ref idref="fl-c6"/>
      </object_component>
      <object_component id="oc-8c">
         <name>.debug_abbrev</name>
         <load_address>0xda5</load_address>
         <run_address>0xda5</run_address>
         <size>0x35</size>
         <input_file_ref idref="fl-c6"/>
      </object_component>
      <object_component id="oc-96">
         <name>.debug_abbrev</name>
         <load_address>0xdda</load_address>
         <run_address>0xdda</run_address>
         <size>0x5d</size>
         <input_file_ref idref="fl-c7"/>
      </object_component>
      <object_component id="oc-40">
         <name>.debug_abbrev</name>
         <load_address>0xe37</load_address>
         <run_address>0xe37</run_address>
         <size>0x74</size>
         <input_file_ref idref="fl-c7"/>
      </object_component>
      <object_component id="oc-43">
         <name>.debug_abbrev</name>
         <load_address>0xeab</load_address>
         <run_address>0xeab</run_address>
         <size>0x24</size>
         <input_file_ref idref="fl-c7"/>
      </object_component>
      <object_component id="oc-93">
         <name>.debug_abbrev</name>
         <load_address>0xecf</load_address>
         <run_address>0xecf</run_address>
         <size>0x24</size>
         <input_file_ref idref="fl-c7"/>
      </object_component>
      <object_component id="oc-9e">
         <name>.debug_abbrev</name>
         <load_address>0xef3</load_address>
         <run_address>0xef3</run_address>
         <size>0x5d</size>
         <input_file_ref idref="fl-c8"/>
      </object_component>
      <object_component id="oc-4c">
         <name>.debug_abbrev</name>
         <load_address>0xf50</load_address>
         <run_address>0xf50</run_address>
         <size>0x74</size>
         <input_file_ref idref="fl-c8"/>
      </object_component>
      <object_component id="oc-4f">
         <name>.debug_abbrev</name>
         <load_address>0xfc4</load_address>
         <run_address>0xfc4</run_address>
         <size>0x24</size>
         <input_file_ref idref="fl-c8"/>
      </object_component>
      <object_component id="oc-9b">
         <name>.debug_abbrev</name>
         <load_address>0xfe8</load_address>
         <run_address>0xfe8</run_address>
         <size>0x24</size>
         <input_file_ref idref="fl-c8"/>
      </object_component>
      <object_component id="oc-128">
         <name>.debug_abbrev</name>
         <load_address>0x100c</load_address>
         <run_address>0x100c</run_address>
         <size>0xb3</size>
         <input_file_ref idref="fl-c9"/>
      </object_component>
      <object_component id="oc-11c">
         <name>.debug_abbrev</name>
         <load_address>0x10bf</load_address>
         <run_address>0x10bf</run_address>
         <size>0x29</size>
         <input_file_ref idref="fl-c9"/>
      </object_component>
      <object_component id="oc-b8">
         <name>.debug_abbrev</name>
         <load_address>0x10e8</load_address>
         <run_address>0x10e8</run_address>
         <size>0xba</size>
         <input_file_ref idref="fl-c9"/>
      </object_component>
      <object_component id="oc-90">
         <name>.debug_abbrev</name>
         <load_address>0x11a2</load_address>
         <run_address>0x11a2</run_address>
         <size>0x3e</size>
         <input_file_ref idref="fl-ca"/>
      </object_component>
      <object_component id="oc-98">
         <name>.debug_abbrev</name>
         <load_address>0x11e0</load_address>
         <run_address>0x11e0</run_address>
         <size>0x4f</size>
         <input_file_ref idref="fl-cb"/>
      </object_component>
      <object_component id="oc-a0">
         <name>.debug_abbrev</name>
         <load_address>0x122f</load_address>
         <run_address>0x122f</run_address>
         <size>0x53</size>
         <input_file_ref idref="fl-cc"/>
      </object_component>
      <object_component id="oc-a1">
         <name>.debug_abbrev</name>
         <load_address>0x1282</load_address>
         <run_address>0x1282</run_address>
         <size>0x55</size>
         <input_file_ref idref="fl-cd"/>
      </object_component>
      <object_component id="oc-bb">
         <name>.debug_abbrev</name>
         <load_address>0x12d7</load_address>
         <run_address>0x12d7</run_address>
         <size>0x27</size>
         <input_file_ref idref="fl-ce"/>
      </object_component>
      <object_component id="oc-15a">
         <name>.debug_abbrev</name>
         <load_address>0x12fe</load_address>
         <run_address>0x12fe</run_address>
         <size>0x50</size>
         <input_file_ref idref="fl-cf"/>
      </object_component>
      <object_component id="oc-124">
         <name>.debug_abbrev</name>
         <load_address>0x134e</load_address>
         <run_address>0x134e</run_address>
         <size>0x29</size>
         <input_file_ref idref="fl-cf"/>
      </object_component>
      <object_component id="oc-159">
         <name>.debug_abbrev</name>
         <load_address>0x1377</load_address>
         <run_address>0x1377</run_address>
         <size>0x6f</size>
         <input_file_ref idref="fl-cf"/>
      </object_component>
      <object_component id="oc-115">
         <name>.debug_abbrev</name>
         <load_address>0x13e6</load_address>
         <run_address>0x13e6</run_address>
         <size>0x99</size>
         <input_file_ref idref="fl-d0"/>
      </object_component>
      <object_component id="oc-b0">
         <name>.debug_abbrev</name>
         <load_address>0x147f</load_address>
         <run_address>0x147f</run_address>
         <size>0x68</size>
         <input_file_ref idref="fl-d0"/>
      </object_component>
      <object_component id="oc-119">
         <name>.debug_abbrev</name>
         <load_address>0x14e7</load_address>
         <run_address>0x14e7</run_address>
         <size>0x49</size>
         <input_file_ref idref="fl-d0"/>
      </object_component>
      <object_component id="oc-109">
         <name>.debug_abbrev</name>
         <load_address>0x1530</load_address>
         <run_address>0x1530</run_address>
         <size>0xb9</size>
         <input_file_ref idref="fl-d1"/>
      </object_component>
      <object_component id="oc-ae">
         <name>.debug_abbrev</name>
         <load_address>0x15e9</load_address>
         <run_address>0x15e9</run_address>
         <size>0x7e</size>
         <input_file_ref idref="fl-d1"/>
      </object_component>
      <object_component id="oc-10d">
         <name>.debug_abbrev</name>
         <load_address>0x1667</load_address>
         <run_address>0x1667</run_address>
         <size>0x24</size>
         <input_file_ref idref="fl-d1"/>
      </object_component>
      <object_component id="oc-156">
         <name>.debug_abbrev</name>
         <load_address>0x168b</load_address>
         <run_address>0x168b</run_address>
         <size>0x24</size>
         <input_file_ref idref="fl-d1"/>
      </object_component>
      <object_component id="oc-112">
         <name>.debug_abbrev</name>
         <load_address>0x16af</load_address>
         <run_address>0x16af</run_address>
         <size>0x4b</size>
         <input_file_ref idref="fl-d1"/>
      </object_component>
      <object_component id="oc-14d">
         <name>.debug_abbrev</name>
         <load_address>0x16fa</load_address>
         <run_address>0x16fa</run_address>
         <size>0xa7</size>
         <input_file_ref idref="fl-d2"/>
      </object_component>
      <object_component id="oc-106">
         <name>.debug_abbrev</name>
         <load_address>0x17a1</load_address>
         <run_address>0x17a1</run_address>
         <size>0x8c</size>
         <input_file_ref idref="fl-d2"/>
      </object_component>
      <object_component id="oc-151">
         <name>.debug_abbrev</name>
         <load_address>0x182d</load_address>
         <run_address>0x182d</run_address>
         <size>0x24</size>
         <input_file_ref idref="fl-d2"/>
      </object_component>
      <object_component id="oc-108">
         <name>.debug_abbrev</name>
         <load_address>0x1851</load_address>
         <run_address>0x1851</run_address>
         <size>0x53</size>
         <input_file_ref idref="fl-d3"/>
      </object_component>
      <object_component id="oc-197">
         <name>.debug_abbrev</name>
         <load_address>0x18a4</load_address>
         <run_address>0x18a4</run_address>
         <size>0xf</size>
      </object_component>
      <object_component id="oc-141">
         <name>.debug_str</name>
         <load_address>0x0</load_address>
         <run_address>0x0</run_address>
         <size>0x15ca</size>
         <input_file_ref idref="fl-2"/>
      </object_component>
      <object_component id="oc-146">
         <name>.debug_str</name>
         <load_address>0x15ca</load_address>
         <run_address>0x15ca</run_address>
         <size>0x486</size>
         <input_file_ref idref="fl-2"/>
      </object_component>
      <object_component id="oc-3a">
         <name>.debug_str</name>
         <load_address>0x1a50</load_address>
         <run_address>0x1a50</run_address>
         <size>0xfa</size>
         <input_file_ref idref="fl-2"/>
      </object_component>
      <object_component id="oc-fc">
         <name>.debug_str</name>
         <load_address>0x1b4a</load_address>
         <run_address>0x1b4a</run_address>
         <size>0x220</size>
         <input_file_ref idref="fl-2"/>
      </object_component>
      <object_component id="oc-101">
         <name>.debug_str</name>
         <load_address>0x1d6a</load_address>
         <run_address>0x1d6a</run_address>
         <size>0x1bb</size>
         <input_file_ref idref="fl-5"/>
      </object_component>
      <object_component id="oc-166">
         <name>.debug_str</name>
         <load_address>0x1f25</load_address>
         <run_address>0x1f25</run_address>
         <size>0x15cb</size>
         <input_file_ref idref="fl-7"/>
      </object_component>
      <object_component id="oc-35">
         <name>.debug_str</name>
         <load_address>0x34f0</load_address>
         <run_address>0x34f0</run_address>
         <size>0x10d</size>
         <input_file_ref idref="fl-c6"/>
      </object_component>
      <object_component id="oc-8e">
         <name>.debug_str</name>
         <load_address>0x35fd</load_address>
         <run_address>0x35fd</run_address>
         <size>0x14a</size>
         <input_file_ref idref="fl-c6"/>
      </object_component>
      <object_component id="oc-45">
         <name>.debug_str</name>
         <load_address>0x3747</load_address>
         <run_address>0x3747</run_address>
         <size>0x100</size>
         <input_file_ref idref="fl-c7"/>
      </object_component>
      <object_component id="oc-95">
         <name>.debug_str</name>
         <load_address>0x3847</load_address>
         <run_address>0x3847</run_address>
         <size>0x12d</size>
         <input_file_ref idref="fl-c7"/>
      </object_component>
      <object_component id="oc-51">
         <name>.debug_str</name>
         <load_address>0x3974</load_address>
         <run_address>0x3974</run_address>
         <size>0xfa</size>
         <input_file_ref idref="fl-c8"/>
      </object_component>
      <object_component id="oc-9d">
         <name>.debug_str</name>
         <load_address>0x3a6e</load_address>
         <run_address>0x3a6e</run_address>
         <size>0x12d</size>
         <input_file_ref idref="fl-c8"/>
      </object_component>
      <object_component id="oc-11b">
         <name>.debug_str</name>
         <load_address>0x3b9b</load_address>
         <run_address>0x3b9b</run_address>
         <size>0xd6</size>
         <input_file_ref idref="fl-d0"/>
      </object_component>
      <object_component id="oc-10f">
         <name>.debug_str</name>
         <load_address>0x3c71</load_address>
         <run_address>0x3c71</run_address>
         <size>0xe2</size>
         <input_file_ref idref="fl-d1"/>
      </object_component>
      <object_component id="oc-158">
         <name>.debug_str</name>
         <load_address>0x3d53</load_address>
         <run_address>0x3d53</run_address>
         <size>0x138</size>
         <input_file_ref idref="fl-d1"/>
      </object_component>
      <object_component id="oc-114">
         <name>.debug_str</name>
         <load_address>0x3e8b</load_address>
         <run_address>0x3e8b</run_address>
         <size>0x184</size>
         <input_file_ref idref="fl-d1"/>
      </object_component>
      <object_component id="oc-153">
         <name>.debug_str</name>
         <load_address>0x400f</load_address>
         <run_address>0x400f</run_address>
         <size>0xd7</size>
         <input_file_ref idref="fl-d2"/>
      </object_component>
      <object_component id="oc-c7">
         <name>.debug_aranges</name>
         <load_address>0x0</load_address>
         <run_address>0x0</run_address>
         <size>0x28</size>
         <input_file_ref idref="fl-2"/>
      </object_component>
      <object_component id="oc-d5">
         <name>.debug_aranges</name>
         <load_address>0x28</load_address>
         <run_address>0x28</run_address>
         <size>0x40</size>
         <input_file_ref idref="fl-3"/>
      </object_component>
      <object_component id="oc-e6">
         <name>.debug_aranges</name>
         <load_address>0x68</load_address>
         <run_address>0x68</run_address>
         <size>0x40</size>
         <input_file_ref idref="fl-4"/>
      </object_component>
      <object_component id="oc-7d">
         <name>.debug_aranges</name>
         <load_address>0xa8</load_address>
         <run_address>0xa8</run_address>
         <size>0x30</size>
         <input_file_ref idref="fl-5"/>
      </object_component>
      <object_component id="oc-d9">
         <name>.debug_aranges</name>
         <load_address>0xd8</load_address>
         <run_address>0xd8</run_address>
         <size>0x38</size>
         <input_file_ref idref="fl-6"/>
      </object_component>
      <object_component id="oc-cc">
         <name>.debug_aranges</name>
         <load_address>0x110</load_address>
         <run_address>0x110</run_address>
         <size>0x70</size>
         <input_file_ref idref="fl-7"/>
      </object_component>
      <object_component id="oc-dd">
         <name>.debug_aranges</name>
         <load_address>0x180</load_address>
         <run_address>0x180</run_address>
         <size>0x20</size>
         <input_file_ref idref="fl-8"/>
      </object_component>
      <object_component id="oc-84">
         <name>.debug_aranges</name>
         <load_address>0x1a0</load_address>
         <run_address>0x1a0</run_address>
         <size>0x188</size>
         <input_file_ref idref="fl-9"/>
      </object_component>
      <object_component id="oc-76">
         <name>.debug_aranges</name>
         <load_address>0x328</load_address>
         <run_address>0x328</run_address>
         <size>0x28</size>
         <input_file_ref idref="fl-a"/>
      </object_component>
      <object_component id="oc-bf">
         <name>.debug_aranges</name>
         <load_address>0x350</load_address>
         <run_address>0x350</run_address>
         <size>0x28</size>
         <input_file_ref idref="fl-b"/>
      </object_component>
      <object_component id="oc-2a">
         <name>.debug_aranges</name>
         <load_address>0x378</load_address>
         <run_address>0x378</run_address>
         <size>0x20</size>
         <input_file_ref idref="fl-c5"/>
      </object_component>
      <object_component id="oc-17">
         <name>.debug_aranges</name>
         <load_address>0x398</load_address>
         <run_address>0x398</run_address>
         <size>0x20</size>
         <input_file_ref idref="fl-c6"/>
      </object_component>
      <object_component id="oc-1d">
         <name>.debug_aranges</name>
         <load_address>0x3b8</load_address>
         <run_address>0x3b8</run_address>
         <size>0x20</size>
         <input_file_ref idref="fl-c7"/>
      </object_component>
      <object_component id="oc-22">
         <name>.debug_aranges</name>
         <load_address>0x3d8</load_address>
         <run_address>0x3d8</run_address>
         <size>0x20</size>
         <input_file_ref idref="fl-c8"/>
      </object_component>
      <object_component id="oc-6f">
         <name>.debug_aranges</name>
         <load_address>0x3f8</load_address>
         <run_address>0x3f8</run_address>
         <size>0x30</size>
         <input_file_ref idref="fl-c9"/>
      </object_component>
      <object_component id="oc-3e">
         <name>.debug_aranges</name>
         <load_address>0x428</load_address>
         <run_address>0x428</run_address>
         <size>0x20</size>
         <input_file_ref idref="fl-ca"/>
      </object_component>
      <object_component id="oc-49">
         <name>.debug_aranges</name>
         <load_address>0x448</load_address>
         <run_address>0x448</run_address>
         <size>0x28</size>
         <input_file_ref idref="fl-cb"/>
      </object_component>
      <object_component id="oc-55">
         <name>.debug_aranges</name>
         <load_address>0x470</load_address>
         <run_address>0x470</run_address>
         <size>0x20</size>
         <input_file_ref idref="fl-cc"/>
      </object_component>
      <object_component id="oc-5a">
         <name>.debug_aranges</name>
         <load_address>0x490</load_address>
         <run_address>0x490</run_address>
         <size>0x20</size>
         <input_file_ref idref="fl-cd"/>
      </object_component>
      <object_component id="oc-123">
         <name>.debug_aranges</name>
         <load_address>0x4b0</load_address>
         <run_address>0x4b0</run_address>
         <size>0x30</size>
         <input_file_ref idref="fl-cf"/>
      </object_component>
      <object_component id="oc-68">
         <name>.debug_aranges</name>
         <load_address>0x4e0</load_address>
         <run_address>0x4e0</run_address>
         <size>0x20</size>
         <input_file_ref idref="fl-d0"/>
      </object_component>
      <object_component id="oc-60">
         <name>.debug_aranges</name>
         <load_address>0x500</load_address>
         <run_address>0x500</run_address>
         <size>0x20</size>
         <input_file_ref idref="fl-d1"/>
      </object_component>
      <object_component id="oc-a4">
         <name>.debug_aranges</name>
[...]
         <object_component_ref idref="oc-81"/>
      </symbol>
      <symbol id="sm-1ed">
         <name>TExaS_Clear4</name>
         <value>0x443</value>
         <object_component_ref idref="oc-81"/>
      </symbol>
      <symbol id="sm-1ee">
         <name>TExaS_Clear6</name>
         <value>0x451</value>
         <object_component_ref idref="oc-81"/>
      </symbol>
      <symbol id="sm-1ef">
         <name>TExaS_Clear1</name>
         <value>0x41f</value>
         <object_component_ref idref="oc-81"/>
      </symbol>
      <symbol id="sm-1f0">
         <name>TExaS_Clear0</name>
         <value>0x413</value>
         <object_component_ref idref="oc-81"/>
      </symbol>
      <symbol id="sm-1f1">
         <name>TExaS_Clear3</name>
         <value>0x437</value>
         <object_component_ref idref="oc-81"/>
      </symbol>
      <symbol id="sm-1f2">
         <name>TExaS_Clear2</name>
         <value>0x42b</value>
         <object_component_ref idref="oc-81"/>
      </symbol>
      <symbol id="sm-1f3">
         <name>TExaS_Stop</name>
         <value>0x6b1</value>
         <object_component_ref idref="oc-81"/>
      </symbol>
      <symbol id="sm-1f4">
         <name>TExaS_ScopeErrConflict</name>
         <value>0x20000028</value>
         <object_component_ref idref="oc-f3"/>
      </symbol>
      <symbol id="sm-1f5">
         <name>ADC_Init</name>
         <value>0x475</value>
         <object_component_ref idref="oc-81"/>
      </symbol>
      <symbol id="sm-1f6">
         <name>LogicAnalyzer_P4_765432</name>
         <value>0x137</value>
         <object_component_ref idref="oc-81"/>
      </symbol>
      <symbol id="sm-1f7">
         <name>PeriodicTask2_Init</name>
         <value>0x257</value>
         <object_component_ref idref="oc-81"/>
      </symbol>
      <symbol id="sm-1f8">
         <name>LogicAnalyzer_P1</name>
         <value>0xef</value>
         <object_component_ref idref="oc-81"/>
      </symbol>
      <symbol id="sm-1f9">
         <name>LogicAnalyzer_P3</name>
         <value>0x11b</value>
         <object_component_ref idref="oc-81"/>
      </symbol>
      <symbol id="sm-1fa">
         <name>LogicAnalyzer_P2</name>
         <value>0xfd</value>
         <object_component_ref idref="oc-81"/>
      </symbol>
      <symbol id="sm-1fb">
         <name>LogicAnalyzer_P5</name>
         <value>0x17f</value>
         <object_component_ref idref="oc-81"/>
      </symbol>
      <symbol id="sm-1fc">
         <name>LogicAnalyzer_P4</name>
         <value>0x129</value>
         <object_component_ref idref="oc-81"/>
      </symbol>
      <symbol id="sm-1fd">
         <name>LogicAnalyzer_P7</name>
         <value>0x19b</value>
         <object_component_ref idref="oc-81"/>
      </symbol>
      <symbol id="sm-1fe">
         <name>LogicAnalyzer_P6</name>
         <value>0x18d</value>
         <object_component_ref idref="oc-81"/>
      </symbol>
      <symbol id="sm-1ff">
         <name>LogicAnalyzer_P9</name>
         <value>0x1b7</value>
         <object_component_ref idref="oc-81"/>
      </symbol>
      <symbol id="sm-200">
         <name>LogicAnalyzer_P8</name>
         <value>0x1a9</value>
         <object_component_ref idref="oc-81"/>
      </symbol>
      <symbol id="sm-201">
         <name>TExaS_ScopeWrnReconfig</name>
         <value>0x2000002c</value>
         <object_component_ref idref="oc-f3"/>
      </symbol>
      <symbol id="sm-202">
         <name>TExaS_Task0</name>
         <value>0x367</value>
         <object_component_ref idref="oc-81"/>
      </symbol>
      <symbol id="sm-203">
         <name>TExaS_Task1</name>
         <value>0x373</value>
         <object_component_ref idref="oc-81"/>
      </symbol>
      <symbol id="sm-204">
         <name>TExaS_Task2</name>
         <value>0x37f</value>
         <object_component_ref idref="oc-81"/>
      </symbol>
      <symbol id="sm-205">
         <name>TExaS_Task3</name>
         <value>0x38b</value>
         <object_component_ref idref="oc-81"/>
      </symbol>
      <symbol id="sm-206">
         <name>TExaS_Task4</name>
         <value>0x397</value>
         <object_component_ref idref="oc-81"/>
      </symbol>
      <symbol id="sm-207">
         <name>TExaS_Task5</name>
         <value>0x399</value>
         <object_component_ref idref="oc-81"/>
      </symbol>
      <symbol id="sm-208">
         <name>TExaS_Task6</name>
         <value>0x3a5</value>
         <object_component_ref idref="oc-81"/>
      </symbol>
      <symbol id="sm-209">
         <name>Scope</name>
         <value>0x1d3</value>
         <object_component_ref idref="oc-81"/>
      </symbol>
      <symbol id="sm-20a">
         <name>TExaS_Set0</name>
         <value>0x3c9</value>
         <object_component_ref idref="oc-81"/>
      </symbol>
      <symbol id="sm-20b">
         <name>TExaS_Set1</name>
         <value>0x3d5</value>
         <object_component_ref idref="oc-81"/>
      </symbol>
      <symbol id="sm-20c">
         <name>TExaS_Set2</name>
         <value>0x3e1</value>
         <object_component_ref idref="oc-81"/>
      </symbol>
      <symbol id="sm-20d">
         <name>TExaS_Set3</name>
         <value>0x3ed</value>
         <object_component_ref idref="oc-81"/>
      </symbol>
      <symbol id="sm-20e">
         <name>TExaS_Set4</name>
         <value>0x3f9</value>
         <object_component_ref idref="oc-81"/>
      </symbol>
      <symbol id="sm-20f">
         <name>TExaS_Set5</name>
         <value>0x3fb</value>
         <object_component_ref idref="oc-81"/>
      </symbol>
      <symbol id="sm-210">
         <name>TExaS_Set6</name>
         <value>0x407</value>
         <object_component_ref idref="oc-81"/>
      </symbol>
      <symbol id="sm-211">
         <name>TExaS_ScopeErrLostData</name>
         <value>0x20000024</value>
         <object_component_ref idref="oc-f3"/>
      </symbol>
      <symbol id="sm-212">
         <name>PeriodicTask2_Stop</name>
         <value>0x2d1</value>
         <object_component_ref idref="oc-81"/>
      </symbol>
      <symbol id="sm-213">
         <name>LogicAnalyzer_P10</name>
         <value>0x1c5</value>
         <object_component_ref idref="oc-81"/>
      </symbol>
      <symbol id="sm-214">
         <name>TExaS_Init</name>
         <value>0x551</value>
         <object_component_ref idref="oc-81"/>
      </symbol>
      <symbol id="sm-215">
         <name>UART_InChar</name>
         <value>0x33b</value>
         <object_component_ref idref="oc-81"/>
      </symbol>
      <symbol id="sm-216">
         <name>LogicAnalyzer</name>
         <value>0xe5</value>
         <object_component_ref idref="oc-81"/>
      </symbol>
      <symbol id="sm-217">
         <name>LogicAnalyzer_P4_765320</name>
         <value>0x147</value>
         <object_component_ref idref="oc-81"/>
      </symbol>
      <symbol id="sm-218">
         <name>T32_INT1_IRQHandler</name>
         <value>0x2c1</value>
         <object_component_ref idref="oc-81"/>
      </symbol>
      <symbol id="sm-219">
         <name>UART_Init</name>
         <value>0x2e1</value>
         <object_component_ref idref="oc-81"/>
      </symbol>
      <symbol id="sm-21a">
         <name>LogicAnalyzer_P2_7654</name>
         <value>0x10b</value>
         <object_component_ref idref="oc-81"/>
      </symbol>
      <symbol id="sm-21b">
         <name>UART_OutChar</name>
         <value>0x34b</value>
         <object_component_ref idref="oc-81"/>
      </symbol>
      <symbol id="sm-21c">
         <name>TExaS_Set</name>
         <value>0x3b1</value>
         <object_component_ref idref="oc-81"/>
      </symbol>
      <symbol id="sm-231">
         <name>Reset_Handler</name>
         <value>0x13ff</value>
         <object_component_ref idref="oc-75"/>
      </symbol>
      <symbol id="sm-232">
         <name>Default_Handler</name>
         <value>0x140b</value>
         <object_component_ref idref="oc-75"/>
      </symbol>
      <symbol id="sm-233">
         <name>interruptVectors</name>
         <value>0x0</value>
         <object_component_ref idref="oc-2c"/>
      </symbol>
      <symbol id="sm-279">
         <name>SystemInit</name>
         <value>0x989</value>
         <object_component_ref idref="oc-bd"/>
      </symbol>
      <symbol id="sm-27a">
         <name>SystemCoreClockUpdate</name>
         <value>0x715</value>
         <object_component_ref idref="oc-bd"/>
      </symbol>
      <symbol id="sm-27b">
         <name>SystemCoreClock</name>
         <value>0x20000044</value>
         <object_component_ref idref="oc-12a"/>
      </symbol>
      <symbol id="sm-28c">
         <name>_c_int00</name>
         <value>0x126d</value>
         <object_component_ref idref="oc-26"/>
      </symbol>
      <symbol id="sm-28d">
         <name>__stack</name>
         <value>0x2000fe00</value>
         <object_component_ref idref="oc-2f"/>
      </symbol>
      <symbol id="sm-2ab">
         <name>__TI_decompress_lzss</name>
         <value>0x1205</value>
         <object_component_ref idref="oc-14"/>
      </symbol>
      <symbol id="sm-2c2">
         <name>__TI_decompress_none</name>
         <value>0x13f1</value>
         <object_component_ref idref="oc-1a"/>
      </symbol>
      <symbol id="sm-2d9">
         <name>__TI_zero_init</name>
         <value>0x140d</value>
         <object_component_ref idref="oc-20"/>
      </symbol>
      <symbol id="sm-2fa">
         <name>C$$EXIT</name>
         <value>0x12c1</value>
         <object_component_ref idref="oc-6b"/>
      </symbol>
      <symbol id="sm-2fb">
         <name>abort</name>
         <value>0x12c5</value>
         <object_component_ref idref="oc-6b"/>
      </symbol>
      <symbol id="sm-2fc">
         <name>exit</name>
         <value>0x12cd</value>
         <object_component_ref idref="oc-6b"/>
      </symbol>
      <symbol id="sm-2fd">
         <name>__TI_dtors_ptr</name>
         <value>0x2000001c</value>
         <object_component_ref idref="oc-b2"/>
      </symbol>
      <symbol id="sm-2fe">
         <name>__TI_cleanup_ptr</name>
         <value>0x20000018</value>
         <object_component_ref idref="oc-b2"/>
      </symbol>
      <symbol id="sm-2ff">
         <name>__TI_enable_exit_profile_output</name>
         <value>0x20000020</value>
         <object_component_ref idref="oc-b2"/>
      </symbol>
      <symbol id="sm-31a">
         <name>memcpy</name>
         <value>0x107d</value>
         <object_component_ref idref="oc-3b"/>
      </symbol>
      <symbol id="sm-31b">
         <name>__aeabi_memcpy</name>
         <value>0x107d</value>
         <object_component_ref idref="oc-3b"/>
      </symbol>
      <symbol id="sm-31c">
         <name>__aeabi_memcpy8</name>
         <value>0x107d</value>
         <object_component_ref idref="oc-3b"/>
      </symbol>
      <symbol id="sm-31d">
         <name>__aeabi_memcpy4</name>
         <value>0x107d</value>
         <object_component_ref idref="oc-3b"/>
      </symbol>
      <symbol id="sm-32c">
         <name>__aeabi_memset</name>
         <value>0x111b</value>
         <object_component_ref idref="oc-47"/>
      </symbol>
      <symbol id="sm-32d">
         <name>memset</name>
         <value>0x1121</value>
         <object_component_ref idref="oc-47"/>
      </symbol>
      <symbol id="sm-32e">
         <name>__aeabi_memset8</name>
         <value>0x111b</value>
         <object_component_ref idref="oc-47"/>
      </symbol>
      <symbol id="sm-32f">
         <name>__aeabi_memset4</name>
         <value>0x111b</value>
         <object_component_ref idref="oc-47"/>
      </symbol>
      <symbol id="sm-330">
         <name>__aeabi_memclr8</name>
         <value>0x1119</value>
         <object_component_ref idref="oc-47"/>
      </symbol>
      <symbol id="sm-331">
         <name>__aeabi_memclr4</name>
         <value>0x1119</value>
         <object_component_ref idref="oc-47"/>
      </symbol>
      <symbol id="sm-332">
         <name>__aeabi_memclr</name>
         <value>0x1119</value>
         <object_component_ref idref="oc-47"/>
      </symbol>
      <symbol id="sm-33c">
         <name>__mpu_init</name>
         <value>0x1193</value>
         <object_component_ref idref="oc-53"/>
      </symbol>
      <symbol id="sm-346">
         <name>_system_pre_init</name>
         <value>0x1419</value>
         <object_component_ref idref="oc-59"/>
      </symbol>
      <symbol id="sm-34e">
         <name>main_func_sp</name>
         <value>0x20000040</value>
         <object_component_ref idref="oc-71"/>
      </symbol>
      <symbol id="sm-367">
         <name>_nop</name>
         <value>0x13eb</value>
         <object_component_ref idref="oc-11e"/>
      </symbol>
      <symbol id="sm-368">
         <name>_lock</name>
         <value>0x20000030</value>
         <object_component_ref idref="oc-b5"/>
      </symbol>
      <symbol id="sm-369">
         <name>_unlock</name>
         <value>0x20000034</value>
         <object_component_ref idref="oc-b5"/>
      </symbol>
      <symbol id="sm-36a">
         <name>_register_lock</name>
         <value>0x13e3</value>
         <object_component_ref idref="oc-11e"/>
      </symbol>
      <symbol id="sm-36b">
         <name>_register_unlock</name>
         <value>0x13dd</value>
         <object_component_ref idref="oc-11e"/>
      </symbol>
      <symbol id="sm-37f">
         <name>_args_main</name>
         <value>0x13c5</value>
         <object_component_ref idref="oc-65"/>
      </symbol>
      <symbol id="sm-3a9">
         <name>__TI_auto_init</name>
         <value>0x1195</value>
         <object_component_ref idref="oc-5f"/>
      </symbol>
      <symbol id="sm-3c3">
         <name>copy_in</name>
         <value>0x1315</value>
         <object_component_ref idref="oc-a2"/>
      </symbol>
      <symbol id="sm-3cd">
         <name>_system_post_cinit</name>
         <value>0x141d</value>
         <object_component_ref idref="oc-a8"/>
      </symbol>
      <symbol id="sm-3ce">
         <name>__TI_static_base__</name>
         <value>0x0</value>
      </symbol>
      <symbol id="sm-3d1">
         <name>SHT$$INIT_ARRAY$$Limit</name>
         <value>0x0</value>
      </symbol>
      <symbol id="sm-3d2">
         <name>SHT$$INIT_ARRAY$$Base</name>
         <value>0x0</value>
      </symbol>
      <symbol id="sm-3d3">
         <name>NMI_Handler</name>
         <value>0x140b</value>
      </symbol>
      <symbol id="sm-3d4">
         <name>HardFault_Handler</name>
         <value>0x140b</value>
      </symbol>
      <symbol id="sm-3d5">
         <name>MemManage_Handler</name>
         <value>0x140b</value>
      </symbol>
      <symbol id="sm-3d6">
         <name>BusFault_Handler</name>
         <value>0x140b</value>
      </symbol>
      <symbol id="sm-3d7">
         <name>UsageFault_Handler</name>
         <value>0x140b</value>
      </symbol>
      <symbol id="sm-3d8">
         <name>SVC_Handler</name>
         <value>0x140b</value>
      </symbol>
      <symbol id="sm-3d9">
         <name>DebugMon_Handler</name>
         <value>0x140b</value>
      </symbol>
      <symbol id="sm-3da">
         <name>PendSV_Handler</name>
         <value>0x140b</value>
      </symbol>
      <symbol id="sm-3db">
         <name>SysTick_Handler</name>
         <value>0xfd7</value>
      </symbol>
      <symbol id="sm-3dc">
         <name>PSS_IRQHandler</name>
         <value>0x140b</value>
      </symbol>
      <symbol id="sm-3dd">
         <name>CS_IRQHandler</name>
         <value>0x140b</value>
      </symbol>
      <symbol id="sm-3de">
         <name>PCM_IRQHandler</name>
         <value>0x140b</value>
      </symbol>
      <symbol id="sm-3df">
         <name>WDT_A_IRQHandler</name>
         <value>0x140b</value>
      </symbol>
      <symbol id="sm-3e0">
         <name>FPU_IRQHandler</name>
         <value>0x140b</value>
      </symbol>
      <symbol id="sm-3e1">
         <name>FLCTL_IRQHandler</name>
         <value>0x140b</value>
      </symbol>
      <symbol id="sm-3e2">
         <name>COMP_E0_IRQHandler</name>
         <value>0x140b</value>
      </symbol>
      <symbol id="sm-3e3">
         <name>COMP_E1_IRQHandler</name>
         <value>0x140b</value>
      </symbol>
      <symbol id="sm-3e4">
         <name>TA0_0_IRQHandler</name>
         <value>0x140b</value>
      </symbol>
      <symbol id="sm-3e5">
         <name>TA0_N_IRQHandler</name>
         <value>0x140b</value>
      </symbol>
      <symbol id="sm-3e6">
         <name>TA1_0_IRQHandler</name>
         <value>0x140b</value>
      </symbol>
      <symbol id="sm-3e7">
         <name>TA1_N_IRQHandler</name>
         <value>0x140b</value>
      </symbol>
      <symbol id="sm-3e8">
         <name>TA2_0_IRQHandler</name>
         <value>0x140b</value>
      </symbol>
      <symbol id="sm-3e9">
         <name>TA2_N_IRQHandler</name>
         <value>0x140b</value>
      </symbol>
      <symbol id="sm-3ea">
         <name>TA3_0_IRQHandler</name>
         <value>0x140b</value>
      </symbol>
      <symbol id="sm-3eb">
         <name>TA3_N_IRQHandler</name>
         <value>0x140b</value>
      </symbol>
      <symbol id="sm-3ec">
         <name>EUSCIA0_IRQHandler</name>
         <value>0x140b</value>
      </symbol>
      <symbol id="sm-3ed">
         <name>EUSCIA1_IRQHandler</name>
         <value>0x140b</value>
      </symbol>
      <symbol id="sm-3ee">
         <name>EUSCIA2_IRQHandler</name>
         <value>0x140b</value>
      </symbol>
      <symbol id="sm-3ef">
         <name>EUSCIA3_IRQHandler</name>
         <value>0x140b</value>
      </symbol>
      <symbol id="sm-3f0">
         <name>EUSCIB0_IRQHandler</name>
         <value>0x140b</value>
      </symbol>
      <symbol id="sm-3f1">
         <name>EUSCIB1_IRQHandler</name>
         <value>0x140b</value>
      </symbol>
      <symbol id="sm-3f2">
         <name>EUSCIB2_IRQHandler</name>
         <value>0x140b</value>
      </symbol>
      <symbol id="sm-3f3">
         <name>EUSCIB3_IRQHandler</name>
         <value>0x140b</value>
      </symbol>
      <symbol id="sm-3f4">
         <name>ADC14_IRQHandler</name>
         <value>0x140b</value>
      </symbol>
      <symbol id="sm-3f5">
         <name>T32_INT1_IRQHandler</name>
         <value>0x2c1</value>
      </symbol>
      <symbol id="sm-3f6">
         <name>T32_INT2_IRQHandler</name>
         <value>0x140b</value>
      </symbol>
      <symbol id="sm-3f7">
         <name>T32_INTC_IRQHandler</name>
         <value>0x140b</value>
      </symbol>
      <symbol id="sm-3f8">
         <name>AES256_IRQHandler</name>
         <value>0x140b</value>
      </symbol>
      <symbol id="sm-3f9">
         <name>RTC_C_IRQHandler</name>
         <value>0x140b</value>
      </symbol>
      <symbol id="sm-3fa">
         <name>DMA_ERR_IRQHandler</name>
         <value>0x140b</value>
      </symbol>
      <symbol id="sm-3fb">
         <name>DMA_INT3_IRQHandler</name>
         <value>0x140b</value>
      </symbol>
      <symbol id="sm-3fc">
         <name>DMA_INT2_IRQHandler</name>
         <value>0x140b</value>
      </symbol>
      <symbol id="sm-3fd">
         <name>DMA_INT1_IRQHandler</name>
         <value>0x140b</value>
      </symbol>
      <symbol id="sm-3fe">
         <name>DMA_INT0_IRQHandler</name>
         <value>0x140b</value>
      </symbol>
      <symbol id="sm-3ff">
         <name>PORT1_IRQHandler</name>
         <value>0x140b</value>
      </symbol>
      <symbol id="sm-400">
         <name>PORT2_IRQHandler</name>
         <value>0x140b</value>
      </symbol>
      <symbol id="sm-401">
         <name>PORT3_IRQHandler</name>
         <value>0x140b</value>
      </symbol>
      <symbol id="sm-402">
         <name>PORT4_IRQHandler</name>
         <value>0xfc1</value>
      </symbol>
      <symbol id="sm-403">
         <name>PORT5_IRQHandler</name>
         <value>0x140b</value>
      </symbol>
      <symbol id="sm-404">
         <name>PORT6_IRQHandler</name>
         <value>0x140b</value>
      </symbol>
   </symbol_table>
   <title>Link successful</title>
</link_info>
