******************************************************************************
                  TI ARM Linker PC v16.9.6                     
******************************************************************************
>> Linked Thu Sep 28 10:10:18 2023

OUTPUT FILE NAME:   <Lab3_TimerCompare_Motor.out>
ENTRY POINT SYMBOL: "_c_int00"  address: 0000162d


MEMORY CONFIGURATION

         name            origin    length      used     unused   attr    fill
----------------------  --------  ---------  --------  --------  ----  --------
  MAIN                  00000000   00040000  000017fe  0003e802  R  X
  INFO                  00200000   00004000  00000000  00004000  R  X
  SRAM_CODE             01000000   00010000  0000024d  0000fdb3  RW X
  SRAM_DATA             20000000   00010000  0000024d  0000fdb3  RW  


SEGMENT ALLOCATION MAP

run origin  load origin   length   init length attrs members
----------  ----------- ---------- ----------- ----- -------
00000000    00000000    00001800   00001800    r-x
  00000000    00000000    000000e4   000000e4    r-- .intvecs
  000000e4    000000e4    000016ba   000016ba    r-x .text
  000017a0    000017a0    00000020   00000020    r-- .const
  000017c0    000017c0    00000040   00000040    r-- .cinit
20000000    20000000    0000004f   00000000    rw-
  20000000    20000000    00000042   00000000    rw- .data
  20000044    20000044    0000000b   00000000    rw- .bss
2000fe00    2000fe00    00000200   00000000    rw-
  2000fe00    2000fe00    00000200   00000000    rw- .stack


SECTION ALLOCATION MAP

 output                                  attributes/
section   page    origin      length       input sections
--------  ----  ----------  ----------   ----------------
.intvecs   0    00000000    000000e4     
                  00000000    000000e4     startup_msp432p401r_ccs.obj (.intvecs:retain)

.binit     0    00000000    00000000     

.text      0    000000e4    000016ba     
                  000000e4    00000630     TExaS.obj (.text)
                  00000714    0000032c     system_msp432p401r.obj (.text)
                  00000a40    000001e0     Clock.obj (.text)
                  00000c20    000001e0     Reflectance.obj (.text)
                  00000e00    000001b0     Motor.obj (.text)
                  00000fb0    00000138     Lab3_Timersmain.obj (.text)
                  000010e8    000000f4     LaunchPad.obj (.text)
                  000011dc    000000ec     PWM.obj (.text)
                  000012c8    000000cc     Bump.obj (.text)
                  00001394    000000a8     TimerA1.obj (.text)
                  0000143c    0000009c     rtsv7M4_T_le_v4SPD16_eabi.lib : memcpy_t2.obj (.text)
                  000014d8    0000007a                                   : memset_t2.obj (.text)
                  00001552    00000002                                   : mpu_init.obj (.text)
                  00001554    00000070                                   : autoinit.obj (.text)
                  000015c4    00000068                                   : copy_decompress_lzss.obj (.text:decompress:lzss)
                  0000162c    00000054                                   : boot.obj (.text)
                  00001680    00000054                                   : exit.obj (.text)
                  000016d4    0000004c                                   : cpy_tbl.obj (.text)
                  00001720    00000024     CortexM.obj (.text)
                  00001744    00000018     rtsv7M4_T_le_v4SPD16_eabi.lib : args_main.obj (.text)
                  0000175c    00000014                                   : _lock.obj (.text)
                  00001770    0000000e                                   : copy_decompress_none.obj (.text:decompress:none)
                  0000177e    0000000e     startup_msp432p401r_ccs.obj (.text)
                  0000178c    0000000c     rtsv7M4_T_le_v4SPD16_eabi.lib : copy_zero_init.obj (.text:decompress:ZI)
                  00001798    00000004                                   : pre_init.obj (.text)
                  0000179c    00000002                                   : startup.obj (.text)

.const     0    000017a0    00000020     
                  000017a0    00000020     Reflectance.obj (.const:$P$T0$1)

.cinit     0    000017c0    00000040     
                  000017c0    00000017     (.cinit..data.load) [load image, compression = lzss]
                  000017d7    00000001     --HOLE-- [fill = 0]
                  000017d8    0000000c     (__TI_handler_table)
                  000017e4    00000004     --HOLE-- [fill = 0]
                  000017e8    00000008     (.cinit..bss.load) [load image, compression = zero_init]
                  000017f0    00000010     (__TI_cinit_table)

.init_array 
*          0    00000000    00000000     UNINITIALIZED

.data      0    20000000    00000042     UNINITIALIZED
                  20000000    00000018     Clock.obj (.data)
                  20000018    0000000c     rtsv7M4_T_le_v4SPD16_eabi.lib : exit.obj (.data:$O1$$)
                  20000024    0000000c     TExaS.obj (.data)
                  20000030    00000008     rtsv7M4_T_le_v4SPD16_eabi.lib : _lock.obj (.data:$O1$$)
                  20000038    00000004                                   : stkdepth_vars.obj (.data)
                  2000003c    00000004     system_msp432p401r.obj (.data)
                  20000040    00000002     Lab3_Timersmain.obj (.data)

.bss       0    20000044    0000000b     UNINITIALIZED
                  20000044    00000004     (.common:PeriodicTask2)
                  20000048    00000004     (.common:TimerA1Task)
                  2000004c    00000001     (.common:LogicData)
                  2000004d    00000001     (.common:bump_data)
                  2000004e    00000001     (.common:reflectance_data)

.stack     0    2000fe00    00000200     UNINITIALIZED
                  2000fe00    00000200     --HOLE--

MODULE SUMMARY

       Module                        code   ro data   rw data
       ------                        ----   -------   -------
    .\
       TExaS.obj                     1584   0         34     
       system_msp432p401r.obj        812    0         8      
       Clock.obj                     480    0         48     
       Reflectance.obj               480    32        0      
       Motor.obj                     432    0         0      
       Lab3_Timersmain.obj           312    0         8      
       LaunchPad.obj                 244    0         0      
       startup_msp432p401r_ccs.obj   14     228       0      
       PWM.obj                       236    0         0      
       Bump.obj                      204    0         0      
       TimerA1.obj                   168    0         8      
       CortexM.obj                   36     0         0      
    +--+-----------------------------+------+---------+---------+
       Total:                        5002   260       106    
                                                             
    C:\ti\ccsv7\tools\compiler\ti-cgt-arm_16.9.6.LTS\lib\rtsv7M4_T_le_v4SPD16_eabi.lib
       memcpy_t2.obj                 156    0         0      
       memset_t2.obj                 122    0         0      
       autoinit.obj                  112    0         0      
       exit.obj                      84     0         24     
       copy_decompress_lzss.obj      104    0         0      
       boot.obj                      84     0         0      
       cpy_tbl.obj                   76     0         0      
       _lock.obj                     20     0         16     
       args_main.obj                 24     0         0      
       copy_decompress_none.obj      14     0         0      
       copy_zero_init.obj            12     0         0      
       stkdepth_vars.obj             0      0         8      
       pre_init.obj                  4      0         0      
       mpu_init.obj                  2      0         0      
       startup.obj                   2      0         0      
    +--+-----------------------------+------+---------+---------+
       Total:                        816    0         48     
                                                             
       Stack:                        0      0         1024   
       Linker Generated:             0      59        0      
    +--+-----------------------------+------+---------+---------+
       Grand Total:                  5818   319       1178   


LINKER GENERATED COPY TABLES

__TI_cinit_table @ 000017f0 records: 2, size/record: 8, table size: 16
	.data: load addr=000017c0, load size=00000017 bytes, run addr=20000000, run size=00000042 bytes, compression=lzss
	.bss: load addr=000017e8, load size=00000008 bytes, run addr=20000044, run size=0000000b bytes, compression=zero_init


LINKER GENERATED HANDLER TABLE

__TI_handler_table @ 000017d8 records: 3, size/record: 4, table size: 12
	index: 0, handler: __TI_decompress_lzss
	index: 1, handler: __TI_decompress_none
	index: 2, handler: __TI_zero_init


GLOBAL SYMBOLS: SORTED ALPHABETICALLY BY Name 

address   name                           
-------   ----                           
0000178b  ADC14_IRQHandler               
00000475  ADC_Init                       
0000178b  AES256_IRQHandler              
000012c9  Bump_Init                      
00001331  Bump_Read                      
0000178b  BusFault_Handler               
00001681  C$$EXIT                        
0000178b  COMP_E0_IRQHandler             
0000178b  COMP_E1_IRQHandler             
20000008  CPMwait                        
0000178b  CS_IRQHandler                  
20000000  ClockFrequency                 
00000b95  Clock_Delay1ms                 
00000b6b  Clock_Delay1us                 
00000b57  Clock_GetFreq                  
00000a41  Clock_Init48MHz                
20000014  Crystalstable                  
0000178b  DMA_ERR_IRQHandler             
0000178b  DMA_INT0_IRQHandler            
0000178b  DMA_INT1_IRQHandler            
0000178b  DMA_INT2_IRQHandler            
0000178b  DMA_INT3_IRQHandler            
0000178b  DebugMon_Handler               
0000178b  Default_Handler                
00001721  DisableInterrupts              
0000178b  EUSCIA0_IRQHandler             
0000178b  EUSCIA1_IRQHandler             
0000178b  EUSCIA2_IRQHandler             
0000178b  EUSCIA3_IRQHandler             
0000178b  EUSCIB0_IRQHandler             
0000178b  EUSCIB1_IRQHandler             
0000178b  EUSCIB2_IRQHandler             
0000178b  EUSCIB3_IRQHandler             
00001727  EnableInterrupts               
00001737  EndCritical                    
0000178b  FLCTL_IRQHandler               
0000178b  FPU_IRQHandler                 
0000178b  HardFault_Handler              
20000010  IFlags                         
000010e9  LaunchPad_Init                 
00001159  LaunchPad_Input                
00001173  LaunchPad_LED                  
00001191  LaunchPad_Output               
000000e5  LogicAnalyzer                  
000000ef  LogicAnalyzer_P1               
000001c5  LogicAnalyzer_P10              
000000fd  LogicAnalyzer_P2               
0000010b  LogicAnalyzer_P2_7654          
0000011b  LogicAnalyzer_P3               
00000129  LogicAnalyzer_P4               
00000147  LogicAnalyzer_P4_765320        
00000137  LogicAnalyzer_P4_765432        
0000017f  LogicAnalyzer_P5               
0000018d  LogicAnalyzer_P6               
0000019b  LogicAnalyzer_P7               
000001a9  LogicAnalyzer_P8               
000001b7  LogicAnalyzer_P9               
2000004c  LogicData                      
0000178b  MemManage_Handler              
00000f51  Motor_Backward                 
00000ead  Motor_Forward                  
00000e01  Motor_Init                     
00000f17  Motor_Left                     
00000edd  Motor_Right                    
00000e89  Motor_Stop                     
0000178b  NMI_Handler                    
0000178b  PCM_IRQHandler                 
0000178b  PORT1_IRQHandler               
0000178b  PORT2_IRQHandler               
0000178b  PORT3_IRQHandler               
00000fb1  PORT4_IRQHandler               
00000fb1  PORT4_IRQHandler               
0000178b  PORT5_IRQHandler               
0000178b  PORT6_IRQHandler               
0000178b  PSS_IRQHandler                 
00001261  PWM_Duty3                      
00001281  PWM_Duty4                      
000011dd  PWM_Init34                     
0000178b  PendSV_Handler                 
20000044  PeriodicTask2                  
00000257  PeriodicTask2_Init             
000002d1  PeriodicTask2_Stop             
00000c31  Port5_Init                     
00000c8b  Port7_Init                     
00000cad  Port7_InitToInput              
00000c9f  Port7_Output_ChargeCap         
00000c5b  Port9_Init                     
2000000c  Postwait                       
20000004  Prewait                        
0000178b  RTC_C_IRQHandler               
00000d03  Reflectance_Center             
00000d9b  Reflectance_End                
00000c21  Reflectance_Init               
00000d23  Reflectance_Position           
00000cb5  Reflectance_Read               
00000d75  Reflectance_Start              
0000177f  Reset_Handler                  
UNDEFED   SHT$$INIT_ARRAY$$Base          
UNDEFED   SHT$$INIT_ARRAY$$Limit         
0000178b  SVC_Handler                    
000001d3  Scope                          
0000172d  StartCritical                  
00000fc7  SysTick_Handler                
00000fc7  SysTick_Handler                
2000003c  SystemCoreClock                
00000715  SystemCoreClockUpdate          
00000989  SystemInit                     
000002c1  T32_INT1_IRQHandler            
000002c1  T32_INT1_IRQHandler            
0000178b  T32_INT2_IRQHandler            
0000178b  T32_INTC_IRQHandler            
0000178b  TA0_0_IRQHandler               
0000178b  TA0_N_IRQHandler               
00001407  TA1_0_IRQHandler               
00001407  TA1_0_IRQHandler               
0000178b  TA1_N_IRQHandler               
0000178b  TA2_0_IRQHandler               
0000178b  TA2_N_IRQHandler               
0000178b  TA3_0_IRQHandler               
0000178b  TA3_N_IRQHandler               
00000413  TExaS_Clear0                   
0000041f  TExaS_Clear1                   
0000042b  TExaS_Clear2                   
00000437  TExaS_Clear3                   
00000443  TExaS_Clear4                   
00000445  TExaS_Clear5                   
00000451  TExaS_Clear6                   
00000551  TExaS_Init                     
20000028  TExaS_ScopeErrConflict         
20000024  TExaS_ScopeErrLostData         
2000002c  TExaS_ScopeWrnReconfig         
000003b1  TExaS_Set                      
000003c9  TExaS_Set0                     
000003d5  TExaS_Set1                     
000003e1  TExaS_Set2                     
000003ed  TExaS_Set3                     
000003f9  TExaS_Set4                     
000003fb  TExaS_Set5                     
00000407  TExaS_Set6                     
000006b1  TExaS_Stop                     
00000367  TExaS_Task0                    
00000373  TExaS_Task1                    
0000037f  TExaS_Task2                    
0000038b  TExaS_Task3                    
00000397  TExaS_Task4                    
00000399  TExaS_Task5                    
000003a5  TExaS_Task6                    
00001015  Task                           
00001005  TimedPause                     
20000048  TimerA1Task                    
00001395  TimerA1_Init                   
000013f3  TimerA1_Stop                   
0000033b  UART_InChar                    
000002e1  UART_Init                      
0000034b  UART_OutChar                   
0000178b  UsageFault_Handler             
4000480c  WDTCTL_SYM                     
0000178b  WDT_A_IRQHandler               
0000173f  WaitForInterrupt               
20010000  __STACK_END                    
00000200  __STACK_SIZE                   
000017f0  __TI_CINIT_Base                
00001800  __TI_CINIT_Limit               
000017d8  __TI_Handler_Table_Base        
000017e4  __TI_Handler_Table_Limit       
00001555  __TI_auto_init                 
20000018  __TI_cleanup_ptr               
000015c5  __TI_decompress_lzss           
00001771  __TI_decompress_none           
2000001c  __TI_dtors_ptr                 
20000020  __TI_enable_exit_profile_output
ffffffff  __TI_pprof_out_hndl            
ffffffff  __TI_prof_data_size            
ffffffff  __TI_prof_data_start           
00000000  __TI_static_base__             
0000178d  __TI_zero_init                 
000014d9  __aeabi_memclr                 
000014d9  __aeabi_memclr4                
000014d9  __aeabi_memclr8                
0000143d  __aeabi_memcpy                 
0000143d  __aeabi_memcpy4                
0000143d  __aeabi_memcpy8                
000014db  __aeabi_memset                 
000014db  __aeabi_memset4                
000014db  __aeabi_memset8                
ffffffff  __binit__                      
ffffffff  __c_args__                     
00001553  __mpu_init                     
2000fe00  __stack                        
00001745  _args_main                     
0000162d  _c_int00                       
20000030  _lock                          
0000176b  _nop                           
00001763  _register_lock                 
0000175d  _register_unlock               
0000179d  _system_post_cinit             
00001799  _system_pre_init               
20000034  _unlock                        
00001685  abort                          
ffffffff  binit                          
2000004d  bump_data                      
000016d5  copy_in                        
00000b5d  delay                          
0000168d  exit                           
00000000  interruptVectors               
0000104d  main                           
20000038  main_func_sp                   
0000143d  memcpy                         
000014e1  memset                         
2000004e  reflectance_data               


GLOBAL SYMBOLS: SORTED BY Symbol Address 

address   name                           
-------   ----                           
00000000  __TI_static_base__             
00000000  interruptVectors               
000000e5  LogicAnalyzer                  
000000ef  LogicAnalyzer_P1               
000000fd  LogicAnalyzer_P2               
0000010b  LogicAnalyzer_P2_7654          
0000011b  LogicAnalyzer_P3               
00000129  LogicAnalyzer_P4               
00000137  LogicAnalyzer_P4_765432        
00000147  LogicAnalyzer_P4_765320        
0000017f  LogicAnalyzer_P5               
0000018d  LogicAnalyzer_P6               
0000019b  LogicAnalyzer_P7               
000001a9  LogicAnalyzer_P8               
000001b7  LogicAnalyzer_P9               
000001c5  LogicAnalyzer_P10              
000001d3  Scope                          
00000200  __STACK_SIZE                   
00000257  PeriodicTask2_Init             
000002c1  T32_INT1_IRQHandler            
000002c1  T32_INT1_IRQHandler            
000002d1  PeriodicTask2_Stop             
000002e1  UART_Init                      
0000033b  UART_InChar                    
0000034b  UART_OutChar                   
00000367  TExaS_Task0                    
00000373  TExaS_Task1                    
0000037f  TExaS_Task2                    
0000038b  TExaS_Task3                    
00000397  TExaS_Task4                    
00000399  TExaS_Task5                    
000003a5  TExaS_Task6                    
000003b1  TExaS_Set                      
000003c9  TExaS_Set0                     
000003d5  TExaS_Set1                     
000003e1  TExaS_Set2                     
000003ed  TExaS_Set3                     
000003f9  TExaS_Set4                     
000003fb  TExaS_Set5                     
00000407  TExaS_Set6                     
00000413  TExaS_Clear0                   
0000041f  TExaS_Clear1                   
0000042b  TExaS_Clear2                   
00000437  TExaS_Clear3                   
00000443  TExaS_Clear4                   
00000445  TExaS_Clear5                   
00000451  TExaS_Clear6                   
00000475  ADC_Init                       
00000551  TExaS_Init                     
000006b1  TExaS_Stop                     
00000715  SystemCoreClockUpdate          
00000989  SystemInit                     
00000a41  Clock_Init48MHz                
00000b57  Clock_GetFreq                  
00000b5d  delay                          
00000b6b  Clock_Delay1us                 
00000b95  Clock_Delay1ms                 
00000c21  Reflectance_Init               
00000c31  Port5_Init                     
00000c5b  Port9_Init                     
00000c8b  Port7_Init                     
00000c9f  Port7_Output_ChargeCap         
00000cad  Port7_InitToInput              
00000cb5  Reflectance_Read               
00000d03  Reflectance_Center             
00000d23  Reflectance_Position           
00000d75  Reflectance_Start              
00000d9b  Reflectance_End                
00000e01  Motor_Init                     
00000e89  Motor_Stop                     
00000ead  Motor_Forward                  
00000edd  Motor_Right                    
00000f17  Motor_Left                     
00000f51  Motor_Backward                 
00000fb1  PORT4_IRQHandler               
00000fb1  PORT4_IRQHandler               
00000fc7  SysTick_Handler                
00000fc7  SysTick_Handler                
00001005  TimedPause                     
00001015  Task                           
0000104d  main                           
000010e9  LaunchPad_Init                 
00001159  LaunchPad_Input                
00001173  LaunchPad_LED                  
00001191  LaunchPad_Output               
000011dd  PWM_Init34                     
00001261  PWM_Duty3                      
00001281  PWM_Duty4                      
000012c9  Bump_Init                      
00001331  Bump_Read                      
00001395  TimerA1_Init                   
000013f3  TimerA1_Stop                   
00001407  TA1_0_IRQHandler               
00001407  TA1_0_IRQHandler               
0000143d  __aeabi_memcpy                 
0000143d  __aeabi_memcpy4                
0000143d  __aeabi_memcpy8                
0000143d  memcpy                         
000014d9  __aeabi_memclr                 
000014d9  __aeabi_memclr4                
000014d9  __aeabi_memclr8                
000014db  __aeabi_memset                 
000014db  __aeabi_memset4                
000014db  __aeabi_memset8                
000014e1  memset                         
00001553  __mpu_init                     
00001555  __TI_auto_init                 
000015c5  __TI_decompress_lzss           
0000162d  _c_int00                       
00001681  C$$EXIT                        
00001685  abort                          
0000168d  exit                           
000016d5  copy_in                        
00001721  DisableInterrupts              
00001727  EnableInterrupts               
0000172d  StartCritical                  
00001737  EndCritical                    
0000173f  WaitForInterrupt               
00001745  _args_main                     
0000175d  _register_unlock               
00001763  _register_lock                 
0000176b  _nop                           
00001771  __TI_decompress_none           
0000177f  Reset_Handler                  
0000178b  ADC14_IRQHandler               
0000178b  AES256_IRQHandler              
0000178b  BusFault_Handler               
0000178b  COMP_E0_IRQHandler             
0000178b  COMP_E1_IRQHandler             
0000178b  CS_IRQHandler                  
0000178b  DMA_ERR_IRQHandler             
0000178b  DMA_INT0_IRQHandler            
0000178b  DMA_INT1_IRQHandler            
0000178b  DMA_INT2_IRQHandler            
0000178b  DMA_INT3_IRQHandler            
0000178b  DebugMon_Handler               
0000178b  Default_Handler                
0000178b  EUSCIA0_IRQHandler             
0000178b  EUSCIA1_IRQHandler             
0000178b  EUSCIA2_IRQHandler             
0000178b  EUSCIA3_IRQHandler             
0000178b  EUSCIB0_IRQHandler             
0000178b  EUSCIB1_IRQHandler             
0000178b  EUSCIB2_IRQHandler             
0000178b  EUSCIB3_IRQHandler             
0000178b  FLCTL_IRQHandler               
0000178b  FPU_IRQHandler                 
0000178b  HardFault_Handler              
0000178b  MemManage_Handler              
0000178b  NMI_Handler                    
0000178b  PCM_IRQHandler                 
0000178b  PORT1_IRQHandler               
0000178b  PORT2_IRQHandler               
0000178b  PORT3_IRQHandler               
0000178b  PORT5_IRQHandler               
0000178b  PORT6_IRQHandler               
0000178b  PSS_IRQHandler                 
0000178b  PendSV_Handler                 
0000178b  RTC_C_IRQHandler               
0000178b  SVC_Handler                    
0000178b  T32_INT2_IRQHandler            
0000178b  T32_INTC_IRQHandler            
0000178b  TA0_0_IRQHandler               
0000178b  TA0_N_IRQHandler               
0000178b  TA1_N_IRQHandler               
0000178b  TA2_0_IRQHandler               
0000178b  TA2_N_IRQHandler               
0000178b  TA3_0_IRQHandler               
0000178b  TA3_N_IRQHandler               
0000178b  UsageFault_Handler             
0000178b  WDT_A_IRQHandler               
0000178d  __TI_zero_init                 
00001799  _system_pre_init               
0000179d  _system_post_cinit             
000017d8  __TI_Handler_Table_Base        
000017e4  __TI_Handler_Table_Limit       
000017f0  __TI_CINIT_Base                
00001800  __TI_CINIT_Limit               
20000000  ClockFrequency                 
20000004  Prewait                        
20000008  CPMwait                        
2000000c  Postwait                       
20000010  IFlags                         
20000014  Crystalstable                  
20000018  __TI_cleanup_ptr               
2000001c  __TI_dtors_ptr                 
20000020  __TI_enable_exit_profile_output
20000024  TExaS_ScopeErrLostData         
20000028  TExaS_ScopeErrConflict         
2000002c  TExaS_ScopeWrnReconfig         
20000030  _lock                          
20000034  _unlock                        
20000038  main_func_sp                   
2000003c  SystemCoreClock                
20000044  PeriodicTask2                  
20000048  TimerA1Task                    
2000004c  LogicData                      
2000004d  bump_data                      
2000004e  reflectance_data               
2000fe00  __stack                        
20010000  __STACK_END                    
4000480c  WDTCTL_SYM                     
ffffffff  __TI_pprof_out_hndl            
ffffffff  __TI_prof_data_size            
ffffffff  __TI_prof_data_start           
ffffffff  __binit__                      
ffffffff  __c_args__                     
ffffffff  binit                          
UNDEFED   SHT$$INIT_ARRAY$$Base          
UNDEFED   SHT$$INIT_ARRAY$$Limit         

[210 symbols]
